Clock: clk
Sources: wb_clk_i 
Generated: no
Virtual: yes
Propagated: no
Period: 19.000000

===========================================================================
report_clock_properties
============================================================================
Clock                   Period          Waveform
----------------------------------------------------
clk                  19.000000    0.000000  9.500000

===========================================================================
report_clock_latency
============================================================================
Clock clk
rise -> rise
    min     max
4.650000 5.570000 source latency
5.494961         network latency _25011_/CLK
        6.645714 network latency _24929_/CLK
---------------
10.144960 12.215714 latency
        2.070753 skew

fall -> fall
    min     max
4.650000 5.570000 source latency
5.633136         network latency _25011_/CLK
        6.756156 network latency _24929_/CLK
---------------
10.283136 12.326157 latency
        2.043020 skew



===========================================================================
report_clock_min_period
============================================================================
clk period_min = 4.94 fmax = 202.30
