
===========================================================================
 report_power
============================================================================
======================= nom_ss_100C_1v60 Corner ===================================

Group                    Internal    Switching      Leakage        Total
                            Power        Power        Power        Power (Watts)
------------------------------------------------------------------------
Sequential           2.210644e-04 1.849395e-06 9.715936e-07 2.238854e-04  35.4%
Combinational        2.592285e-05 3.614890e-05 2.727579e-06 6.479933e-05  10.2%
Clock                1.872294e-04 1.571109e-04 2.505096e-07 3.445907e-04  54.4%
Macro                0.000000e+00 0.000000e+00 0.000000e+00 0.000000e+00   0.0%
Pad                  0.000000e+00 0.000000e+00 0.000000e+00 0.000000e+00   0.0%
------------------------------------------------------------------------
Total                4.342166e-04 1.951093e-04 3.949684e-06 6.332755e-04 100.0%
                            68.6%        30.8%         0.6%

