Clock: clk
Sources: clk 
Generated: no
Virtual: yes
Propagated: no
Period: 10.000000

===========================================================================
report_clock_properties
============================================================================
Clock                   Period          Waveform
----------------------------------------------------
clk                  10.000000    0.000000  5.000000

===========================================================================
report_clock_latency
============================================================================
Clock clk
rise -> rise
    min     max
0.000000 0.000000 source latency
0.362728         network latency _1459_/CLK
        0.403537 network latency _1324_/CLK
---------------
0.362728 0.403537 latency
        0.040809 skew

fall -> fall
    min     max
0.000000 0.000000 source latency
0.363874         network latency _1459_/CLK
        0.394843 network latency _1324_/CLK
---------------
0.363874 0.394843 latency
        0.030969 skew



===========================================================================
report_clock_min_period
============================================================================
clk period_min = 2.95 fmax = 339.13
