
===========================================================================
 report_power
============================================================================
======================= max_ff_n40C_1v95 Corner ===================================

Group                    Internal    Switching      Leakage        Total
                            Power        Power        Power        Power (Watts)
------------------------------------------------------------------------
Sequential           1.330977e-03 9.912485e-06 5.054754e-09 1.340895e-03  50.4%
Combinational        6.473310e-05 2.582529e-05 1.703732e-08 9.057544e-05   3.4%
Clock                5.678562e-04 6.626166e-04 2.780372e-09 1.230476e-03  46.2%
Macro                0.000000e+00 0.000000e+00 0.000000e+00 0.000000e+00   0.0%
Pad                  0.000000e+00 0.000000e+00 0.000000e+00 0.000000e+00   0.0%
------------------------------------------------------------------------
Total                1.963567e-03 6.983548e-04 2.487251e-08 2.661947e-03 100.0%
                            73.8%        26.2%         0.0%

