
===========================================================================
report_checks -unconstrained
===========================================================================
======================= nom_ff_n40C_1v95 Corner ===================================

Startpoint: _8854_ (rising edge-triggered flip-flop clocked by mem_sys_clk)
Endpoint: rd_buff_rdata[20] (output port clocked by mem_sys_clk)
Path Group: mem_sys_clk
Path Type: max

Fanout         Cap        Slew       Delay        Time   Description
---------------------------------------------------------------------------------------------
                                  0.000000    0.000000   clock mem_sys_clk (rise edge)
                                  0.000000    0.000000   clock source latency
     2    0.023915    0.000000    0.000000    0.000000 ^ mem_sys_clk (in)
                                                         mem_sys_clk (net)
                      0.000907    0.000454    0.000454 ^ wire1/A (sky130_fd_sc_hd__clkbuf_2)
     3    0.026712    0.114576    0.115833    0.116287 ^ wire1/X (sky130_fd_sc_hd__clkbuf_2)
                                                         net1178 (net)
                      0.114659    0.002510    0.118797 ^ clkbuf_0_mem_sys_clk/A (sky130_fd_sc_hd__clkbuf_16)
     7    0.034529    0.041966    0.116076    0.234873 ^ clkbuf_0_mem_sys_clk/X (sky130_fd_sc_hd__clkbuf_16)
                                                         clknet_0_mem_sys_clk (net)
                      0.041991    0.000608    0.235481 ^ max_length6/A (sky130_fd_sc_hd__clkbuf_2)
     5    0.036710    0.155105    0.154568    0.390048 ^ max_length6/X (sky130_fd_sc_hd__clkbuf_2)
                                                         net1183 (net)
                      0.155167    0.002556    0.392604 ^ wire3/A (sky130_fd_sc_hd__buf_2)
     9    0.049297    0.181710    0.198343    0.590947 ^ wire3/X (sky130_fd_sc_hd__buf_2)
                                                         net1180 (net)
                      0.181728    0.001504    0.592451 ^ clkbuf_4_12_0_mem_sys_clk/A (sky130_fd_sc_hd__clkbuf_8)
    21    0.098390    0.133230    0.188888    0.781339 ^ clkbuf_4_12_0_mem_sys_clk/X (sky130_fd_sc_hd__clkbuf_8)
                                                         clknet_4_12_0_mem_sys_clk (net)
                      0.133258    0.001617    0.782956 ^ clkbuf_leaf_81_mem_sys_clk/A (sky130_fd_sc_hd__clkbuf_8)
     6    0.029373    0.049501    0.123713    0.906669 ^ clkbuf_leaf_81_mem_sys_clk/X (sky130_fd_sc_hd__clkbuf_8)
                                                         clknet_leaf_81_mem_sys_clk (net)
                      0.049505    0.000473    0.907142 ^ _8854_/CLK (sky130_fd_sc_hd__dfrtp_1)
     2    0.011234    0.081615    0.243364    1.150506 ^ _8854_/Q (sky130_fd_sc_hd__dfrtp_1)
                                                         buffers_i.READ_BUFFER[2].rd_buffer.rdptr[0] (net)
                      0.081615    0.000286    1.150792 ^ hold1147/A (sky130_fd_sc_hd__dlygate4sd3_1)
     1    0.005140    0.053080    0.393615    1.544407 ^ hold1147/X (sky130_fd_sc_hd__dlygate4sd3_1)
                                                         net2330 (net)
                      0.053080    0.000102    1.544510 ^ fanout749/A (sky130_fd_sc_hd__buf_6)
     6    0.020878    0.038984    0.077174    1.621684 ^ fanout749/X (sky130_fd_sc_hd__buf_6)
                                                         net749 (net)
                      0.038985    0.000252    1.621937 ^ max_length752/A (sky130_fd_sc_hd__clkbuf_2)
     9    0.043081    0.181072    0.170681    1.792618 ^ max_length752/X (sky130_fd_sc_hd__clkbuf_2)
                                                         net752 (net)
                      0.181123    0.002505    1.795123 ^ max_length751/A (sky130_fd_sc_hd__clkbuf_2)
     4    0.028629    0.123102    0.157412    1.952535 ^ max_length751/X (sky130_fd_sc_hd__clkbuf_2)
                                                         net751 (net)
                      0.123135    0.001647    1.954182 ^ wire750/A (sky130_fd_sc_hd__buf_2)
     5    0.040476    0.150106    0.174383    2.128565 ^ wire750/X (sky130_fd_sc_hd__buf_2)
                                                         net750 (net)
                      0.150141    0.001917    2.130482 ^ fanout746/A (sky130_fd_sc_hd__buf_6)
     5    0.033644    0.057616    0.101762    2.232245 ^ fanout746/X (sky130_fd_sc_hd__buf_6)
                                                         net746 (net)
                      0.057628    0.000820    2.233065 ^ wire748/A (sky130_fd_sc_hd__buf_2)
     6    0.037866    0.141048    0.153044    2.386109 ^ wire748/X (sky130_fd_sc_hd__buf_2)
                                                         net748 (net)
                      0.141066    0.001334    2.387443 ^ max_length747/A (sky130_fd_sc_hd__buf_4)
     7    0.045957    0.099854    0.144571    2.532013 ^ max_length747/X (sky130_fd_sc_hd__buf_4)
                                                         net747 (net)
                      0.099936    0.001713    2.533726 ^ _4262_/S0 (sky130_fd_sc_hd__mux4_1)
     1    0.004246    0.070395    0.285295    2.819021 v _4262_/X (sky130_fd_sc_hd__mux4_1)
                                                         _1641_ (net)
                      0.070395    0.000163    2.819185 v _4263_/A3 (sky130_fd_sc_hd__mux4_2)
     1    0.015301    0.086976    0.311405    3.130590 v _4263_/X (sky130_fd_sc_hd__mux4_2)
                                                         net348 (net)
                      0.086997    0.001208    3.131797 v wire581/A (sky130_fd_sc_hd__clkbuf_2)
     1    0.020862    0.059121    0.123971    3.255768 v wire581/X (sky130_fd_sc_hd__clkbuf_2)
                                                         net581 (net)
                      0.059204    0.001963    3.257732 v output348/A (sky130_fd_sc_hd__buf_8)
     1    0.100926    0.058874    0.126727    3.384459 v output348/X (sky130_fd_sc_hd__buf_8)
                                                         rd_buff_rdata[20] (net)
                      0.059033    0.002236    3.386695 v rd_buff_rdata[20] (out)
                                              3.386695   data arrival time

                                 14.000000   14.000000   clock mem_sys_clk (rise edge)
                                  0.000000   14.000000   clock network delay (propagated)
                                 -0.250000   13.750000   clock uncertainty
                                  0.000000   13.750000   clock reconvergence pessimism
                                 -2.000000   11.750000   output external delay
                                             11.750000   data required time
---------------------------------------------------------------------------------------------
                                             11.750000   data required time
                                             -3.386695   data arrival time
---------------------------------------------------------------------------------------------
                                              8.363304   slack (MET)




===========================================================================
report_checks --slack_max -0.01
============================================================================
======================= nom_ff_n40C_1v95 Corner ===================================

No paths found.


===========================================================================
 report_check_types -max_slew -max_cap -max_fanout -violators
============================================================================
======================= nom_ff_n40C_1v95 Corner ===================================

max fanout

Pin                                   Limit Fanout  Slack
---------------------------------------------------------
fanout1143/X                             16     33    -17 (VIOLATED)
fanout1147/X                             16     33    -17 (VIOLATED)
fanout1160/X                             16     33    -17 (VIOLATED)
fanout541/X                              16     33    -17 (VIOLATED)
fanout561/X                              16     33    -17 (VIOLATED)
fanout600/X                              16     33    -17 (VIOLATED)
fanout669/X                              16     33    -17 (VIOLATED)
fanout672/X                              16     33    -17 (VIOLATED)
fanout673/X                              16     33    -17 (VIOLATED)
fanout684/X                              16     33    -17 (VIOLATED)
fanout687/X                              16     33    -17 (VIOLATED)
fanout725/X                              16     33    -17 (VIOLATED)
fanout729/X                              16     33    -17 (VIOLATED)
fanout730/X                              16     33    -17 (VIOLATED)
fanout740/X                              16     33    -17 (VIOLATED)
fanout953/X                              16     33    -17 (VIOLATED)
fanout954/X                              16     31    -15 (VIOLATED)
fanout819/X                              16     29    -13 (VIOLATED)
fanout823/X                              16     29    -13 (VIOLATED)
clkbuf_4_6_0_mem_sys_clk/X               16     25     -9 (VIOLATED)
clkbuf_4_8_0_mem_sys_clk/X               16     25     -9 (VIOLATED)
clkbuf_4_9_0_mem_sys_clk/X               16     25     -9 (VIOLATED)
fanout1071/X                             16     25     -9 (VIOLATED)
clkbuf_4_14_0_mem_sys_clk/X              16     23     -7 (VIOLATED)
clkbuf_4_15_0_mem_sys_clk/X              16     23     -7 (VIOLATED)
clkbuf_4_1_0_mem_sys_clk/X               16     23     -7 (VIOLATED)
fanout565/X                              16     23     -7 (VIOLATED)
_5207_/X                                 16     21     -5 (VIOLATED)
clkbuf_4_11_0_mem_sys_clk/X              16     21     -5 (VIOLATED)
clkbuf_4_12_0_mem_sys_clk/X              16     21     -5 (VIOLATED)
clkbuf_4_2_0_mem_sys_clk/X               16     21     -5 (VIOLATED)
clkbuf_4_3_0_mem_sys_clk/X               16     21     -5 (VIOLATED)
clkbuf_4_4_0_mem_sys_clk/X               16     21     -5 (VIOLATED)
wire604/X                                16     21     -5 (VIOLATED)
_4651_/X                                 16     19     -3 (VIOLATED)
_4962_/X                                 16     19     -3 (VIOLATED)
clkbuf_4_0_0_mem_sys_clk/X               16     19     -3 (VIOLATED)
clkbuf_4_10_0_mem_sys_clk/X              16     19     -3 (VIOLATED)
clkbuf_4_5_0_mem_sys_clk/X               16     19     -3 (VIOLATED)
clkbuf_4_7_0_mem_sys_clk/X               16     19     -3 (VIOLATED)
fanout793/X                              16     19     -3 (VIOLATED)
_4669_/Y                                 16     17        (VIOLATED)
_4686_/Y                                 16     17        (VIOLATED)
_4836_/Y                                 16     17        (VIOLATED)
_4855_/Y                                 16     17        (VIOLATED)
_4873_/Y                                 16     17        (VIOLATED)
_4980_/Y                                 16     17        (VIOLATED)
_4997_/Y                                 16     17        (VIOLATED)
_5014_/Y                                 16     17        (VIOLATED)
_5918_/Y                                 16     17        (VIOLATED)
_6436_/X                                 16     17        (VIOLATED)
_6516_/X                                 16     17        (VIOLATED)
_6534_/Y                                 16     17        (VIOLATED)
_6552_/Y                                 16     17        (VIOLATED)
_6639_/Y                                 16     17        (VIOLATED)
_6656_/Y                                 16     17        (VIOLATED)
_7069_/X                                 16     17        (VIOLATED)
clkbuf_4_13_0_mem_sys_clk/X              16     17        (VIOLATED)
input10/X                                16     17        (VIOLATED)
wire28/X                                 16     17        (VIOLATED)



===========================================================================
report_parasitic_annotation -report_unannotated
============================================================================
Found 142 unannotated drivers.
 clkload0/Y
 clkload1/Y
 clkload10/Y
 clkload100/Y
 clkload101/X
 clkload102/Y
 clkload103/Y
 clkload104/Y
 clkload105/Y
 clkload106/Y
 clkload107/Y
 clkload108/Y
 clkload109/Y
 clkload11/Y
 clkload110/Y
 clkload111/Y
 clkload112/Y
 clkload113/Y
 clkload114/Y
 clkload115/Y
 clkload116/X
 clkload117/Y
 clkload118/X
 clkload119/Y
 clkload12/Y
 clkload120/Y
 clkload121/Y
 clkload122/Y
 clkload123/Y
 clkload124/Y
 clkload125/Y
 clkload126/Y
 clkload127/X
 clkload128/Y
 clkload129/X
 clkload13/Y
 clkload130/X
 clkload131/Y
 clkload132/Y
 clkload133/Y
 clkload134/Y
 clkload135/X
 clkload136/Y
 clkload137/X
 clkload138/X
 clkload139/Y
 clkload14/Y
 clkload140/X
 clkload141/X
 clkload15/Y
 clkload16/Y
 clkload17/Y
 clkload18/Y
 clkload19/Y
 clkload2/Y
 clkload20/Y
 clkload21/Y
 clkload22/Y
 clkload23/X
 clkload24/Y
 clkload25/X
 clkload26/Y
 clkload27/Y
 clkload28/X
 clkload29/Y
 clkload3/Y
 clkload30/Y
 clkload31/X
 clkload32/Y
 clkload33/X
 clkload34/Y
 clkload35/Y
 clkload36/Y
 clkload37/X
 clkload38/Y
 clkload39/X
 clkload4/Y
 clkload40/Y
 clkload41/X
 clkload42/Y
 clkload43/Y
 clkload44/Y
 clkload45/X
 clkload46/Y
 clkload47/X
 clkload48/X
 clkload49/Y
 clkload5/Y
 clkload50/Y
 clkload51/Y
 clkload52/Y
 clkload53/Y
 clkload54/Y
 clkload55/X
 clkload56/Y
 clkload57/X
 clkload58/Y
 clkload59/X
 clkload6/Y
 clkload60/Y
 clkload61/X
 clkload62/Y
 clkload63/Y
 clkload64/Y
 clkload65/X
 clkload66/Y
 clkload67/X
 clkload68/X
 clkload69/Y
 clkload7/X
 clkload70/Y
 clkload71/Y
 clkload72/Y
 clkload73/X
 clkload74/X
 clkload75/Y
 clkload76/Y
 clkload77/Y
 clkload78/X
 clkload79/Y
 clkload8/X
 clkload80/Y
 clkload81/Y
 clkload82/X
 clkload83/X
 clkload84/Y
 clkload85/Y
 clkload86/X
 clkload87/Y
 clkload88/Y
 clkload89/Y
 clkload9/Y
 clkload90/Y
 clkload91/X
 clkload92/Y
 clkload93/Y
 clkload94/Y
 clkload95/Y
 clkload96/Y
 clkload97/Y
 clkload98/Y
 clkload99/Y
Found 0 partially unannotated drivers.

===========================================================================
max slew violation count 0
max fanout violation count 60
max cap violation count 0
============================================================================

===========================================================================
check_setup -verbose -unconstrained_endpoints -multiple_clock -no_clock -no_input_delay -loops -generated_clocks
===========================================================================
Warning: There are 11 input ports missing set_input_delay.
  arst_n
  main_mem_rd_data[0]
  main_mem_rd_data[1]
  main_mem_rd_data[2]
  main_mem_rd_data[3]
  main_mem_rd_data[4]
  main_mem_rd_data[5]
  main_mem_rd_data[6]
  main_mem_rd_data[7]
  main_mem_rd_data_valid
  main_mem_wr_data_ack
