Clock: mem_sys_clk
Sources: mem_sys_clk 
Generated: no
Virtual: yes
Propagated: no
Period: 14.000000

===========================================================================
report_clock_properties
============================================================================
Clock                   Period          Waveform
----------------------------------------------------
mem_sys_clk          14.000000    0.000000  7.000000

===========================================================================
report_clock_latency
============================================================================
Clock mem_sys_clk
rise -> rise
    min     max
0.000000 0.000000 source latency
0.746777         network latency _8477_/CLK
        0.968053 network latency _7950_/CLK
---------------
0.746777 0.968053 latency
        0.221276 skew

fall -> fall
    min     max
0.000000 0.000000 source latency
0.654984         network latency _8868_/CLK
        0.846372 network latency _8173_/CLK
---------------
0.654984 0.846372 latency
        0.191388 skew



===========================================================================
report_clock_min_period
============================================================================
mem_sys_clk period_min = 3.29 fmax = 304.31
