
===========================================================================
report_checks -unconstrained
===========================================================================
======================= min_ff_n40C_1v95 Corner ===================================

Startpoint: _1513_ (rising edge-triggered flip-flop clocked by clk)
Endpoint: _1455_ (rising edge-triggered flip-flop clocked by clk)
Path Group: clk
Path Type: max

Fanout         Cap        Slew       Delay        Time   Description
---------------------------------------------------------------------------------------------
                                  0.000000    0.000000   clock clk (rise edge)
                                  0.000000    0.000000   clock source latency
     2    0.034573    0.000000    0.000000    0.000000 ^ clk (in)
                                                         clk (net)
                      0.002752    0.001376    0.001376 ^ clkbuf_0_clk/A (sky130_fd_sc_hd__clkbuf_16)
     9    0.076739    0.071793    0.108678    0.110054 ^ clkbuf_0_clk/X (sky130_fd_sc_hd__clkbuf_16)
                                                         clknet_0_clk (net)
                      0.071843    0.001513    0.111567 ^ clkbuf_2_1__f_clk/A (sky130_fd_sc_hd__clkbuf_16)
    13    0.072890    0.068911    0.126450    0.238017 ^ clkbuf_2_1__f_clk/X (sky130_fd_sc_hd__clkbuf_16)
                                                         clknet_2_1__leaf_clk (net)
                      0.068927    0.000999    0.239015 ^ clkbuf_leaf_24_clk/A (sky130_fd_sc_hd__clkbuf_8)
    11    0.039477    0.060847    0.116705    0.355720 ^ clkbuf_leaf_24_clk/X (sky130_fd_sc_hd__clkbuf_8)
                                                         clknet_leaf_24_clk (net)
                      0.060847    0.000340    0.356060 ^ _1513_/CLK (sky130_fd_sc_hd__dfrtp_1)
     2    0.005405    0.036180    0.239712    0.595772 v _1513_/Q (sky130_fd_sc_hd__dfrtp_1)
                                                         uart_ip_i.uart_clk_gen_i.rx_clk_cnt[10] (net)
                      0.036180    0.000059    0.595830 v hold347/A (sky130_fd_sc_hd__dlygate4sd3_1)
     3    0.008300    0.057339    0.387384    0.983214 v hold347/X (sky130_fd_sc_hd__dlygate4sd3_1)
                                                         net474 (net)
                      0.057339    0.000064    0.983278 v _0703_/B (sky130_fd_sc_hd__or4_1)
     2    0.006701    0.069896    0.309872    1.293150 v _0703_/X (sky130_fd_sc_hd__or4_1)
                                                         _0447_ (net)
                      0.069896    0.000098    1.293249 v _0714_/C (sky130_fd_sc_hd__or4_1)
     2    0.007928    0.075442    0.298617    1.591866 v _0714_/X (sky130_fd_sc_hd__or4_1)
                                                         _0458_ (net)
                      0.075442    0.000130    1.591996 v _0716_/B (sky130_fd_sc_hd__nor4b_2)
     4    0.019966    0.373735    0.356613    1.948609 ^ _0716_/Y (sky130_fd_sc_hd__nor4b_2)
                                                         _0460_ (net)
                      0.373738    0.000779    1.949388 ^ _1084_/A (sky130_fd_sc_hd__nand2_1)
     3    0.011941    0.114764    0.090044    2.039432 v _1084_/Y (sky130_fd_sc_hd__nand2_1)
                                                         _0290_ (net)
                      0.114764    0.000062    2.039494 v _1131_/B2 (sky130_fd_sc_hd__a221o_1)
     1    0.003871    0.037323    0.187179    2.226672 v _1131_/X (sky130_fd_sc_hd__a221o_1)
                                                         _0325_ (net)
                      0.037323    0.000057    2.226730 v _1132_/B (sky130_fd_sc_hd__nor2_1)
     3    0.012473    0.166991    0.141184    2.367913 ^ _1132_/Y (sky130_fd_sc_hd__nor2_1)
                                                         _0326_ (net)
                      0.166991    0.000128    2.368042 ^ _1144_/S (sky130_fd_sc_hd__mux2_1)
     1    0.002466    0.036673    0.189800    2.557842 v _1144_/X (sky130_fd_sc_hd__mux2_1)
                                                         _0218_ (net)
                      0.036673    0.000016    2.557859 v hold393/A (sky130_fd_sc_hd__dlygate4sd3_1)
     1    0.002314    0.036488    0.359151    2.917009 v hold393/X (sky130_fd_sc_hd__dlygate4sd3_1)
                                                         net520 (net)
                      0.036488    0.000020    2.917029 v _1455_/D (sky130_fd_sc_hd__dfrtp_2)
                                              2.917029   data arrival time

                                 10.000000   10.000000   clock clk (rise edge)
                                  0.000000   10.000000   clock source latency
     2    0.034573    0.000000    0.000000   10.000000 ^ clk (in)
                                                         clk (net)
                      0.002752    0.001376   10.001376 ^ clkbuf_0_clk/A (sky130_fd_sc_hd__clkbuf_16)
     9    0.076739    0.071793    0.108678   10.110054 ^ clkbuf_0_clk/X (sky130_fd_sc_hd__clkbuf_16)
                                                         clknet_0_clk (net)
                      0.071843    0.001513   10.111567 ^ clkbuf_2_1__f_clk/A (sky130_fd_sc_hd__clkbuf_16)
    13    0.072890    0.068911    0.126450   10.238017 ^ clkbuf_2_1__f_clk/X (sky130_fd_sc_hd__clkbuf_16)
                                                         clknet_2_1__leaf_clk (net)
                      0.068915    0.000582   10.238599 ^ clkbuf_leaf_27_clk/A (sky130_fd_sc_hd__clkbuf_8)
    13    0.038794    0.060017    0.116088   10.354687 ^ clkbuf_leaf_27_clk/X (sky130_fd_sc_hd__clkbuf_8)
                                                         clknet_leaf_27_clk (net)
                      0.060017    0.000213   10.354900 ^ _1455_/CLK (sky130_fd_sc_hd__dfrtp_2)
                                 -0.250000   10.104900   clock uncertainty
                                  0.000000   10.104900   clock reconvergence pessimism
                                 -0.072570   10.032330   library setup time
                                             10.032330   data required time
---------------------------------------------------------------------------------------------
                                             10.032330   data required time
                                             -2.917029   data arrival time
---------------------------------------------------------------------------------------------
                                              7.115301   slack (MET)




===========================================================================
report_checks --slack_max -0.01
============================================================================
======================= min_ff_n40C_1v95 Corner ===================================

No paths found.


===========================================================================
 report_check_types -max_slew -max_cap -max_fanout -violators
============================================================================
======================= min_ff_n40C_1v95 Corner ===================================

max fanout

Pin                                   Limit Fanout  Slack
---------------------------------------------------------
fanout101/X                              16     33    -17 (VIOLATED)
fanout102/X                              16     33    -17 (VIOLATED)
fanout103/X                              16     33    -17 (VIOLATED)
fanout104/X                              16     33    -17 (VIOLATED)
fanout107/X                              16     33    -17 (VIOLATED)
fanout111/X                              16     33    -17 (VIOLATED)
fanout118/X                              16     33    -17 (VIOLATED)
fanout121/X                              16     33    -17 (VIOLATED)
fanout122/X                              16     33    -17 (VIOLATED)
fanout123/X                              16     33    -17 (VIOLATED)
fanout88/X                               16     33    -17 (VIOLATED)
fanout89/X                               16     33    -17 (VIOLATED)
fanout90/X                               16     33    -17 (VIOLATED)
fanout91/X                               16     33    -17 (VIOLATED)
fanout92/X                               16     33    -17 (VIOLATED)
fanout94/X                               16     33    -17 (VIOLATED)
fanout95/X                               16     33    -17 (VIOLATED)
fanout96/X                               16     33    -17 (VIOLATED)
fanout97/X                               16     33    -17 (VIOLATED)
fanout98/X                               16     33    -17 (VIOLATED)
fanout99/X                               16     33    -17 (VIOLATED)
_1534_/Q                                 16     31    -15 (VIOLATED)
fanout108/X                              16     31    -15 (VIOLATED)
_1528_/Q                                 16     29    -13 (VIOLATED)
fanout106/X                              16     27    -11 (VIOLATED)
fanout114/X                              16     27    -11 (VIOLATED)
_1529_/Q                                 16     25     -9 (VIOLATED)
_1308_/Q                                 16     23     -7 (VIOLATED)
clkbuf_2_0__f_clk/X                      16     21     -5 (VIOLATED)
clkbuf_2_2__f_clk/X                      16     21     -5 (VIOLATED)
clkbuf_2_3__f_clk/X                      16     21     -5 (VIOLATED)
fanout115/X                              16     21     -5 (VIOLATED)
fanout119/X                              16     21     -5 (VIOLATED)
fanout127/X                              16     21     -5 (VIOLATED)
fanout93/X                               16     21     -5 (VIOLATED)
_0825_/Y                                 16     17        (VIOLATED)
_1535_/Q                                 16     17        (VIOLATED)



===========================================================================
report_parasitic_annotation -report_unannotated
============================================================================
Found 32 unannotated drivers.
 clkload0/Y
 clkload1/X
 clkload10/Y
 clkload11/Y
 clkload12/Y
 clkload13/Y
 clkload14/Y
 clkload15/X
 clkload16/Y
 clkload17/X
 clkload18/Y
 clkload19/Y
 clkload2/X
 clkload20/X
 clkload21/Y
 clkload22/Y
 clkload23/X
 clkload24/Y
 clkload25/Y
 clkload26/X
 clkload27/Y
 clkload28/Y
 clkload29/X
 clkload3/X
 clkload30/Y
 clkload31/Y
 clkload4/Y
 clkload5/Y
 clkload6/X
 clkload7/Y
 clkload8/Y
 clkload9/Y
Found 0 partially unannotated drivers.

===========================================================================
max slew violation count 0
max fanout violation count 37
max cap violation count 0
============================================================================

===========================================================================
check_setup -verbose -unconstrained_endpoints -multiple_clock -no_clock -no_input_delay -loops -generated_clocks
===========================================================================
Warning: There are 35 input ports missing set_input_delay.
  arst_n
  mem_rdata[0]
  mem_rdata[10]
  mem_rdata[11]
  mem_rdata[12]
  mem_rdata[13]
  mem_rdata[14]
  mem_rdata[15]
  mem_rdata[16]
  mem_rdata[17]
  mem_rdata[18]
  mem_rdata[19]
  mem_rdata[1]
  mem_rdata[20]
  mem_rdata[21]
  mem_rdata[22]
  mem_rdata[23]
  mem_rdata[24]
  mem_rdata[25]
  mem_rdata[26]
  mem_rdata[27]
  mem_rdata[28]
  mem_rdata[29]
  mem_rdata[2]
  mem_rdata[30]
  mem_rdata[31]
  mem_rdata[3]
  mem_rdata[4]
  mem_rdata[5]
  mem_rdata[6]
  mem_rdata[7]
  mem_rdata[8]
  mem_rdata[9]
  mem_rdy
  rx
Warning: There are 52 unconstrained endpoints.
  mem_raddr[0]
  mem_raddr[1]
  mem_raddr[2]
  mem_raddr[3]
  mem_raddr[4]
  mem_raddr[5]
  mem_raddr[6]
  mem_raddr[7]
  mem_re
  mem_waddr[0]
  mem_waddr[1]
  mem_waddr[2]
  mem_waddr[3]
  mem_waddr[4]
  mem_waddr[5]
  mem_waddr[6]
  mem_waddr[7]
  mem_wdata[0]
  mem_wdata[10]
  mem_wdata[11]
  mem_wdata[12]
  mem_wdata[13]
  mem_wdata[14]
  mem_wdata[15]
  mem_wdata[16]
  mem_wdata[17]
  mem_wdata[18]
  mem_wdata[19]
  mem_wdata[1]
  mem_wdata[20]
  mem_wdata[21]
  mem_wdata[22]
  mem_wdata[23]
  mem_wdata[24]
  mem_wdata[25]
  mem_wdata[26]
  mem_wdata[27]
  mem_wdata[28]
  mem_wdata[29]
  mem_wdata[2]
  mem_wdata[30]
  mem_wdata[31]
  mem_wdata[3]
  mem_wdata[4]
  mem_wdata[5]
  mem_wdata[6]
  mem_wdata[7]
  mem_wdata[8]
  mem_wdata[9]
  mem_we
  tx
  _1519_/D
