Clock: clk
Sources: clk 
Generated: no
Virtual: yes
Propagated: no
Period: 10.000000

===========================================================================
report_clock_properties
============================================================================
Clock                   Period          Waveform
----------------------------------------------------
clk                  10.000000    0.000000  5.000000

===========================================================================
report_clock_latency
============================================================================
Clock clk
rise -> rise
    min     max
0.000000 0.000000 source latency
0.346169         network latency _1459_/CLK
        0.377589 network latency _1324_/CLK
---------------
0.346169 0.377589 latency
        0.031420 skew

fall -> fall
    min     max
0.000000 0.000000 source latency
0.349091         network latency _1459_/CLK
        0.372102 network latency _1324_/CLK
---------------
0.349091 0.372102 latency
        0.023011 skew



===========================================================================
report_clock_min_period
============================================================================
clk period_min = 2.88 fmax = 346.66
