
===========================================================================
 report_power
============================================================================
======================= min_ff_n40C_1v95 Corner ===================================

Group                    Internal    Switching      Leakage        Total
                            Power        Power        Power        Power (Watts)
------------------------------------------------------------------------
Sequential           1.330939e-03 1.017691e-05 5.024586e-09 1.341120e-03  49.9%
Combinational        6.810307e-05 2.151175e-05 1.683332e-08 8.963166e-05   3.3%
Clock                6.470265e-04 6.094839e-04 2.979287e-09 1.256513e-03  46.8%
Macro                0.000000e+00 0.000000e+00 0.000000e+00 0.000000e+00   0.0%
Pad                  0.000000e+00 0.000000e+00 0.000000e+00 0.000000e+00   0.0%
------------------------------------------------------------------------
Total                2.046069e-03 6.411724e-04 2.483725e-08 2.687267e-03 100.0%
                            76.1%        23.9%         0.0%

