
===========================================================================
 report_power
============================================================================
======================= nom_ff_n40C_1v95 Corner ===================================

Group                    Internal    Switching      Leakage        Total
                            Power        Power        Power        Power (Watts)
------------------------------------------------------------------------
Sequential           6.461579e-04 8.805495e-06 1.978789e-09 6.549653e-04  43.3%
Combinational        1.109739e-04 8.923218e-05 1.219894e-08 2.002183e-04  13.2%
Clock                3.063629e-04 3.521488e-04 1.971679e-09 6.585136e-04  43.5%
Macro                0.000000e+00 0.000000e+00 0.000000e+00 0.000000e+00   0.0%
Pad                  0.000000e+00 0.000000e+00 0.000000e+00 0.000000e+00   0.0%
------------------------------------------------------------------------
Total                1.063495e-03 4.501863e-04 1.614942e-08 1.513697e-03 100.0%
                            70.3%        29.7%         0.0%

