
===========================================================================
 report_power
============================================================================
======================= max_ff_n40C_1v95 Corner ===================================

Group                    Internal    Switching      Leakage        Total
                            Power        Power        Power        Power (Watts)
------------------------------------------------------------------------
Sequential           3.316737e-04 2.905486e-06 1.049665e-09 3.345802e-04  35.8%
Combinational        3.761565e-05 5.558021e-05 8.261384e-09 9.320411e-05  10.0%
Clock                2.620177e-04 2.446531e-04 1.817303e-09 5.066726e-04  54.2%
Macro                0.000000e+00 0.000000e+00 0.000000e+00 0.000000e+00   0.0%
Pad                  0.000000e+00 0.000000e+00 0.000000e+00 0.000000e+00   0.0%
------------------------------------------------------------------------
Total                6.313067e-04 3.031392e-04 1.112836e-08 9.344570e-04 100.0%
                            67.6%        32.4%         0.0%

