
===========================================================================
report_checks -unconstrained
===========================================================================
======================= nom_ss_100C_1v60 Corner ===================================

Startpoint: _1509_ (rising edge-triggered flip-flop clocked by clk)
Endpoint: _1455_ (rising edge-triggered flip-flop clocked by clk)
Path Group: clk
Path Type: max

Fanout         Cap        Slew       Delay        Time   Description
---------------------------------------------------------------------------------------------
                                  0.000000    0.000000   clock clk (rise edge)
                                  0.000000    0.000000   clock source latency
     2    0.036439    0.000000    0.000000    0.000000 ^ clk (in)
                                                         clk (net)
                      0.004138    0.002069    0.002069 ^ clkbuf_0_clk/A (sky130_fd_sc_hd__clkbuf_16)
     9    0.082050    0.150703    0.265939    0.268008 ^ clkbuf_0_clk/X (sky130_fd_sc_hd__clkbuf_16)
                                                         clknet_0_clk (net)
                      0.150853    0.002698    0.270706 ^ clkbuf_2_1__f_clk/A (sky130_fd_sc_hd__clkbuf_16)
    13    0.076936    0.143857    0.327201    0.597908 ^ clkbuf_2_1__f_clk/X (sky130_fd_sc_hd__clkbuf_16)
                                                         clknet_2_1__leaf_clk (net)
                      0.143868    0.001422    0.599330 ^ clkbuf_leaf_25_clk/A (sky130_fd_sc_hd__clkbuf_8)
     9    0.035513    0.118899    0.303067    0.902397 ^ clkbuf_leaf_25_clk/X (sky130_fd_sc_hd__clkbuf_8)
                                                         clknet_leaf_25_clk (net)
                      0.118904    0.000899    0.903296 ^ _1509_/CLK (sky130_fd_sc_hd__dfrtp_1)
     1    0.002236    0.070411    0.744830    1.648126 v _1509_/Q (sky130_fd_sc_hd__dfrtp_1)
                                                         uart_ip_i.uart_clk_gen_i.rx_clk_cnt[6] (net)
                      0.070411    0.000065    1.648191 v hold313/A (sky130_fd_sc_hd__dlygate4sd3_1)
     3    0.007872    0.154339    1.190074    2.838265 v hold313/X (sky130_fd_sc_hd__dlygate4sd3_1)
                                                         net440 (net)
                      0.154339    0.000250    2.838515 v _0702_/B (sky130_fd_sc_hd__or4_1)
     2    0.007256    0.230054    1.283663    4.122178 v _0702_/X (sky130_fd_sc_hd__or4_1)
                                                         _0446_ (net)
                      0.230054    0.000207    4.122385 v _0714_/B (sky130_fd_sc_hd__or4_1)
     2    0.008207    0.242593    1.324781    5.447165 v _0714_/X (sky130_fd_sc_hd__or4_1)
                                                         _0458_ (net)
                      0.242593    0.000253    5.447419 v _0717_/B (sky130_fd_sc_hd__or4b_2)
     4    0.014108    0.298285    1.705895    7.153314 v _0717_/X (sky130_fd_sc_hd__or4b_2)
                                                         _0461_ (net)
                      0.298285    0.000697    7.154011 v _1131_/A1 (sky130_fd_sc_hd__a221o_1)
     1    0.004083    0.105544    0.679290    7.833301 v _1131_/X (sky130_fd_sc_hd__a221o_1)
                                                         _0325_ (net)
                      0.105544    0.000135    7.833436 v _1132_/B (sky130_fd_sc_hd__nor2_1)
     3    0.011945    0.379565    0.344619    8.178054 ^ _1132_/Y (sky130_fd_sc_hd__nor2_1)
                                                         _0326_ (net)
                      0.379565    0.000300    8.178354 ^ _1144_/S (sky130_fd_sc_hd__mux2_1)
     1    0.002397    0.106421    0.790026    8.968380 v _1144_/X (sky130_fd_sc_hd__mux2_1)
                                                         _0218_ (net)
                      0.106421    0.000052    8.968432 v hold393/A (sky130_fd_sc_hd__dlygate4sd3_1)
     1    0.002121    0.100042    1.129073   10.097506 v hold393/X (sky130_fd_sc_hd__dlygate4sd3_1)
                                                         net520 (net)
                      0.100042    0.000060   10.097565 v _1455_/D (sky130_fd_sc_hd__dfrtp_2)
                                             10.097565   data arrival time

                                 10.000000   10.000000   clock clk (rise edge)
                                  0.000000   10.000000   clock source latency
     2    0.036439    0.000000    0.000000   10.000000 ^ clk (in)
                                                         clk (net)
                      0.004138    0.002069   10.002069 ^ clkbuf_0_clk/A (sky130_fd_sc_hd__clkbuf_16)
     9    0.082050    0.150703    0.265939   10.268008 ^ clkbuf_0_clk/X (sky130_fd_sc_hd__clkbuf_16)
                                                         clknet_0_clk (net)
                      0.150853    0.002698   10.270706 ^ clkbuf_2_1__f_clk/A (sky130_fd_sc_hd__clkbuf_16)
    13    0.076936    0.143857    0.327201   10.597908 ^ clkbuf_2_1__f_clk/X (sky130_fd_sc_hd__clkbuf_16)
                                                         clknet_2_1__leaf_clk (net)
                      0.143869    0.001468   10.599376 ^ clkbuf_leaf_27_clk/A (sky130_fd_sc_hd__clkbuf_8)
    13    0.037989    0.124805    0.307608   10.906984 ^ clkbuf_leaf_27_clk/X (sky130_fd_sc_hd__clkbuf_8)
                                                         clknet_leaf_27_clk (net)
                      0.124806    0.000654   10.907638 ^ _1455_/CLK (sky130_fd_sc_hd__dfrtp_2)
                                 -0.250000   10.657638   clock uncertainty
                                  0.000000   10.657638   clock reconvergence pessimism
                                 -0.274542   10.383097   library setup time
                                             10.383097   data required time
---------------------------------------------------------------------------------------------
                                             10.383097   data required time
                                            -10.097565   data arrival time
---------------------------------------------------------------------------------------------
                                              0.285532   slack (MET)




===========================================================================
report_checks --slack_max -0.01
============================================================================
======================= nom_ss_100C_1v60 Corner ===================================

No paths found.


===========================================================================
 report_check_types -max_slew -max_cap -max_fanout -violators
============================================================================
======================= nom_ss_100C_1v60 Corner ===================================

max fanout

Pin                                   Limit Fanout  Slack
---------------------------------------------------------
fanout101/X                              16     33    -17 (VIOLATED)
fanout102/X                              16     33    -17 (VIOLATED)
fanout103/X                              16     33    -17 (VIOLATED)
fanout104/X                              16     33    -17 (VIOLATED)
fanout107/X                              16     33    -17 (VIOLATED)
fanout111/X                              16     33    -17 (VIOLATED)
fanout118/X                              16     33    -17 (VIOLATED)
fanout121/X                              16     33    -17 (VIOLATED)
fanout122/X                              16     33    -17 (VIOLATED)
fanout123/X                              16     33    -17 (VIOLATED)
fanout88/X                               16     33    -17 (VIOLATED)
fanout89/X                               16     33    -17 (VIOLATED)
fanout90/X                               16     33    -17 (VIOLATED)
fanout91/X                               16     33    -17 (VIOLATED)
fanout92/X                               16     33    -17 (VIOLATED)
fanout94/X                               16     33    -17 (VIOLATED)
fanout95/X                               16     33    -17 (VIOLATED)
fanout96/X                               16     33    -17 (VIOLATED)
fanout97/X                               16     33    -17 (VIOLATED)
fanout98/X                               16     33    -17 (VIOLATED)
fanout99/X                               16     33    -17 (VIOLATED)
_1534_/Q                                 16     31    -15 (VIOLATED)
fanout108/X                              16     31    -15 (VIOLATED)
_1528_/Q                                 16     29    -13 (VIOLATED)
fanout106/X                              16     27    -11 (VIOLATED)
fanout114/X                              16     27    -11 (VIOLATED)
_1529_/Q                                 16     25     -9 (VIOLATED)
_1308_/Q                                 16     23     -7 (VIOLATED)
clkbuf_2_0__f_clk/X                      16     21     -5 (VIOLATED)
clkbuf_2_2__f_clk/X                      16     21     -5 (VIOLATED)
clkbuf_2_3__f_clk/X                      16     21     -5 (VIOLATED)
fanout115/X                              16     21     -5 (VIOLATED)
fanout119/X                              16     21     -5 (VIOLATED)
fanout127/X                              16     21     -5 (VIOLATED)
fanout93/X                               16     21     -5 (VIOLATED)
_0825_/Y                                 16     17        (VIOLATED)
_1535_/Q                                 16     17        (VIOLATED)



===========================================================================
report_parasitic_annotation -report_unannotated
============================================================================
Found 32 unannotated drivers.
 clkload0/Y
 clkload1/X
 clkload10/Y
 clkload11/Y
 clkload12/Y
 clkload13/Y
 clkload14/Y
 clkload15/X
 clkload16/Y
 clkload17/X
 clkload18/Y
 clkload19/Y
 clkload2/X
 clkload20/X
 clkload21/Y
 clkload22/Y
 clkload23/X
 clkload24/Y
 clkload25/Y
 clkload26/X
 clkload27/Y
 clkload28/Y
 clkload29/X
 clkload3/X
 clkload30/Y
 clkload31/Y
 clkload4/Y
 clkload5/Y
 clkload6/X
 clkload7/Y
 clkload8/Y
 clkload9/Y
Found 0 partially unannotated drivers.

===========================================================================
max slew violation count 0
max fanout violation count 37
max cap violation count 0
============================================================================

===========================================================================
check_setup -verbose -unconstrained_endpoints -multiple_clock -no_clock -no_input_delay -loops -generated_clocks
===========================================================================
Warning: There are 35 input ports missing set_input_delay.
  arst_n
  mem_rdata[0]
  mem_rdata[10]
  mem_rdata[11]
  mem_rdata[12]
  mem_rdata[13]
  mem_rdata[14]
  mem_rdata[15]
  mem_rdata[16]
  mem_rdata[17]
  mem_rdata[18]
  mem_rdata[19]
  mem_rdata[1]
  mem_rdata[20]
  mem_rdata[21]
  mem_rdata[22]
  mem_rdata[23]
  mem_rdata[24]
  mem_rdata[25]
  mem_rdata[26]
  mem_rdata[27]
  mem_rdata[28]
  mem_rdata[29]
  mem_rdata[2]
  mem_rdata[30]
  mem_rdata[31]
  mem_rdata[3]
  mem_rdata[4]
  mem_rdata[5]
  mem_rdata[6]
  mem_rdata[7]
  mem_rdata[8]
  mem_rdata[9]
  mem_rdy
  rx
Warning: There are 52 unconstrained endpoints.
  mem_raddr[0]
  mem_raddr[1]
  mem_raddr[2]
  mem_raddr[3]
  mem_raddr[4]
  mem_raddr[5]
  mem_raddr[6]
  mem_raddr[7]
  mem_re
  mem_waddr[0]
  mem_waddr[1]
  mem_waddr[2]
  mem_waddr[3]
  mem_waddr[4]
  mem_waddr[5]
  mem_waddr[6]
  mem_waddr[7]
  mem_wdata[0]
  mem_wdata[10]
  mem_wdata[11]
  mem_wdata[12]
  mem_wdata[13]
  mem_wdata[14]
  mem_wdata[15]
  mem_wdata[16]
  mem_wdata[17]
  mem_wdata[18]
  mem_wdata[19]
  mem_wdata[1]
  mem_wdata[20]
  mem_wdata[21]
  mem_wdata[22]
  mem_wdata[23]
  mem_wdata[24]
  mem_wdata[25]
  mem_wdata[26]
  mem_wdata[27]
  mem_wdata[28]
  mem_wdata[29]
  mem_wdata[2]
  mem_wdata[30]
  mem_wdata[31]
  mem_wdata[3]
  mem_wdata[4]
  mem_wdata[5]
  mem_wdata[6]
  mem_wdata[7]
  mem_wdata[8]
  mem_wdata[9]
  mem_we
  tx
  _1519_/D
