Clock: clk
Sources: clk 
Generated: no
Virtual: yes
Propagated: no
Period: 10.000000

===========================================================================
report_clock_properties
============================================================================
Clock                   Period          Waveform
----------------------------------------------------
clk                  10.000000    0.000000  5.000000

===========================================================================
report_clock_latency
============================================================================
Clock clk
rise -> rise
    min     max
0.000000 0.000000 source latency
0.877673         network latency _1493_/CLK
        0.954139 network latency _1368_/CLK
---------------
0.877673 0.954139 latency
        0.076466 skew

fall -> fall
    min     max
0.000000 0.000000 source latency
0.891469         network latency _1493_/CLK
        0.948423 network latency _1368_/CLK
---------------
0.891469 0.948423 latency
        0.056954 skew



===========================================================================
report_clock_min_period
============================================================================
clk period_min = 9.66 fmax = 103.50
