Clock: clk
Sources: clk 
Generated: no
Virtual: yes
Propagated: no
Period: 10.000000

===========================================================================
report_clock_properties
============================================================================
Clock                   Period          Waveform
----------------------------------------------------
clk                  10.000000    0.000000  5.000000

===========================================================================
report_clock_latency
============================================================================
Clock clk
rise -> rise
    min     max
0.000000 0.000000 source latency
0.888161         network latency _1459_/CLK
        0.962507 network latency _1324_/CLK
---------------
0.888161 0.962507 latency
        0.074346 skew

fall -> fall
    min     max
0.000000 0.000000 source latency
0.898419         network latency _1459_/CLK
        0.954373 network latency _1324_/CLK
---------------
0.898419 0.954373 latency
        0.055954 skew



===========================================================================
report_clock_min_period
============================================================================
clk period_min = 9.71 fmax = 102.94
