
===========================================================================
report_checks -unconstrained
===========================================================================
======================= max_ff_n40C_1v95 Corner ===================================

Startpoint: wb_rst_i (input port clocked by clk)
Endpoint: _26198_ (recovery check against rising-edge clock clk)
Path Group: asynchronous
Path Type: max

Fanout         Cap        Slew       Delay        Time   Description
---------------------------------------------------------------------------------------------
                                  0.000000    0.000000   clock clk (rise edge)
                                  5.570000    5.570000   clock network delay (propagated)
                                  9.500000   15.070001 v input external delay
     1    0.003109    0.000000    0.000000   15.070001 v wb_rst_i (in)
                                                         wb_rst_i (net)
                      0.000176    0.000089   15.070089 v input10/A (sky130_fd_sc_hd__clkbuf_4)
     1    0.052075    0.081492    0.121544   15.191633 v input10/X (sky130_fd_sc_hd__clkbuf_4)
                                                         net10 (net)
                      0.085785    0.014605   15.206239 v fanout3210/A (sky130_fd_sc_hd__buf_12)
     6    0.382484    0.109651    0.160300   15.366539 v fanout3210/X (sky130_fd_sc_hd__buf_12)
                                                         net3210 (net)
                      0.170148    0.058867   15.425406 v fanout3128/A (sky130_fd_sc_hd__buf_8)
     5    0.173335    0.096249    0.186063   15.611468 v fanout3128/X (sky130_fd_sc_hd__buf_8)
                                                         net3128 (net)
                      0.097127    0.007828   15.619296 v fanout3067/A (sky130_fd_sc_hd__buf_4)
     5    0.087797    0.083280    0.160030   15.779326 v fanout3067/X (sky130_fd_sc_hd__buf_4)
                                                         net3067 (net)
                      0.083431    0.003462   15.782789 v fanout3065/A (sky130_fd_sc_hd__clkbuf_4)
     6    0.072159    0.103463    0.176836   15.959625 v fanout3065/X (sky130_fd_sc_hd__clkbuf_4)
                                                         net3065 (net)
                      0.104919    0.009909   15.969534 v fanout3064/A (sky130_fd_sc_hd__buf_2)
     5    0.046171    0.079037    0.160309   16.129843 v fanout3064/X (sky130_fd_sc_hd__buf_2)
                                                         net3064 (net)
                      0.079231    0.002848   16.132690 v fanout3063/A (sky130_fd_sc_hd__buf_4)
     9    0.073715    0.073276    0.149404   16.282095 v fanout3063/X (sky130_fd_sc_hd__buf_4)
                                                         net3063 (net)
                      0.079993    0.016978   16.299072 v fanout3062/A (sky130_fd_sc_hd__buf_4)
    10    0.066586    0.066779    0.152177   16.451250 v fanout3062/X (sky130_fd_sc_hd__buf_4)
                                                         net3062 (net)
                      0.067162    0.004061   16.455311 v _22766_/A (sky130_fd_sc_hd__inv_2)
     1    0.003865    0.026312    0.042437   16.497747 ^ _22766_/Y (sky130_fd_sc_hd__inv_2)
                                                         _02702_ (net)
                      0.026313    0.000208   16.497955 ^ _26198_/SET_B (sky130_fd_sc_hd__dfstp_1)
                                             16.497955   data arrival time

                                 19.000000   19.000000   clock clk (rise edge)
                                  4.650000   23.650000   clock source latency
     2    0.168822    0.610000    0.000000   23.650000 ^ wb_clk_i (in)
                                                         wb_clk_i (net)
                      0.813469    0.101736   23.751736 ^ clkbuf_0_wb_clk_i/A (sky130_fd_sc_hd__clkbuf_16)
     2    0.108010    0.108785    0.183723   23.935459 ^ clkbuf_0_wb_clk_i/X (sky130_fd_sc_hd__clkbuf_16)
                                                         clknet_0_wb_clk_i (net)
                      0.113512    0.017579   23.953037 ^ clkbuf_1_1_0_wb_clk_i/A (sky130_fd_sc_hd__clkbuf_8)
     5    0.118511    0.159596    0.184881   24.137918 ^ clkbuf_1_1_0_wb_clk_i/X (sky130_fd_sc_hd__clkbuf_8)
                                                         clknet_1_1_0_wb_clk_i (net)
                      0.164685    0.022499   24.160418 ^ clkbuf_3_4_0_wb_clk_i/A (sky130_fd_sc_hd__clkbuf_8)
     4    0.087069    0.121877    0.170024   24.330442 ^ clkbuf_3_4_0_wb_clk_i/X (sky130_fd_sc_hd__clkbuf_8)
                                                         clknet_3_4_0_wb_clk_i (net)
                      0.125915    0.017497   24.347939 ^ clkbuf_5_18_0_wb_clk_i/A (sky130_fd_sc_hd__clkbuf_8)
     4    0.087583    0.121259    0.168862   24.516802 ^ clkbuf_5_18_0_wb_clk_i/X (sky130_fd_sc_hd__clkbuf_8)
                                                         clknet_5_18_0_wb_clk_i (net)
                      0.121981    0.007638   24.524441 ^ clkbuf_7_73__f_wb_clk_i/A (sky130_fd_sc_hd__clkbuf_16)
    10    0.081532    0.075950    0.142357   24.666798 ^ clkbuf_7_73__f_wb_clk_i/X (sky130_fd_sc_hd__clkbuf_16)
                                                         clknet_7_73__leaf_wb_clk_i (net)
                      0.076339    0.004320   24.671118 ^ clkbuf_leaf_175_wb_clk_i/A (sky130_fd_sc_hd__clkbuf_8)
     4    0.014425    0.031699    0.094484   24.765602 ^ clkbuf_leaf_175_wb_clk_i/X (sky130_fd_sc_hd__clkbuf_8)
                                                         clknet_leaf_175_wb_clk_i (net)
                      0.031718    0.000597   24.766199 ^ _26198_/CLK (sky130_fd_sc_hd__dfstp_1)
                                 -0.250000   24.516199   clock uncertainty
                                  0.000000   24.516199   clock reconvergence pessimism
                                  0.085424   24.601625   library recovery time
                                             24.601625   data required time
---------------------------------------------------------------------------------------------
                                             24.601625   data required time
                                            -16.497955   data arrival time
---------------------------------------------------------------------------------------------
                                              8.103669   slack (MET)


Startpoint: wbs_adr_i[28] (input port clocked by clk)
Endpoint: wbs_dat_o[1] (output port clocked by clk)
Path Group: clk
Path Type: max

Fanout         Cap        Slew       Delay        Time   Description
---------------------------------------------------------------------------------------------
                                  0.000000    0.000000   clock clk (rise edge)
                                  5.570000    5.570000   clock network delay (propagated)
                                  3.890000    9.460000 v input external delay
     1    0.003142    0.920000    0.000000    9.460000 v wbs_adr_i[28] (in)
                                                         wbs_adr_i[28] (net)
                      0.920151    0.000075    9.460075 v hold18/A (sky130_fd_sc_hd__dlygate4sd3_1)
     1    0.002386    0.036694    0.604372   10.064447 v hold18/X (sky130_fd_sc_hd__dlygate4sd3_1)
                                                         net3395 (net)
                      0.036694    0.000113   10.064560 v input31/A (sky130_fd_sc_hd__clkbuf_1)
     1    0.002381    0.017041    0.057188   10.121748 v input31/X (sky130_fd_sc_hd__clkbuf_1)
                                                         net31 (net)
                      0.017042    0.000155   10.121903 v hold19/A (sky130_fd_sc_hd__dlygate4sd3_1)
     1    0.002676    0.037551    0.354358   10.476262 v hold19/X (sky130_fd_sc_hd__dlygate4sd3_1)
                                                         net3396 (net)
                      0.037551    0.000189   10.476451 v _18904_/C (sky130_fd_sc_hd__nor4_1)
     1    0.002382    0.136483    0.133945   10.610396 ^ _18904_/Y (sky130_fd_sc_hd__nor4_1)
                                                         _10944_ (net)
                      0.136483    0.000171   10.610567 ^ hold20/A (sky130_fd_sc_hd__dlygate4sd3_1)
     1    0.009467    0.082646    0.424211   11.034778 ^ hold20/X (sky130_fd_sc_hd__dlygate4sd3_1)
                                                         net3397 (net)
                      0.082650    0.000723   11.035501 ^ _18905_/B (sky130_fd_sc_hd__nand3b_4)
     3    0.033850    0.090626    0.086696   11.122197 v _18905_/Y (sky130_fd_sc_hd__nand3b_4)
                                                         _10945_ (net)
                      0.091191    0.005611   11.127808 v hold21/A (sky130_fd_sc_hd__dlygate4sd3_1)
     2    0.037488    0.141732    0.493798   11.621605 v hold21/X (sky130_fd_sc_hd__dlygate4sd3_1)
                                                         net3398 (net)
                      0.141861    0.003847   11.625452 v fanout1625/A (sky130_fd_sc_hd__buf_2)
    10    0.043379    0.078116    0.169917   11.795369 v fanout1625/X (sky130_fd_sc_hd__buf_2)
                                                         net1625 (net)
                      0.078397    0.004047   11.799417 v hold22/A (sky130_fd_sc_hd__dlygate4sd3_1)
     1    0.007937    0.056032    0.402262   12.201679 v hold22/X (sky130_fd_sc_hd__dlygate4sd3_1)
                                                         net3399 (net)
                      0.056032    0.000672   12.202352 v _18910_/A (sky130_fd_sc_hd__or2_1)
     1    0.004645    0.038746    0.146613   12.348965 v _18910_/X (sky130_fd_sc_hd__or2_1)
                                                         _10950_ (net)
                      0.038759    0.000349   12.349314 v fanout1098/A (sky130_fd_sc_hd__buf_6)
     5    0.075190    0.058027    0.106752   12.456066 v fanout1098/X (sky130_fd_sc_hd__buf_6)
                                                         net1098 (net)
                      0.058338    0.003769   12.459834 v _18914_/S (sky130_fd_sc_hd__mux2_2)
     1    0.027431    0.113707    0.214525   12.674359 ^ _18914_/X (sky130_fd_sc_hd__mux2_2)
                                                         net119 (net)
                      0.113911    0.003902   12.678262 ^ output119/A (sky130_fd_sc_hd__buf_12)
     1    0.191139    0.167635    0.172699   12.850961 ^ output119/X (sky130_fd_sc_hd__buf_12)
                                                         wbs_dat_o[1] (net)
                      0.168438    0.009468   12.860429 ^ wbs_dat_o[1] (out)
                                             12.860429   data arrival time

                                 19.000000   19.000000   clock clk (rise edge)
                                  4.650000   23.650000   clock network delay (propagated)
                                 -0.250000   23.400002   clock uncertainty
                                  0.000000   23.400002   clock reconvergence pessimism
                                 -3.620000   19.780001   output external delay
                                             19.780001   data required time
---------------------------------------------------------------------------------------------
                                             19.780001   data required time
                                            -12.860429   data arrival time
---------------------------------------------------------------------------------------------
                                              6.919572   slack (MET)




===========================================================================
report_checks --slack_max -0.01
============================================================================
======================= max_ff_n40C_1v95 Corner ===================================

No paths found.


===========================================================================
 report_check_types -max_slew -max_cap -max_fanout -violators
============================================================================
======================= max_ff_n40C_1v95 Corner ===================================

max fanout

Pin                                   Limit Fanout  Slack
---------------------------------------------------------
fanout2497/X                             10     20    -10 (VIOLATED)
fanout2531/X                             10     15     -5 (VIOLATED)
fanout2611/X                             10     15     -5 (VIOLATED)
fanout2498/X                             10     14     -4 (VIOLATED)
fanout2610/X                             10     14     -4 (VIOLATED)
clkbuf_7_34__f_wb_clk_i/X                10     13     -3 (VIOLATED)
clkbuf_7_56__f_wb_clk_i/X                10     13     -3 (VIOLATED)
clkbuf_7_57__f_wb_clk_i/X                10     13     -3 (VIOLATED)
clkbuf_7_63__f_wb_clk_i/X                10     13     -3 (VIOLATED)
fanout1944/X                             10     13     -3 (VIOLATED)
fanout2492/X                             10     13     -3 (VIOLATED)
fanout2495/X                             10     13     -3 (VIOLATED)
fanout2537/X                             10     13     -3 (VIOLATED)
wire2858/X                               10     13     -3 (VIOLATED)
wire2859/X                               10     13     -3 (VIOLATED)
clkbuf_7_106__f_wb_clk_i/X               10     12     -2 (VIOLATED)
clkbuf_7_2__f_wb_clk_i/X                 10     12     -2 (VIOLATED)
clkbuf_7_59__f_wb_clk_i/X                10     12     -2 (VIOLATED)
clkbuf_7_93__f_wb_clk_i/X                10     12     -2 (VIOLATED)
fanout1912/X                             10     12     -2 (VIOLATED)
fanout2375/X                             10     12     -2 (VIOLATED)
fanout2502/X                             10     12     -2 (VIOLATED)
fanout2617/X                             10     12     -2 (VIOLATED)
fanout2656/X                             10     12     -2 (VIOLATED)
input4/X                                 10     12     -2 (VIOLATED)
input5/X                                 10     12     -2 (VIOLATED)
input6/X                                 10     12     -2 (VIOLATED)
input7/X                                 10     12     -2 (VIOLATED)
wire3211/X                               10     12     -2 (VIOLATED)
clkbuf_7_104__f_wb_clk_i/X               10     11        (VIOLATED)
clkbuf_7_107__f_wb_clk_i/X               10     11        (VIOLATED)
clkbuf_7_108__f_wb_clk_i/X               10     11        (VIOLATED)
clkbuf_7_109__f_wb_clk_i/X               10     11        (VIOLATED)
clkbuf_7_111__f_wb_clk_i/X               10     11        (VIOLATED)
clkbuf_7_112__f_wb_clk_i/X               10     11        (VIOLATED)
clkbuf_7_16__f_wb_clk_i/X                10     11        (VIOLATED)
clkbuf_7_17__f_wb_clk_i/X                10     11        (VIOLATED)
clkbuf_7_30__f_wb_clk_i/X                10     11        (VIOLATED)
clkbuf_7_31__f_wb_clk_i/X                10     11        (VIOLATED)
clkbuf_7_32__f_wb_clk_i/X                10     11        (VIOLATED)
clkbuf_7_33__f_wb_clk_i/X                10     11        (VIOLATED)
clkbuf_7_36__f_wb_clk_i/X                10     11        (VIOLATED)
clkbuf_7_37__f_wb_clk_i/X                10     11        (VIOLATED)
clkbuf_7_38__f_wb_clk_i/X                10     11        (VIOLATED)
clkbuf_7_39__f_wb_clk_i/X                10     11        (VIOLATED)
clkbuf_7_55__f_wb_clk_i/X                10     11        (VIOLATED)
clkbuf_7_5__f_wb_clk_i/X                 10     11        (VIOLATED)
clkbuf_7_61__f_wb_clk_i/X                10     11        (VIOLATED)
fanout1088/X                             10     11        (VIOLATED)
fanout1146/X                             10     11        (VIOLATED)
fanout1508/X                             10     11        (VIOLATED)
fanout1512/X                             10     11        (VIOLATED)
fanout1518/X                             10     11        (VIOLATED)
fanout1524/X                             10     11        (VIOLATED)
fanout1526/X                             10     11        (VIOLATED)
fanout1757/X                             10     11        (VIOLATED)
fanout1784/X                             10     11        (VIOLATED)
fanout1807/X                             10     11        (VIOLATED)
fanout1881/X                             10     11        (VIOLATED)
fanout1900/X                             10     11        (VIOLATED)
fanout1903/X                             10     11        (VIOLATED)
fanout1949/X                             10     11        (VIOLATED)
fanout1980/X                             10     11        (VIOLATED)
fanout1982/X                             10     11        (VIOLATED)
fanout2028/X                             10     11        (VIOLATED)
fanout2164/X                             10     11        (VIOLATED)
fanout2216/X                             10     11        (VIOLATED)
fanout2355/X                             10     11        (VIOLATED)
fanout2529/X                             10     11        (VIOLATED)
fanout2535/X                             10     11        (VIOLATED)
fanout2536/X                             10     11        (VIOLATED)
fanout2561/X                             10     11        (VIOLATED)
fanout2585/X                             10     11        (VIOLATED)
fanout2589/X                             10     11        (VIOLATED)
fanout2598/X                             10     11        (VIOLATED)
fanout2606/X                             10     11        (VIOLATED)
fanout2616/X                             10     11        (VIOLATED)
fanout2619/X                             10     11        (VIOLATED)
fanout2655/X                             10     11        (VIOLATED)
fanout2672/X                             10     11        (VIOLATED)
fanout2715/X                             10     11        (VIOLATED)
fanout2726/X                             10     11        (VIOLATED)
fanout2728/X                             10     11        (VIOLATED)
fanout2743/X                             10     11        (VIOLATED)
fanout3052/X                             10     11        (VIOLATED)
fanout770/X                              10     11        (VIOLATED)



===========================================================================
report_parasitic_annotation -report_unannotated
============================================================================
Found 1413 unannotated drivers.
 analog_io[0]
 analog_io[10]
 analog_io[11]
 analog_io[12]
 analog_io[13]
 analog_io[14]
 analog_io[15]
 analog_io[16]
 analog_io[17]
 analog_io[18]
 analog_io[19]
 analog_io[1]
 analog_io[20]
 analog_io[21]
 analog_io[22]
 analog_io[23]
 analog_io[24]
 analog_io[25]
 analog_io[26]
 analog_io[27]
 analog_io[28]
 analog_io[2]
 analog_io[3]
 analog_io[4]
 analog_io[5]
 analog_io[6]
 analog_io[7]
 analog_io[8]
 analog_io[9]
 io_in[0]
 io_in[10]
 io_in[11]
 io_in[12]
 io_in[13]
 io_in[14]
 io_in[15]
 io_in[16]
 io_in[17]
 io_in[18]
 io_in[19]
 io_in[1]
 io_in[20]
 io_in[21]
 io_in[22]
 io_in[2]
 io_in[31]
 io_in[32]
 io_in[33]
 io_in[34]
 io_in[35]
 io_in[36]
 io_in[37]
 io_in[3]
 io_in[4]
 io_in[6]
 io_in[7]
 io_in[8]
 io_in[9]
 la_data_in[0]
 la_data_in[100]
 la_data_in[101]
 la_data_in[102]
 la_data_in[103]
 la_data_in[104]
 la_data_in[105]
 la_data_in[106]
 la_data_in[107]
 la_data_in[108]
 la_data_in[109]
 la_data_in[10]
 la_data_in[110]
 la_data_in[111]
 la_data_in[112]
 la_data_in[113]
 la_data_in[114]
 la_data_in[115]
 la_data_in[116]
 la_data_in[117]
 la_data_in[118]
 la_data_in[119]
 la_data_in[11]
 la_data_in[120]
 la_data_in[121]
 la_data_in[122]
 la_data_in[123]
 la_data_in[124]
 la_data_in[125]
 la_data_in[126]
 la_data_in[127]
 la_data_in[12]
 la_data_in[13]
 la_data_in[14]
 la_data_in[15]
 la_data_in[16]
 la_data_in[17]
 la_data_in[18]
 la_data_in[19]
 la_data_in[1]
 la_data_in[20]
 la_data_in[21]
 la_data_in[22]
 la_data_in[23]
 la_data_in[24]
 la_data_in[25]
 la_data_in[26]
 la_data_in[27]
 la_data_in[28]
 la_data_in[29]
 la_data_in[2]
 la_data_in[30]
 la_data_in[31]
 la_data_in[32]
 la_data_in[33]
 la_data_in[34]
 la_data_in[35]
 la_data_in[36]
 la_data_in[37]
 la_data_in[38]
 la_data_in[39]
 la_data_in[3]
 la_data_in[40]
 la_data_in[41]
 la_data_in[42]
 la_data_in[43]
 la_data_in[44]
 la_data_in[45]
 la_data_in[46]
 la_data_in[47]
 la_data_in[48]
 la_data_in[49]
 la_data_in[4]
 la_data_in[50]
 la_data_in[51]
 la_data_in[52]
 la_data_in[53]
 la_data_in[54]
 la_data_in[55]
 la_data_in[56]
 la_data_in[57]
 la_data_in[58]
 la_data_in[59]
 la_data_in[5]
 la_data_in[60]
 la_data_in[61]
 la_data_in[62]
 la_data_in[63]
 la_data_in[64]
 la_data_in[65]
 la_data_in[66]
 la_data_in[67]
 la_data_in[68]
 la_data_in[69]
 la_data_in[6]
 la_data_in[70]
 la_data_in[71]
 la_data_in[72]
 la_data_in[73]
 la_data_in[74]
 la_data_in[75]
 la_data_in[76]
 la_data_in[77]
 la_data_in[78]
 la_data_in[79]
 la_data_in[7]
 la_data_in[80]
 la_data_in[81]
 la_data_in[82]
 la_data_in[83]
 la_data_in[84]
 la_data_in[85]
 la_data_in[86]
 la_data_in[87]
 la_data_in[88]
 la_data_in[89]
 la_data_in[8]
 la_data_in[90]
 la_data_in[91]
 la_data_in[92]
 la_data_in[93]
 la_data_in[94]
 la_data_in[95]
 la_data_in[96]
 la_data_in[97]
 la_data_in[98]
 la_data_in[99]
 la_data_in[9]
 la_oenb[0]
 la_oenb[100]
 la_oenb[101]
 la_oenb[102]
 la_oenb[103]
 la_oenb[104]
 la_oenb[105]
 la_oenb[106]
 la_oenb[107]
 la_oenb[108]
 la_oenb[109]
 la_oenb[10]
 la_oenb[110]
 la_oenb[111]
 la_oenb[112]
 la_oenb[113]
 la_oenb[114]
 la_oenb[115]
 la_oenb[116]
 la_oenb[117]
 la_oenb[118]
 la_oenb[119]
 la_oenb[11]
 la_oenb[120]
 la_oenb[121]
 la_oenb[122]
 la_oenb[123]
 la_oenb[124]
 la_oenb[125]
 la_oenb[126]
 la_oenb[127]
 la_oenb[12]
 la_oenb[13]
 la_oenb[14]
 la_oenb[15]
 la_oenb[16]
 la_oenb[17]
 la_oenb[18]
 la_oenb[19]
 la_oenb[1]
 la_oenb[20]
 la_oenb[21]
 la_oenb[22]
 la_oenb[23]
 la_oenb[24]
 la_oenb[25]
 la_oenb[26]
 la_oenb[27]
 la_oenb[28]
 la_oenb[29]
 la_oenb[2]
 la_oenb[30]
 la_oenb[31]
 la_oenb[32]
 la_oenb[33]
 la_oenb[34]
 la_oenb[35]
 la_oenb[36]
 la_oenb[37]
 la_oenb[38]
 la_oenb[39]
 la_oenb[3]
 la_oenb[40]
 la_oenb[41]
 la_oenb[42]
 la_oenb[43]
 la_oenb[44]
 la_oenb[45]
 la_oenb[46]
 la_oenb[47]
 la_oenb[48]
 la_oenb[49]
 la_oenb[4]
 la_oenb[50]
 la_oenb[51]
 la_oenb[52]
 la_oenb[53]
 la_oenb[54]
 la_oenb[55]
 la_oenb[56]
 la_oenb[57]
 la_oenb[58]
 la_oenb[59]
 la_oenb[5]
 la_oenb[60]
 la_oenb[61]
 la_oenb[62]
 la_oenb[63]
 la_oenb[64]
 la_oenb[65]
 la_oenb[66]
 la_oenb[67]
 la_oenb[68]
 la_oenb[69]
 la_oenb[6]
 la_oenb[70]
 la_oenb[71]
 la_oenb[72]
 la_oenb[73]
 la_oenb[74]
 la_oenb[75]
 la_oenb[76]
 la_oenb[77]
 la_oenb[78]
 la_oenb[79]
 la_oenb[7]
 la_oenb[80]
 la_oenb[81]
 la_oenb[82]
 la_oenb[83]
 la_oenb[84]
 la_oenb[85]
 la_oenb[86]
 la_oenb[87]
 la_oenb[88]
 la_oenb[89]
 la_oenb[8]
 la_oenb[90]
 la_oenb[91]
 la_oenb[92]
 la_oenb[93]
 la_oenb[94]
 la_oenb[95]
 la_oenb[96]
 la_oenb[97]
 la_oenb[98]
 la_oenb[99]
 la_oenb[9]
 user_clock2
 wbs_dat_i[20]
 wbs_dat_i[21]
 wbs_dat_i[22]
 wbs_dat_i[23]
 wbs_dat_i[24]
 wbs_dat_i[25]
 wbs_dat_i[26]
 wbs_dat_i[27]
 wbs_dat_i[28]
 wbs_dat_i[29]
 wbs_dat_i[30]
 wbs_dat_i[31]
 wbs_sel_i[0]
 wbs_sel_i[1]
 wbs_sel_i[2]
 wbs_sel_i[3]
 clkload0/Y
 clkload1/Y
 clkload10/Y
 clkload100/Y
 clkload101/Y
 clkload102/X
 clkload103/Y
 clkload104/Y
 clkload105/Y
 clkload106/Y
 clkload107/X
 clkload108/Y
 clkload109/X
 clkload11/Y
 clkload110/X
 clkload111/Y
 clkload112/Y
 clkload113/Y
 clkload114/X
 clkload115/Y
 clkload116/Y
 clkload117/Y
 clkload118/Y
 clkload119/X
 clkload12/Y
 clkload120/X
 clkload121/Y
 clkload122/Y
 clkload123/Y
 clkload124/X
 clkload125/Y
 clkload126/X
 clkload127/X
 clkload128/Y
 clkload129/Y
 clkload13/Y
 clkload130/Y
 clkload131/Y
 clkload132/X
 clkload133/Y
 clkload134/X
 clkload135/X
 clkload136/X
 clkload137/X
 clkload138/X
 clkload139/X
 clkload14/Y
 clkload140/Y
 clkload141/X
 clkload142/X
 clkload143/X
 clkload144/X
 clkload145/X
 clkload146/X
 clkload147/Y
 clkload148/X
 clkload149/X
 clkload15/X
 clkload150/X
 clkload151/X
 clkload152/Y
 clkload153/X
 clkload154/Y
 clkload155/X
 clkload156/X
 clkload157/X
 clkload158/X
 clkload159/Y
 clkload16/X
 clkload160/Y
 clkload161/X
 clkload162/Y
 clkload163/X
 clkload164/X
 clkload165/Y
 clkload166/Y
 clkload167/X
 clkload168/Y
 clkload169/Y
 clkload17/Y
 clkload170/X
 clkload171/Y
 clkload172/Y
 clkload173/Y
 clkload174/Y
 clkload175/X
 clkload176/X
 clkload177/X
 clkload178/Y
 clkload179/Y
 clkload18/X
 clkload180/Y
 clkload181/X
 clkload182/X
 clkload183/Y
 clkload184/X
 clkload185/X
 clkload186/X
 clkload187/Y
 clkload188/X
 clkload189/Y
 clkload19/X
 clkload190/X
 clkload191/X
 clkload192/X
 clkload193/Y
 clkload194/X
 clkload195/X
 clkload196/X
 clkload197/X
 clkload198/X
 clkload199/X
 clkload2/Y
 clkload20/X
 clkload200/X
 clkload201/X
 clkload202/X
 clkload203/X
 clkload204/X
 clkload205/X
 clkload206/X
 clkload207/X
 clkload208/X
 clkload209/Y
 clkload21/Y
 clkload210/Y
 clkload211/Y
 clkload212/X
 clkload213/Y
 clkload214/Y
 clkload215/X
 clkload216/X
 clkload217/X
 clkload218/X
 clkload219/X
 clkload22/Y
 clkload220/X
 clkload221/X
 clkload222/X
 clkload223/X
 clkload224/X
 clkload225/X
 clkload226/X
 clkload227/X
 clkload228/Y
 clkload229/Y
 clkload23/X
 clkload230/Y
 clkload231/Y
 clkload232/X
 clkload233/X
 clkload234/Y
 clkload235/Y
 clkload236/X
 clkload237/Y
 clkload238/Y
 clkload239/X
 clkload24/Y
 clkload240/X
 clkload241/X
 clkload242/X
 clkload243/X
 clkload244/X
 clkload245/X
 clkload246/X
 clkload247/Y
 clkload248/X
 clkload249/Y
 clkload25/Y
 clkload250/Y
 clkload251/X
 clkload252/X
 clkload253/X
 clkload254/X
 clkload255/X
 clkload256/X
 clkload257/X
 clkload258/X
 clkload259/X
 clkload26/Y
 clkload260/X
 clkload261/X
 clkload262/X
 clkload263/X
 clkload264/X
 clkload265/X
 clkload266/X
 clkload267/X
 clkload268/X
 clkload269/X
 clkload27/X
 clkload270/X
 clkload271/X
 clkload272/X
 clkload273/X
 clkload274/X
 clkload275/Y
 clkload276/X
 clkload277/X
 clkload278/X
 clkload279/Y
 clkload28/Y
 clkload280/X
 clkload281/X
 clkload282/X
 clkload283/X
 clkload284/X
 clkload285/Y
 clkload286/X
 clkload287/X
 clkload288/X
 clkload289/Y
 clkload29/Y
 clkload290/Y
 clkload291/Y
 clkload292/X
 clkload293/X
 clkload294/Y
 clkload295/X
 clkload296/X
 clkload297/X
 clkload298/X
 clkload299/X
 clkload3/Y
 clkload30/Y
 clkload300/X
 clkload301/X
 clkload302/X
 clkload303/X
 clkload304/X
 clkload305/X
 clkload306/X
 clkload307/X
 clkload308/X
 clkload309/X
 clkload31/Y
 clkload310/X
 clkload311/X
 clkload312/Y
 clkload313/X
 clkload314/X
 clkload315/X
 clkload316/X
 clkload317/X
 clkload318/Y
 clkload319/X
 clkload32/Y
 clkload320/Y
 clkload321/Y
 clkload322/Y
 clkload323/X
 clkload324/Y
 clkload325/Y
 clkload326/Y
 clkload327/X
 clkload328/Y
 clkload329/Y
 clkload33/Y
 clkload330/Y
 clkload331/X
 clkload332/Y
 clkload333/X
 clkload334/X
 clkload335/X
 clkload336/Y
 clkload337/X
 clkload338/X
 clkload339/Y
 clkload34/Y
 clkload340/X
 clkload341/X
 clkload342/X
 clkload343/X
 clkload344/X
 clkload345/X
 clkload346/X
 clkload347/X
 clkload348/X
 clkload349/Y
 clkload35/Y
 clkload350/X
 clkload351/X
 clkload352/X
 clkload353/X
 clkload354/X
 clkload355/X
 clkload356/X
 clkload357/X
 clkload358/X
 clkload359/Y
 clkload36/Y
 clkload360/X
 clkload361/Y
 clkload362/X
 clkload363/X
 clkload364/Y
 clkload365/X
 clkload366/X
 clkload367/X
 clkload368/X
 clkload369/Y
 clkload37/Y
 clkload370/X
 clkload371/X
 clkload372/X
 clkload373/X
 clkload374/X
 clkload375/X
 clkload376/X
 clkload377/X
 clkload378/X
 clkload379/X
 clkload38/Y
 clkload380/X
 clkload381/X
 clkload382/X
 clkload383/X
 clkload384/Y
 clkload385/X
 clkload386/X
 clkload387/X
 clkload388/X
 clkload389/Y
 clkload39/Y
 clkload390/Y
 clkload391/Y
 clkload392/X
 clkload393/X
 clkload394/X
 clkload395/X
 clkload396/X
 clkload397/Y
 clkload398/Y
 clkload399/X
 clkload4/Y
 clkload40/Y
 clkload400/X
 clkload401/X
 clkload402/Y
 clkload403/X
 clkload404/Y
 clkload405/X
 clkload406/X
 clkload407/Y
 clkload408/X
 clkload409/X
 clkload41/Y
 clkload410/X
 clkload411/X
 clkload412/X
 clkload413/X
 clkload414/X
 clkload415/X
 clkload416/X
 clkload417/X
 clkload418/X
 clkload419/X
 clkload42/Y
 clkload420/X
 clkload421/X
 clkload422/X
 clkload423/X
 clkload424/X
 clkload425/X
 clkload426/X
 clkload427/X
 clkload428/X
 clkload429/X
 clkload43/Y
 clkload430/X
 clkload431/X
 clkload432/Y
 clkload433/X
 clkload434/Y
 clkload435/X
 clkload436/Y
 clkload437/X
 clkload438/X
 clkload439/Y
 clkload44/Y
 clkload440/X
 clkload441/X
 clkload442/X
 clkload443/X
 clkload444/X
 clkload445/Y
 clkload446/X
 clkload447/Y
 clkload448/Y
 clkload449/X
 clkload45/Y
 clkload450/X
 clkload451/Y
 clkload452/X
 clkload453/X
 clkload454/Y
 clkload455/X
 clkload456/Y
 clkload457/X
 clkload458/X
 clkload459/X
 clkload46/X
 clkload460/X
 clkload461/X
 clkload462/X
 clkload463/X
 clkload464/X
 clkload465/X
 clkload466/X
 clkload467/X
 clkload468/X
 clkload469/X
 clkload47/X
 clkload470/X
 clkload471/X
 clkload472/X
 clkload473/Y
 clkload474/Y
 clkload475/X
 clkload476/Y
 clkload477/Y
 clkload478/Y
 clkload479/X
 clkload48/X
 clkload480/X
 clkload481/Y
 clkload482/Y
 clkload483/Y
 clkload484/Y
 clkload485/X
 clkload486/X
 clkload487/X
 clkload488/X
 clkload489/X
 clkload49/Y
 clkload490/X
 clkload491/X
 clkload492/X
 clkload493/X
 clkload494/X
 clkload495/X
 clkload496/X
 clkload497/Y
 clkload498/Y
 clkload499/Y
 clkload5/Y
 clkload50/X
 clkload500/Y
 clkload501/Y
 clkload502/X
 clkload503/Y
 clkload504/Y
 clkload505/Y
 clkload506/X
 clkload507/Y
 clkload508/X
 clkload509/X
 clkload51/X
 clkload510/Y
 clkload511/X
 clkload512/X
 clkload513/X
 clkload514/X
 clkload515/X
 clkload516/X
 clkload517/X
 clkload518/X
 clkload519/X
 clkload52/Y
 clkload520/Y
 clkload521/X
 clkload522/X
 clkload523/X
 clkload524/X
 clkload525/Y
 clkload526/Y
 clkload527/Y
 clkload528/Y
 clkload529/X
 clkload53/Y
 clkload530/X
 clkload531/X
 clkload532/X
 clkload533/X
 clkload534/X
 clkload535/Y
 clkload536/X
 clkload537/Y
 clkload538/Y
 clkload539/Y
 clkload54/Y
 clkload540/Y
 clkload541/Y
 clkload542/X
 clkload543/Y
 clkload544/Y
 clkload545/Y
 clkload546/X
 clkload547/Y
 clkload548/X
 clkload549/X
 clkload55/X
 clkload550/X
 clkload551/X
 clkload552/Y
 clkload553/X
 clkload554/X
 clkload555/X
 clkload556/Y
 clkload557/Y
 clkload558/Y
 clkload559/X
 clkload56/X
 clkload560/Y
 clkload561/X
 clkload562/Y
 clkload563/X
 clkload564/Y
 clkload565/X
 clkload566/X
 clkload567/Y
 clkload568/Y
 clkload569/Y
 clkload57/X
 clkload570/X
 clkload571/Y
 clkload572/Y
 clkload573/Y
 clkload574/Y
 clkload575/Y
 clkload576/Y
 clkload577/Y
 clkload578/Y
 clkload579/Y
 clkload58/Y
 clkload580/X
 clkload581/Y
 clkload582/Y
 clkload583/Y
 clkload584/Y
 clkload585/X
 clkload586/Y
 clkload587/Y
 clkload588/X
 clkload589/X
 clkload59/Y
 clkload590/X
 clkload591/Y
 clkload592/X
 clkload593/X
 clkload594/X
 clkload595/Y
 clkload596/Y
 clkload597/Y
 clkload598/X
 clkload599/Y
 clkload6/Y
 clkload60/Y
 clkload600/X
 clkload601/Y
 clkload602/X
 clkload603/X
 clkload604/X
 clkload605/X
 clkload606/X
 clkload607/X
 clkload608/Y
 clkload609/X
 clkload61/Y
 clkload610/X
 clkload611/X
 clkload612/X
 clkload613/Y
 clkload614/X
 clkload615/X
 clkload616/Y
 clkload617/X
 clkload618/X
 clkload619/X
 clkload62/Y
 clkload620/X
 clkload621/X
 clkload622/X
 clkload623/X
 clkload624/X
 clkload625/X
 clkload626/Y
 clkload627/Y
 clkload628/Y
 clkload629/Y
 clkload63/Y
 clkload630/Y
 clkload631/X
 clkload632/X
 clkload633/X
 clkload634/X
 clkload635/X
 clkload636/X
 clkload637/X
 clkload638/X
 clkload639/X
 clkload64/Y
 clkload640/X
 clkload641/Y
 clkload642/Y
 clkload643/Y
 clkload644/Y
 clkload645/Y
 clkload646/X
 clkload647/X
 clkload648/X
 clkload649/X
 clkload65/Y
 clkload650/X
 clkload651/Y
 clkload652/Y
 clkload653/X
 clkload654/X
 clkload655/Y
 clkload656/X
 clkload657/Y
 clkload658/X
 clkload659/Y
 clkload66/X
 clkload660/X
 clkload661/Y
 clkload662/X
 clkload663/X
 clkload664/X
 clkload665/X
 clkload666/X
 clkload667/X
 clkload668/X
 clkload669/X
 clkload67/X
 clkload670/X
 clkload671/X
 clkload672/X
 clkload673/X
 clkload674/X
 clkload675/X
 clkload676/X
 clkload677/Y
 clkload678/Y
 clkload679/Y
 clkload68/Y
 clkload680/Y
 clkload681/X
 clkload682/X
 clkload683/X
 clkload684/X
 clkload685/X
 clkload686/X
 clkload687/X
 clkload688/X
 clkload689/X
 clkload69/X
 clkload690/X
 clkload691/X
 clkload692/X
 clkload693/X
 clkload694/X
 clkload695/X
 clkload696/X
 clkload697/X
 clkload698/X
 clkload699/X
 clkload7/Y
 clkload70/Y
 clkload700/X
 clkload701/X
 clkload702/X
 clkload703/X
 clkload704/Y
 clkload705/X
 clkload706/X
 clkload707/X
 clkload708/X
 clkload709/X
 clkload71/Y
 clkload710/X
 clkload711/X
 clkload712/X
 clkload713/X
 clkload714/X
 clkload715/X
 clkload716/Y
 clkload717/X
 clkload718/X
 clkload719/X
 clkload72/X
 clkload720/X
 clkload721/Y
 clkload722/X
 clkload723/X
 clkload724/X
 clkload725/X
 clkload726/X
 clkload727/X
 clkload728/X
 clkload729/X
 clkload73/X
 clkload730/X
 clkload731/X
 clkload732/X
 clkload733/X
 clkload734/X
 clkload735/X
 clkload736/X
 clkload737/X
 clkload738/X
 clkload739/X
 clkload74/Y
 clkload740/X
 clkload741/X
 clkload742/Y
 clkload743/X
 clkload744/X
 clkload745/Y
 clkload746/X
 clkload747/X
 clkload748/Y
 clkload749/X
 clkload75/Y
 clkload750/Y
 clkload751/X
 clkload752/Y
 clkload753/Y
 clkload754/Y
 clkload755/X
 clkload756/X
 clkload757/X
 clkload758/X
 clkload759/X
 clkload76/Y
 clkload760/Y
 clkload761/Y
 clkload762/X
 clkload763/X
 clkload764/X
 clkload765/Y
 clkload766/X
 clkload767/Y
 clkload768/X
 clkload769/Y
 clkload77/Y
 clkload770/X
 clkload771/Y
 clkload772/Y
 clkload773/Y
 clkload774/X
 clkload775/X
 clkload776/X
 clkload777/X
 clkload778/X
 clkload779/X
 clkload78/Y
 clkload780/X
 clkload781/X
 clkload782/X
 clkload783/X
 clkload784/X
 clkload785/X
 clkload786/X
 clkload787/X
 clkload788/X
 clkload789/X
 clkload79/Y
 clkload790/X
 clkload791/Y
 clkload792/X
 clkload793/X
 clkload794/X
 clkload795/X
 clkload796/Y
 clkload797/X
 clkload798/X
 clkload799/X
 clkload8/Y
 clkload80/Y
 clkload800/X
 clkload801/X
 clkload802/Y
 clkload803/X
 clkload804/X
 clkload805/X
 clkload806/Y
 clkload807/X
 clkload808/X
 clkload809/X
 clkload81/X
 clkload810/X
 clkload811/X
 clkload812/X
 clkload813/X
 clkload814/X
 clkload815/X
 clkload816/X
 clkload817/X
 clkload818/X
 clkload819/X
 clkload82/Y
 clkload820/X
 clkload821/X
 clkload822/X
 clkload823/X
 clkload824/X
 clkload825/X
 clkload826/X
 clkload827/X
 clkload828/X
 clkload829/X
 clkload83/Y
 clkload830/X
 clkload831/X
 clkload832/Y
 clkload833/X
 clkload834/Y
 clkload835/X
 clkload836/X
 clkload837/X
 clkload838/X
 clkload839/X
 clkload84/X
 clkload840/X
 clkload841/Y
 clkload842/X
 clkload843/X
 clkload844/X
 clkload845/X
 clkload846/X
 clkload847/Y
 clkload848/Y
 clkload849/X
 clkload85/Y
 clkload850/X
 clkload851/Y
 clkload852/Y
 clkload853/Y
 clkload854/X
 clkload855/X
 clkload856/X
 clkload857/X
 clkload858/Y
 clkload859/X
 clkload86/Y
 clkload860/X
 clkload861/X
 clkload862/X
 clkload863/X
 clkload864/Y
 clkload865/X
 clkload866/X
 clkload867/X
 clkload868/X
 clkload869/Y
 clkload87/Y
 clkload870/X
 clkload871/X
 clkload872/X
 clkload873/X
 clkload874/X
 clkload875/X
 clkload876/X
 clkload877/X
 clkload878/X
 clkload879/X
 clkload88/Y
 clkload880/Y
 clkload881/X
 clkload882/Y
 clkload883/X
 clkload884/Y
 clkload885/X
 clkload886/X
 clkload887/X
 clkload888/X
 clkload889/X
 clkload89/Y
 clkload890/Y
 clkload891/X
 clkload892/X
 clkload893/Y
 clkload894/X
 clkload895/X
 clkload896/X
 clkload897/X
 clkload898/X
 clkload899/X
 clkload9/Y
 clkload90/X
 clkload900/X
 clkload901/X
 clkload902/X
 clkload903/X
 clkload904/X
 clkload905/X
 clkload906/X
 clkload907/X
 clkload908/Y
 clkload909/X
 clkload91/X
 clkload910/X
 clkload911/X
 clkload912/X
 clkload913/X
 clkload914/X
 clkload915/X
 clkload92/X
 clkload93/Y
 clkload94/Y
 clkload95/Y
 clkload96/X
 clkload97/X
 clkload98/Y
 clkload99/X
 user_project_wrapper_3212/HI
 user_project_wrapper_3213/HI
 user_project_wrapper_3214/HI
 user_project_wrapper_3215/HI
 user_project_wrapper_3216/HI
 user_project_wrapper_3217/HI
 user_project_wrapper_3218/HI
 user_project_wrapper_3219/HI
 user_project_wrapper_3220/HI
 user_project_wrapper_3221/HI
 user_project_wrapper_3222/HI
 user_project_wrapper_3223/HI
 user_project_wrapper_3224/HI
 user_project_wrapper_3225/HI
 user_project_wrapper_3226/HI
 user_project_wrapper_3227/HI
 user_project_wrapper_3228/HI
 user_project_wrapper_3229/HI
 user_project_wrapper_3230/HI
 user_project_wrapper_3231/HI
 user_project_wrapper_3232/HI
 user_project_wrapper_3233/HI
 user_project_wrapper_3234/HI
 user_project_wrapper_3235/HI
 user_project_wrapper_3236/HI
 user_project_wrapper_3237/HI
 user_project_wrapper_3238/HI
 user_project_wrapper_3239/HI
 user_project_wrapper_3240/HI
 user_project_wrapper_3241/HI
 user_project_wrapper_3242/HI
 user_project_wrapper_3243/HI
 user_project_wrapper_3244/HI
 user_project_wrapper_3245/HI
 user_project_wrapper_3246/HI
 user_project_wrapper_3247/HI
 user_project_wrapper_3248/HI
 user_project_wrapper_3249/HI
 user_project_wrapper_3250/HI
 user_project_wrapper_3251/HI
 user_project_wrapper_3252/HI
 user_project_wrapper_3253/HI
 user_project_wrapper_3254/HI
 user_project_wrapper_3255/HI
 user_project_wrapper_3256/HI
 user_project_wrapper_3257/HI
 user_project_wrapper_3258/HI
 user_project_wrapper_3259/HI
 user_project_wrapper_3260/HI
 user_project_wrapper_3261/HI
 user_project_wrapper_3262/HI
 user_project_wrapper_3263/HI
 user_project_wrapper_3264/HI
 user_project_wrapper_3265/HI
 user_project_wrapper_3266/HI
 user_project_wrapper_3267/HI
 user_project_wrapper_3268/HI
 user_project_wrapper_3269/HI
 user_project_wrapper_3270/HI
 user_project_wrapper_3271/HI
 user_project_wrapper_3272/HI
 user_project_wrapper_3273/HI
 user_project_wrapper_3274/HI
 user_project_wrapper_3275/HI
 user_project_wrapper_3276/HI
 user_project_wrapper_3277/HI
 user_project_wrapper_3278/HI
 user_project_wrapper_3279/HI
 user_project_wrapper_3280/HI
 user_project_wrapper_3281/HI
 user_project_wrapper_3282/HI
 user_project_wrapper_3283/HI
 user_project_wrapper_3284/HI
 user_project_wrapper_3285/HI
 user_project_wrapper_3286/HI
 user_project_wrapper_3287/HI
 user_project_wrapper_3288/HI
 user_project_wrapper_3289/HI
 user_project_wrapper_3290/HI
 user_project_wrapper_3291/HI
 user_project_wrapper_3292/HI
 user_project_wrapper_3293/HI
 user_project_wrapper_3294/HI
 user_project_wrapper_3295/HI
 user_project_wrapper_3296/HI
 user_project_wrapper_3297/HI
 user_project_wrapper_3298/HI
 user_project_wrapper_3299/HI
 user_project_wrapper_3300/HI
 user_project_wrapper_3301/HI
 user_project_wrapper_3302/HI
 user_project_wrapper_3303/HI
 user_project_wrapper_3304/HI
 user_project_wrapper_3305/HI
 user_project_wrapper_3306/HI
 user_project_wrapper_3307/HI
 user_project_wrapper_3308/HI
 user_project_wrapper_3309/HI
 user_project_wrapper_3310/HI
 user_project_wrapper_3311/HI
 user_project_wrapper_3312/HI
 user_project_wrapper_3313/HI
 user_project_wrapper_3314/HI
 user_project_wrapper_3315/HI
 user_project_wrapper_3316/HI
 user_project_wrapper_3317/HI
 user_project_wrapper_3318/HI
 user_project_wrapper_3319/HI
 user_project_wrapper_3320/HI
 user_project_wrapper_3321/HI
 user_project_wrapper_3322/HI
 user_project_wrapper_3323/HI
 user_project_wrapper_3324/HI
 user_project_wrapper_3325/HI
 user_project_wrapper_3326/HI
 user_project_wrapper_3327/HI
 user_project_wrapper_3328/HI
 user_project_wrapper_3329/HI
 user_project_wrapper_3330/HI
 user_project_wrapper_3331/HI
 user_project_wrapper_3332/HI
 user_project_wrapper_3333/HI
 user_project_wrapper_3334/HI
 user_project_wrapper_3335/HI
 user_project_wrapper_3336/HI
 user_project_wrapper_3337/HI
 user_project_wrapper_3338/HI
 user_project_wrapper_3339/HI
 user_project_wrapper_3340/HI
 user_project_wrapper_3341/HI
 user_project_wrapper_3342/HI
 user_project_wrapper_3343/HI
 user_project_wrapper_3344/HI
 user_project_wrapper_3345/HI
 user_project_wrapper_3346/HI
 user_project_wrapper_3347/HI
 user_project_wrapper_3348/HI
 user_project_wrapper_3349/HI
 user_project_wrapper_3350/HI
 user_project_wrapper_3351/HI
 user_project_wrapper_3352/HI
 user_project_wrapper_3353/HI
 user_project_wrapper_3354/HI
 user_project_wrapper_3355/HI
 user_project_wrapper_3356/HI
 user_project_wrapper_3357/HI
 user_project_wrapper_3358/HI
 user_project_wrapper_3359/HI
 user_project_wrapper_3360/HI
 user_project_wrapper_3361/HI
 user_project_wrapper_3362/HI
 user_project_wrapper_3363/HI
 user_project_wrapper_3364/HI
 user_project_wrapper_3365/HI
 user_project_wrapper_3366/HI
 user_project_wrapper_3367/HI
 user_project_wrapper_3368/HI
 user_project_wrapper_3369/HI
 user_project_wrapper_3370/HI
 user_project_wrapper_3371/HI
 user_project_wrapper_3372/HI
 user_project_wrapper_3373/HI
 user_project_wrapper_3374/HI
 user_project_wrapper_3375/HI
 user_project_wrapper_3376/HI
 user_project_wrapper_3377/HI
Found 0 partially unannotated drivers.

===========================================================================
max slew violation count 0
max fanout violation count 86
max cap violation count 0
============================================================================

===========================================================================
check_setup -verbose -unconstrained_endpoints -multiple_clock -no_clock -no_input_delay -loops -generated_clocks
===========================================================================
Warning: There are 68 input ports missing set_input_delay.
  analog_io[0]
  analog_io[10]
  analog_io[11]
  analog_io[12]
  analog_io[13]
  analog_io[14]
  analog_io[15]
  analog_io[16]
  analog_io[17]
  analog_io[18]
  analog_io[19]
  analog_io[1]
  analog_io[20]
  analog_io[21]
  analog_io[22]
  analog_io[23]
  analog_io[24]
  analog_io[25]
  analog_io[26]
  analog_io[27]
  analog_io[28]
  analog_io[2]
  analog_io[3]
  analog_io[4]
  analog_io[5]
  analog_io[6]
  analog_io[7]
  analog_io[8]
  analog_io[9]
  io_in[0]
  io_in[10]
  io_in[11]
  io_in[12]
  io_in[13]
  io_in[14]
  io_in[15]
  io_in[16]
  io_in[17]
  io_in[18]
  io_in[19]
  io_in[1]
  io_in[20]
  io_in[21]
  io_in[22]
  io_in[23]
  io_in[24]
  io_in[25]
  io_in[26]
  io_in[27]
  io_in[28]
  io_in[29]
  io_in[2]
  io_in[30]
  io_in[31]
  io_in[32]
  io_in[33]
  io_in[34]
  io_in[35]
  io_in[36]
  io_in[37]
  io_in[3]
  io_in[4]
  io_in[5]
  io_in[6]
  io_in[7]
  io_in[8]
  io_in[9]
  user_clock2
Warning: There are 236 unconstrained endpoints.
  analog_io[0]
  analog_io[10]
  analog_io[11]
  analog_io[12]
  analog_io[13]
  analog_io[14]
  analog_io[15]
  analog_io[16]
  analog_io[17]
  analog_io[18]
  analog_io[19]
  analog_io[1]
  analog_io[20]
  analog_io[21]
  analog_io[22]
  analog_io[23]
  analog_io[24]
  analog_io[25]
  analog_io[26]
  analog_io[27]
  analog_io[28]
  analog_io[2]
  analog_io[3]
  analog_io[4]
  analog_io[5]
  analog_io[6]
  analog_io[7]
  analog_io[8]
  analog_io[9]
  io_oeb[0]
  io_oeb[10]
  io_oeb[11]
  io_oeb[12]
  io_oeb[13]
  io_oeb[14]
  io_oeb[15]
  io_oeb[16]
  io_oeb[17]
  io_oeb[18]
  io_oeb[19]
  io_oeb[1]
  io_oeb[20]
  io_oeb[21]
  io_oeb[22]
  io_oeb[23]
  io_oeb[24]
  io_oeb[25]
  io_oeb[26]
  io_oeb[27]
  io_oeb[28]
  io_oeb[29]
  io_oeb[2]
  io_oeb[30]
  io_oeb[31]
  io_oeb[32]
  io_oeb[33]
  io_oeb[34]
  io_oeb[35]
  io_oeb[36]
  io_oeb[37]
  io_oeb[3]
  io_oeb[4]
  io_oeb[5]
  io_oeb[6]
  io_oeb[7]
  io_oeb[8]
  io_oeb[9]
  io_out[0]
  io_out[10]
  io_out[11]
  io_out[12]
  io_out[13]
  io_out[14]
  io_out[15]
  io_out[16]
  io_out[17]
  io_out[18]
  io_out[19]
  io_out[1]
  io_out[20]
  io_out[21]
  io_out[22]
  io_out[23]
  io_out[24]
  io_out[25]
  io_out[26]
  io_out[27]
  io_out[28]
  io_out[29]
  io_out[2]
  io_out[30]
  io_out[31]
  io_out[32]
  io_out[33]
  io_out[34]
  io_out[35]
  io_out[36]
  io_out[37]
  io_out[3]
  io_out[4]
  io_out[5]
  io_out[6]
  io_out[7]
  io_out[8]
  io_out[9]
  la_data_out[100]
  la_data_out[101]
  la_data_out[102]
  la_data_out[103]
  la_data_out[104]
  la_data_out[105]
  la_data_out[106]
  la_data_out[107]
  la_data_out[108]
  la_data_out[109]
  la_data_out[10]
  la_data_out[110]
  la_data_out[111]
  la_data_out[112]
  la_data_out[113]
  la_data_out[114]
  la_data_out[115]
  la_data_out[116]
  la_data_out[117]
  la_data_out[118]
  la_data_out[119]
  la_data_out[11]
  la_data_out[120]
  la_data_out[121]
  la_data_out[122]
  la_data_out[123]
  la_data_out[124]
  la_data_out[125]
  la_data_out[126]
  la_data_out[127]
  la_data_out[12]
  la_data_out[13]
  la_data_out[14]
  la_data_out[15]
  la_data_out[16]
  la_data_out[17]
  la_data_out[18]
  la_data_out[19]
  la_data_out[1]
  la_data_out[20]
  la_data_out[21]
  la_data_out[22]
  la_data_out[23]
  la_data_out[24]
  la_data_out[25]
  la_data_out[26]
  la_data_out[27]
  la_data_out[28]
  la_data_out[29]
  la_data_out[2]
  la_data_out[30]
  la_data_out[31]
  la_data_out[32]
  la_data_out[33]
  la_data_out[34]
  la_data_out[35]
  la_data_out[36]
  la_data_out[37]
  la_data_out[38]
  la_data_out[39]
  la_data_out[3]
  la_data_out[40]
  la_data_out[41]
  la_data_out[42]
  la_data_out[43]
  la_data_out[44]
  la_data_out[45]
  la_data_out[46]
  la_data_out[47]
  la_data_out[48]
  la_data_out[49]
  la_data_out[4]
  la_data_out[50]
  la_data_out[51]
  la_data_out[52]
  la_data_out[53]
  la_data_out[54]
  la_data_out[55]
  la_data_out[56]
  la_data_out[57]
  la_data_out[58]
  la_data_out[59]
  la_data_out[5]
  la_data_out[60]
  la_data_out[61]
  la_data_out[62]
  la_data_out[63]
  la_data_out[64]
  la_data_out[65]
  la_data_out[66]
  la_data_out[67]
  la_data_out[68]
  la_data_out[69]
  la_data_out[6]
  la_data_out[70]
  la_data_out[71]
  la_data_out[72]
  la_data_out[73]
  la_data_out[74]
  la_data_out[75]
  la_data_out[76]
  la_data_out[77]
  la_data_out[78]
  la_data_out[79]
  la_data_out[7]
  la_data_out[80]
  la_data_out[81]
  la_data_out[82]
  la_data_out[83]
  la_data_out[84]
  la_data_out[85]
  la_data_out[86]
  la_data_out[87]
  la_data_out[88]
  la_data_out[89]
  la_data_out[8]
  la_data_out[90]
  la_data_out[91]
  la_data_out[92]
  la_data_out[93]
  la_data_out[94]
  la_data_out[95]
  la_data_out[96]
  la_data_out[97]
  la_data_out[98]
  la_data_out[99]
  la_data_out[9]
  user_irq[0]
  user_irq[1]
  user_irq[2]
  _24653_/D
