Clock: clk
Sources: wb_clk_i 
Generated: no
Virtual: yes
Propagated: no
Period: 20.000000

===========================================================================
report_clock_properties
============================================================================
Clock                   Period          Waveform
----------------------------------------------------
clk                  20.000000    0.000000 10.000000

===========================================================================
report_clock_latency
============================================================================
Clock clk
rise -> rise
    min     max
4.650000 5.570000 source latency
5.653302         network latency _24513_/CLK
        6.767262 network latency _25645_/CLK
---------------
10.303302 12.337262 latency
        2.033961 skew

fall -> fall
    min     max
4.650000 5.570000 source latency
5.789290         network latency _24513_/CLK
        6.885318 network latency _25645_/CLK
---------------
10.439291 12.455318 latency
        2.016028 skew



===========================================================================
report_clock_min_period
============================================================================
clk period_min = 5.57 fmax = 179.47
