
===========================================================================
 report_power
============================================================================
======================= max_ff_n40C_1v95 Corner ===================================

Group                    Internal    Switching      Leakage        Total
                            Power        Power        Power        Power (Watts)
------------------------------------------------------------------------
Sequential           8.451474e-03 2.893872e-07 6.526642e-08 8.451829e-03  33.7%
Combinational        1.464247e-04 3.879307e-04 2.621332e-07 5.346175e-04   2.1%
Clock                9.978342e-03 6.082678e-03 7.468559e-08 1.606109e-02  64.1%
Macro                0.000000e+00 0.000000e+00 0.000000e+00 0.000000e+00   0.0%
Pad                  0.000000e+00 0.000000e+00 0.000000e+00 0.000000e+00   0.0%
------------------------------------------------------------------------
Total                1.857619e-02 6.470900e-03 4.020191e-07 2.504749e-02 100.0%
                            74.2%        25.8%         0.0%

