
===========================================================================
 report_power
============================================================================
======================= min_ss_100C_1v60 Corner ===================================

Group                    Internal    Switching      Leakage        Total
                            Power        Power        Power        Power (Watts)
------------------------------------------------------------------------
Sequential           6.366480e-04 4.001692e-05 3.452688e-06 6.801176e-04  49.9%
Combinational        1.452960e-04 3.760523e-05 5.156267e-06 1.880575e-04  13.8%
Clock                1.815802e-04 3.136042e-04 2.819629e-07 4.954664e-04  36.3%
Macro                0.000000e+00 0.000000e+00 0.000000e+00 0.000000e+00   0.0%
Pad                  0.000000e+00 0.000000e+00 0.000000e+00 0.000000e+00   0.0%
------------------------------------------------------------------------
Total                9.635243e-04 3.912266e-04 8.890940e-06 1.363642e-03 100.0%
                            70.7%        28.7%         0.7%

