Clock: mem_sys_clk
Sources: mem_sys_clk 
Generated: no
Virtual: yes
Propagated: no
Period: 14.000000

===========================================================================
report_clock_properties
============================================================================
Clock                   Period          Waveform
----------------------------------------------------
mem_sys_clk          14.000000    0.000000  7.000000

===========================================================================
report_clock_latency
============================================================================
Clock mem_sys_clk
rise -> rise
    min     max
0.000000 0.000000 source latency
1.891462         network latency _8477_/CLK
        2.438054 network latency _7950_/CLK
---------------
1.891462 2.438054 latency
        0.546592 skew

fall -> fall
    min     max
0.000000 0.000000 source latency
1.730466         network latency _8477_/CLK
        2.214478 network latency _7950_/CLK
---------------
1.730466 2.214478 latency
        0.484012 skew



===========================================================================
report_clock_min_period
============================================================================
mem_sys_clk period_min = 10.52 fmax = 95.10
