
===========================================================================
report_checks -unconstrained
===========================================================================
======================= max_ss_100C_1v60 Corner ===================================

Startpoint: _1509_ (rising edge-triggered flip-flop clocked by clk)
Endpoint: _1455_ (rising edge-triggered flip-flop clocked by clk)
Path Group: clk
Path Type: max

Fanout         Cap        Slew       Delay        Time   Description
---------------------------------------------------------------------------------------------
                                  0.000000    0.000000   clock clk (rise edge)
                                  0.000000    0.000000   clock source latency
     2    0.037472    0.000000    0.000000    0.000000 ^ clk (in)
                                                         clk (net)
                      0.005996    0.002998    0.002998 ^ clkbuf_0_clk/A (sky130_fd_sc_hd__clkbuf_16)
     9    0.085907    0.156818    0.269495    0.272493 ^ clkbuf_0_clk/X (sky130_fd_sc_hd__clkbuf_16)
                                                         clknet_0_clk (net)
                      0.157060    0.004945    0.277438 ^ clkbuf_2_1__f_clk/A (sky130_fd_sc_hd__clkbuf_16)
    13    0.079540    0.147440    0.331562    0.609000 ^ clkbuf_2_1__f_clk/X (sky130_fd_sc_hd__clkbuf_16)
                                                         clknet_2_1__leaf_clk (net)
                      0.147518    0.003170    0.612171 ^ clkbuf_leaf_25_clk/A (sky130_fd_sc_hd__clkbuf_8)
     9    0.036554    0.121326    0.306102    0.918273 ^ clkbuf_leaf_25_clk/X (sky130_fd_sc_hd__clkbuf_8)
                                                         clknet_leaf_25_clk (net)
                      0.121369    0.002118    0.920390 ^ _1509_/CLK (sky130_fd_sc_hd__dfrtp_1)
     1    0.002312    0.070909    0.746945    1.667335 v _1509_/Q (sky130_fd_sc_hd__dfrtp_1)
                                                         uart_ip_i.uart_clk_gen_i.rx_clk_cnt[6] (net)
                      0.070909    0.000157    1.667493 v hold313/A (sky130_fd_sc_hd__dlygate4sd3_1)
     3    0.008096    0.156580    1.192668    2.860160 v hold313/X (sky130_fd_sc_hd__dlygate4sd3_1)
                                                         net440 (net)
                      0.156580    0.000598    2.860759 v _0702_/B (sky130_fd_sc_hd__or4_1)
     2    0.007734    0.235731    1.292246    4.153005 v _0702_/X (sky130_fd_sc_hd__or4_1)
                                                         _0446_ (net)
                      0.235731    0.000460    4.153465 v _0714_/B (sky130_fd_sc_hd__or4_1)
     2    0.008397    0.245027    1.329769    5.483233 v _0714_/X (sky130_fd_sc_hd__or4_1)
                                                         _0458_ (net)
                      0.245027    0.000680    5.483914 v _0717_/B (sky130_fd_sc_hd__or4b_2)
     4    0.014825    0.304655    1.715636    7.199550 v _0717_/X (sky130_fd_sc_hd__or4b_2)
                                                         _0461_ (net)
                      0.304656    0.001379    7.200929 v _1131_/A1 (sky130_fd_sc_hd__a221o_1)
     1    0.004383    0.109282    0.686072    7.887001 v _1131_/X (sky130_fd_sc_hd__a221o_1)
                                                         _0325_ (net)
                      0.109282    0.000317    7.887318 v _1132_/B (sky130_fd_sc_hd__nor2_1)
     3    0.012221    0.387256    0.351521    8.238838 ^ _1132_/Y (sky130_fd_sc_hd__nor2_1)
                                                         _0326_ (net)
                      0.387258    0.000735    8.239573 ^ _1144_/S (sky130_fd_sc_hd__mux2_1)
     1    0.002424    0.106579    0.792522    9.032095 v _1144_/X (sky130_fd_sc_hd__mux2_1)
                                                         _0218_ (net)
                      0.106579    0.000099    9.032194 v hold393/A (sky130_fd_sc_hd__dlygate4sd3_1)
     1    0.002160    0.100430    1.129788   10.161982 v hold393/X (sky130_fd_sc_hd__dlygate4sd3_1)
                                                         net520 (net)
                      0.100430    0.000151   10.162133 v _1455_/D (sky130_fd_sc_hd__dfrtp_2)
                                             10.162133   data arrival time

                                 10.000000   10.000000   clock clk (rise edge)
                                  0.000000   10.000000   clock source latency
     2    0.037472    0.000000    0.000000   10.000000 ^ clk (in)
                                                         clk (net)
                      0.005996    0.002998   10.002997 ^ clkbuf_0_clk/A (sky130_fd_sc_hd__clkbuf_16)
     9    0.085907    0.156818    0.269496   10.272493 ^ clkbuf_0_clk/X (sky130_fd_sc_hd__clkbuf_16)
                                                         clknet_0_clk (net)
                      0.157060    0.004945   10.277439 ^ clkbuf_2_1__f_clk/A (sky130_fd_sc_hd__clkbuf_16)
    13    0.079540    0.147440    0.331561   10.609000 ^ clkbuf_2_1__f_clk/X (sky130_fd_sc_hd__clkbuf_16)
                                                         clknet_2_1__leaf_clk (net)
                      0.147535    0.003446   10.612447 ^ clkbuf_leaf_27_clk/A (sky130_fd_sc_hd__clkbuf_8)
    13    0.039262    0.127799    0.310970   10.923416 ^ clkbuf_leaf_27_clk/X (sky130_fd_sc_hd__clkbuf_8)
                                                         clknet_leaf_27_clk (net)
                      0.127823    0.001769   10.925185 ^ _1455_/CLK (sky130_fd_sc_hd__dfrtp_2)
                                 -0.250000   10.675185   clock uncertainty
                                  0.000000   10.675185   clock reconvergence pessimism
                                 -0.273899   10.401286   library setup time
                                             10.401286   data required time
---------------------------------------------------------------------------------------------
                                             10.401286   data required time
                                            -10.162133   data arrival time
---------------------------------------------------------------------------------------------
                                              0.239154   slack (MET)




===========================================================================
report_checks --slack_max -0.01
============================================================================
======================= max_ss_100C_1v60 Corner ===================================

No paths found.


===========================================================================
 report_check_types -max_slew -max_cap -max_fanout -violators
============================================================================
======================= max_ss_100C_1v60 Corner ===================================

max fanout

Pin                                   Limit Fanout  Slack
---------------------------------------------------------
fanout101/X                              16     33    -17 (VIOLATED)
fanout102/X                              16     33    -17 (VIOLATED)
fanout103/X                              16     33    -17 (VIOLATED)
fanout104/X                              16     33    -17 (VIOLATED)
fanout107/X                              16     33    -17 (VIOLATED)
fanout111/X                              16     33    -17 (VIOLATED)
fanout118/X                              16     33    -17 (VIOLATED)
fanout121/X                              16     33    -17 (VIOLATED)
fanout122/X                              16     33    -17 (VIOLATED)
fanout123/X                              16     33    -17 (VIOLATED)
fanout88/X                               16     33    -17 (VIOLATED)
fanout89/X                               16     33    -17 (VIOLATED)
fanout90/X                               16     33    -17 (VIOLATED)
fanout91/X                               16     33    -17 (VIOLATED)
fanout92/X                               16     33    -17 (VIOLATED)
fanout94/X                               16     33    -17 (VIOLATED)
fanout95/X                               16     33    -17 (VIOLATED)
fanout96/X                               16     33    -17 (VIOLATED)
fanout97/X                               16     33    -17 (VIOLATED)
fanout98/X                               16     33    -17 (VIOLATED)
fanout99/X                               16     33    -17 (VIOLATED)
_1534_/Q                                 16     31    -15 (VIOLATED)
fanout108/X                              16     31    -15 (VIOLATED)
_1528_/Q                                 16     29    -13 (VIOLATED)
fanout106/X                              16     27    -11 (VIOLATED)
fanout114/X                              16     27    -11 (VIOLATED)
_1529_/Q                                 16     25     -9 (VIOLATED)
_1308_/Q                                 16     23     -7 (VIOLATED)
clkbuf_2_0__f_clk/X                      16     21     -5 (VIOLATED)
clkbuf_2_2__f_clk/X                      16     21     -5 (VIOLATED)
clkbuf_2_3__f_clk/X                      16     21     -5 (VIOLATED)
fanout115/X                              16     21     -5 (VIOLATED)
fanout119/X                              16     21     -5 (VIOLATED)
fanout127/X                              16     21     -5 (VIOLATED)
fanout93/X                               16     21     -5 (VIOLATED)
_0825_/Y                                 16     17        (VIOLATED)
_1535_/Q                                 16     17        (VIOLATED)



===========================================================================
report_parasitic_annotation -report_unannotated
============================================================================
Found 32 unannotated drivers.
 clkload0/Y
 clkload1/X
 clkload10/Y
 clkload11/Y
 clkload12/Y
 clkload13/Y
 clkload14/Y
 clkload15/X
 clkload16/Y
 clkload17/X
 clkload18/Y
 clkload19/Y
 clkload2/X
 clkload20/X
 clkload21/Y
 clkload22/Y
 clkload23/X
 clkload24/Y
 clkload25/Y
 clkload26/X
 clkload27/Y
 clkload28/Y
 clkload29/X
 clkload3/X
 clkload30/Y
 clkload31/Y
 clkload4/Y
 clkload5/Y
 clkload6/X
 clkload7/Y
 clkload8/Y
 clkload9/Y
Found 0 partially unannotated drivers.

===========================================================================
max slew violation count 0
max fanout violation count 37
max cap violation count 0
============================================================================

===========================================================================
check_setup -verbose -unconstrained_endpoints -multiple_clock -no_clock -no_input_delay -loops -generated_clocks
===========================================================================
Warning: There are 35 input ports missing set_input_delay.
  arst_n
  mem_rdata[0]
  mem_rdata[10]
  mem_rdata[11]
  mem_rdata[12]
  mem_rdata[13]
  mem_rdata[14]
  mem_rdata[15]
  mem_rdata[16]
  mem_rdata[17]
  mem_rdata[18]
  mem_rdata[19]
  mem_rdata[1]
  mem_rdata[20]
  mem_rdata[21]
  mem_rdata[22]
  mem_rdata[23]
  mem_rdata[24]
  mem_rdata[25]
  mem_rdata[26]
  mem_rdata[27]
  mem_rdata[28]
  mem_rdata[29]
  mem_rdata[2]
  mem_rdata[30]
  mem_rdata[31]
  mem_rdata[3]
  mem_rdata[4]
  mem_rdata[5]
  mem_rdata[6]
  mem_rdata[7]
  mem_rdata[8]
  mem_rdata[9]
  mem_rdy
  rx
Warning: There are 52 unconstrained endpoints.
  mem_raddr[0]
  mem_raddr[1]
  mem_raddr[2]
  mem_raddr[3]
  mem_raddr[4]
  mem_raddr[5]
  mem_raddr[6]
  mem_raddr[7]
  mem_re
  mem_waddr[0]
  mem_waddr[1]
  mem_waddr[2]
  mem_waddr[3]
  mem_waddr[4]
  mem_waddr[5]
  mem_waddr[6]
  mem_waddr[7]
  mem_wdata[0]
  mem_wdata[10]
  mem_wdata[11]
  mem_wdata[12]
  mem_wdata[13]
  mem_wdata[14]
  mem_wdata[15]
  mem_wdata[16]
  mem_wdata[17]
  mem_wdata[18]
  mem_wdata[19]
  mem_wdata[1]
  mem_wdata[20]
  mem_wdata[21]
  mem_wdata[22]
  mem_wdata[23]
  mem_wdata[24]
  mem_wdata[25]
  mem_wdata[26]
  mem_wdata[27]
  mem_wdata[28]
  mem_wdata[29]
  mem_wdata[2]
  mem_wdata[30]
  mem_wdata[31]
  mem_wdata[3]
  mem_wdata[4]
  mem_wdata[5]
  mem_wdata[6]
  mem_wdata[7]
  mem_wdata[8]
  mem_wdata[9]
  mem_we
  tx
  _1519_/D
