Clock: clk
Sources: clk 
Generated: no
Virtual: yes
Propagated: no
Period: 10.000000

===========================================================================
report_clock_properties
============================================================================
Clock                   Period          Waveform
----------------------------------------------------
clk                  10.000000    0.000000  5.000000

===========================================================================
report_clock_latency
============================================================================
Clock clk
rise -> rise
    min     max
0.000000 0.000000 source latency
0.904407         network latency _1459_/CLK
        0.988020 network latency _1324_/CLK
---------------
0.904407 0.988020 latency
        0.083613 skew

fall -> fall
    min     max
0.000000 0.000000 source latency
0.911719         network latency _1459_/CLK
        0.974881 network latency _1324_/CLK
---------------
0.911719 0.974881 latency
        0.063162 skew



===========================================================================
report_clock_min_period
============================================================================
clk period_min = 9.76 fmax = 102.45
