
===========================================================================
 report_power
============================================================================
======================= max_ss_100C_1v60 Corner ===================================

Group                    Internal    Switching      Leakage        Total
                            Power        Power        Power        Power (Watts)
------------------------------------------------------------------------
Sequential           8.764792e-04 6.362293e-06 5.168689e-06 8.880101e-04  49.4%
Combinational        4.414507e-05 1.658551e-05 6.847904e-06 6.757849e-05   3.8%
Clock                4.079691e-04 4.342396e-04 6.783026e-07 8.428870e-04  46.9%
Macro                0.000000e+00 0.000000e+00 0.000000e+00 0.000000e+00   0.0%
Pad                  0.000000e+00 0.000000e+00 0.000000e+00 0.000000e+00   0.0%
------------------------------------------------------------------------
Total                1.328593e-03 4.571874e-04 1.269503e-05 1.798476e-03 100.0%
                            73.9%        25.4%         0.7%

