
===========================================================================
report_checks -unconstrained
===========================================================================
======================= min_tt_025C_1v80 Corner ===================================

Startpoint: _1509_ (rising edge-triggered flip-flop clocked by clk)
Endpoint: _1455_ (rising edge-triggered flip-flop clocked by clk)
Path Group: clk
Path Type: max

Fanout         Cap        Slew       Delay        Time   Description
---------------------------------------------------------------------------------------------
                                  0.000000    0.000000   clock clk (rise edge)
                                  0.000000    0.000000   clock source latency
     2    0.034599    0.000000    0.000000    0.000000 ^ clk (in)
                                                         clk (net)
                      0.002754    0.001377    0.001377 ^ clkbuf_0_clk/A (sky130_fd_sc_hd__clkbuf_16)
     9    0.076938    0.093767    0.153777    0.155154 ^ clkbuf_0_clk/X (sky130_fd_sc_hd__clkbuf_16)
                                                         clknet_0_clk (net)
                      0.093849    0.001515    0.156669 ^ clkbuf_2_1__f_clk/A (sky130_fd_sc_hd__clkbuf_16)
    13    0.073488    0.090708    0.184623    0.341292 ^ clkbuf_2_1__f_clk/X (sky130_fd_sc_hd__clkbuf_16)
                                                         clknet_2_1__leaf_clk (net)
                      0.090710    0.000608    0.341900 ^ clkbuf_leaf_25_clk/A (sky130_fd_sc_hd__clkbuf_8)
     9    0.035322    0.074616    0.167923    0.509823 ^ clkbuf_leaf_25_clk/X (sky130_fd_sc_hd__clkbuf_8)
                                                         clknet_leaf_25_clk (net)
                      0.074617    0.000421    0.510243 ^ _1509_/CLK (sky130_fd_sc_hd__dfrtp_1)
     1    0.002219    0.035997    0.358939    0.869182 v _1509_/Q (sky130_fd_sc_hd__dfrtp_1)
                                                         uart_ip_i.uart_clk_gen_i.rx_clk_cnt[6] (net)
                      0.035997    0.000023    0.869205 v hold313/A (sky130_fd_sc_hd__dlygate4sd3_1)
     3    0.007651    0.077307    0.577885    1.447089 v hold313/X (sky130_fd_sc_hd__dlygate4sd3_1)
                                                         net440 (net)
                      0.077307    0.000108    1.447197 v _0702_/B (sky130_fd_sc_hd__or4_1)
     2    0.006945    0.109804    0.543788    1.990985 v _0702_/X (sky130_fd_sc_hd__or4_1)
                                                         _0446_ (net)
                      0.109804    0.000098    1.991083 v _0714_/B (sky130_fd_sc_hd__or4_1)
     2    0.007862    0.116456    0.562388    2.553471 v _0714_/X (sky130_fd_sc_hd__or4_1)
                                                         _0458_ (net)
                      0.116456    0.000129    2.553601 v _0716_/B (sky130_fd_sc_hd__nor4b_2)
     4    0.019819    0.521688    0.524031    3.077631 ^ _0716_/Y (sky130_fd_sc_hd__nor4b_2)
                                                         _0460_ (net)
                      0.521689    0.000773    3.078404 ^ _1084_/A (sky130_fd_sc_hd__nand2_1)
     3    0.011847    0.168162    0.201393    3.279797 v _1084_/Y (sky130_fd_sc_hd__nand2_1)
                                                         _0290_ (net)
                      0.168162    0.000061    3.279858 v _1131_/B2 (sky130_fd_sc_hd__a221o_1)
     1    0.003866    0.057509    0.366176    3.646034 v _1131_/X (sky130_fd_sc_hd__a221o_1)
                                                         _0325_ (net)
                      0.057509    0.000057    3.646091 v _1132_/B (sky130_fd_sc_hd__nor2_1)
     3    0.012027    0.228050    0.199611    3.845702 ^ _1132_/Y (sky130_fd_sc_hd__nor2_1)
                                                         _0326_ (net)
                      0.228050    0.000124    3.845825 ^ _1144_/S (sky130_fd_sc_hd__mux2_1)
     1    0.002357    0.052651    0.340773    4.186599 v _1144_/X (sky130_fd_sc_hd__mux2_1)
                                                         _0218_ (net)
                      0.052651    0.000016    4.186615 v hold393/A (sky130_fd_sc_hd__dlygate4sd3_1)
     1    0.002204    0.049842    0.545750    4.732365 v hold393/X (sky130_fd_sc_hd__dlygate4sd3_1)
                                                         net520 (net)
                      0.049842    0.000019    4.732384 v _1455_/D (sky130_fd_sc_hd__dfrtp_2)
                                              4.732384   data arrival time

                                 10.000000   10.000000   clock clk (rise edge)
                                  0.000000   10.000000   clock source latency
     2    0.034599    0.000000    0.000000   10.000000 ^ clk (in)
                                                         clk (net)
                      0.002754    0.001377   10.001377 ^ clkbuf_0_clk/A (sky130_fd_sc_hd__clkbuf_16)
     9    0.076938    0.093767    0.153777   10.155153 ^ clkbuf_0_clk/X (sky130_fd_sc_hd__clkbuf_16)
                                                         clknet_0_clk (net)
                      0.093849    0.001516   10.156670 ^ clkbuf_2_1__f_clk/A (sky130_fd_sc_hd__clkbuf_16)
    13    0.073488    0.090708    0.184623   10.341292 ^ clkbuf_2_1__f_clk/X (sky130_fd_sc_hd__clkbuf_16)
                                                         clknet_2_1__leaf_clk (net)
                      0.090709    0.000586   10.341879 ^ clkbuf_leaf_27_clk/A (sky130_fd_sc_hd__clkbuf_8)
    13    0.037763    0.078440    0.170870   10.512749 ^ clkbuf_leaf_27_clk/X (sky130_fd_sc_hd__clkbuf_8)
                                                         clknet_leaf_27_clk (net)
                      0.078440    0.000207   10.512956 ^ _1455_/CLK (sky130_fd_sc_hd__dfrtp_2)
                                 -0.250000   10.262956   clock uncertainty
                                  0.000000   10.262956   clock reconvergence pessimism
                                 -0.109880   10.153077   library setup time
                                             10.153077   data required time
---------------------------------------------------------------------------------------------
                                             10.153077   data required time
                                             -4.732384   data arrival time
---------------------------------------------------------------------------------------------
                                              5.420693   slack (MET)




===========================================================================
report_checks --slack_max -0.01
============================================================================
======================= min_tt_025C_1v80 Corner ===================================

No paths found.


===========================================================================
 report_check_types -max_slew -max_cap -max_fanout -violators
============================================================================
======================= min_tt_025C_1v80 Corner ===================================

max fanout

Pin                                   Limit Fanout  Slack
---------------------------------------------------------
fanout101/X                              16     33    -17 (VIOLATED)
fanout102/X                              16     33    -17 (VIOLATED)
fanout103/X                              16     33    -17 (VIOLATED)
fanout104/X                              16     33    -17 (VIOLATED)
fanout107/X                              16     33    -17 (VIOLATED)
fanout111/X                              16     33    -17 (VIOLATED)
fanout118/X                              16     33    -17 (VIOLATED)
fanout121/X                              16     33    -17 (VIOLATED)
fanout122/X                              16     33    -17 (VIOLATED)
fanout123/X                              16     33    -17 (VIOLATED)
fanout88/X                               16     33    -17 (VIOLATED)
fanout89/X                               16     33    -17 (VIOLATED)
fanout90/X                               16     33    -17 (VIOLATED)
fanout91/X                               16     33    -17 (VIOLATED)
fanout92/X                               16     33    -17 (VIOLATED)
fanout94/X                               16     33    -17 (VIOLATED)
fanout95/X                               16     33    -17 (VIOLATED)
fanout96/X                               16     33    -17 (VIOLATED)
fanout97/X                               16     33    -17 (VIOLATED)
fanout98/X                               16     33    -17 (VIOLATED)
fanout99/X                               16     33    -17 (VIOLATED)
_1534_/Q                                 16     31    -15 (VIOLATED)
fanout108/X                              16     31    -15 (VIOLATED)
_1528_/Q                                 16     29    -13 (VIOLATED)
fanout106/X                              16     27    -11 (VIOLATED)
fanout114/X                              16     27    -11 (VIOLATED)
_1529_/Q                                 16     25     -9 (VIOLATED)
_1308_/Q                                 16     23     -7 (VIOLATED)
clkbuf_2_0__f_clk/X                      16     21     -5 (VIOLATED)
clkbuf_2_2__f_clk/X                      16     21     -5 (VIOLATED)
clkbuf_2_3__f_clk/X                      16     21     -5 (VIOLATED)
fanout115/X                              16     21     -5 (VIOLATED)
fanout119/X                              16     21     -5 (VIOLATED)
fanout127/X                              16     21     -5 (VIOLATED)
fanout93/X                               16     21     -5 (VIOLATED)
_0825_/Y                                 16     17        (VIOLATED)
_1535_/Q                                 16     17        (VIOLATED)



===========================================================================
report_parasitic_annotation -report_unannotated
============================================================================
Found 32 unannotated drivers.
 clkload0/Y
 clkload1/X
 clkload10/Y
 clkload11/Y
 clkload12/Y
 clkload13/Y
 clkload14/Y
 clkload15/X
 clkload16/Y
 clkload17/X
 clkload18/Y
 clkload19/Y
 clkload2/X
 clkload20/X
 clkload21/Y
 clkload22/Y
 clkload23/X
 clkload24/Y
 clkload25/Y
 clkload26/X
 clkload27/Y
 clkload28/Y
 clkload29/X
 clkload3/X
 clkload30/Y
 clkload31/Y
 clkload4/Y
 clkload5/Y
 clkload6/X
 clkload7/Y
 clkload8/Y
 clkload9/Y
Found 0 partially unannotated drivers.

===========================================================================
max slew violation count 0
max fanout violation count 37
max cap violation count 0
============================================================================

===========================================================================
check_setup -verbose -unconstrained_endpoints -multiple_clock -no_clock -no_input_delay -loops -generated_clocks
===========================================================================
Warning: There are 35 input ports missing set_input_delay.
  arst_n
  mem_rdata[0]
  mem_rdata[10]
  mem_rdata[11]
  mem_rdata[12]
  mem_rdata[13]
  mem_rdata[14]
  mem_rdata[15]
  mem_rdata[16]
  mem_rdata[17]
  mem_rdata[18]
  mem_rdata[19]
  mem_rdata[1]
  mem_rdata[20]
  mem_rdata[21]
  mem_rdata[22]
  mem_rdata[23]
  mem_rdata[24]
  mem_rdata[25]
  mem_rdata[26]
  mem_rdata[27]
  mem_rdata[28]
  mem_rdata[29]
  mem_rdata[2]
  mem_rdata[30]
  mem_rdata[31]
  mem_rdata[3]
  mem_rdata[4]
  mem_rdata[5]
  mem_rdata[6]
  mem_rdata[7]
  mem_rdata[8]
  mem_rdata[9]
  mem_rdy
  rx
Warning: There are 52 unconstrained endpoints.
  mem_raddr[0]
  mem_raddr[1]
  mem_raddr[2]
  mem_raddr[3]
  mem_raddr[4]
  mem_raddr[5]
  mem_raddr[6]
  mem_raddr[7]
  mem_re
  mem_waddr[0]
  mem_waddr[1]
  mem_waddr[2]
  mem_waddr[3]
  mem_waddr[4]
  mem_waddr[5]
  mem_waddr[6]
  mem_waddr[7]
  mem_wdata[0]
  mem_wdata[10]
  mem_wdata[11]
  mem_wdata[12]
  mem_wdata[13]
  mem_wdata[14]
  mem_wdata[15]
  mem_wdata[16]
  mem_wdata[17]
  mem_wdata[18]
  mem_wdata[19]
  mem_wdata[1]
  mem_wdata[20]
  mem_wdata[21]
  mem_wdata[22]
  mem_wdata[23]
  mem_wdata[24]
  mem_wdata[25]
  mem_wdata[26]
  mem_wdata[27]
  mem_wdata[28]
  mem_wdata[29]
  mem_wdata[2]
  mem_wdata[30]
  mem_wdata[31]
  mem_wdata[3]
  mem_wdata[4]
  mem_wdata[5]
  mem_wdata[6]
  mem_wdata[7]
  mem_wdata[8]
  mem_wdata[9]
  mem_we
  tx
  _1519_/D
