Clock: clk
Sources: clk 
Generated: no
Virtual: yes
Propagated: no
Period: 10.000000

===========================================================================
report_clock_properties
============================================================================
Clock                   Period          Waveform
----------------------------------------------------
clk                  10.000000    0.000000  5.000000

===========================================================================
report_clock_latency
============================================================================
Clock clk
rise -> rise
    min     max
0.000000 0.000000 source latency
0.501745         network latency _1459_/CLK
        0.544596 network latency _1324_/CLK
---------------
0.501745 0.544596 latency
        0.042851 skew

fall -> fall
    min     max
0.000000 0.000000 source latency
0.506807         network latency _1459_/CLK
        0.538719 network latency _1324_/CLK
---------------
0.506807 0.538719 latency
        0.031912 skew



===========================================================================
report_clock_min_period
============================================================================
clk period_min = 4.58 fmax = 218.37
