
===========================================================================
 report_power
============================================================================
======================= min_tt_025C_1v80 Corner ===================================

Group                    Internal    Switching      Leakage        Total
                            Power        Power        Power        Power (Watts)
------------------------------------------------------------------------
Sequential           1.144630e-03 7.668773e-06 3.736189e-09 1.152303e-03  51.3%
Combinational        5.586796e-05 2.023134e-05 6.139084e-09 7.610544e-05   3.4%
Clock                4.971138e-04 5.205827e-04 1.105471e-09 1.017698e-03  45.3%
Macro                0.000000e+00 0.000000e+00 0.000000e+00 0.000000e+00   0.0%
Pad                  0.000000e+00 0.000000e+00 0.000000e+00 0.000000e+00   0.0%
------------------------------------------------------------------------
Total                1.697612e-03 5.484826e-04 1.098079e-08 2.246106e-03 100.0%
                            75.6%        24.4%         0.0%

