
===========================================================================
 report_power
============================================================================
======================= nom_tt_025C_1v80 Corner ===================================

Group                    Internal    Switching      Leakage        Total
                            Power        Power        Power        Power (Watts)
------------------------------------------------------------------------
Sequential           2.623901e-03 2.009583e-04 8.175020e-09 2.824867e-03  34.5%
Combinational        1.311397e-03 1.392081e-03 1.556400e-08 2.703493e-03  33.0%
Clock                1.498969e-03 1.164371e-03 2.051057e-09 2.663341e-03  32.5%
Macro                0.000000e+00 0.000000e+00 0.000000e+00 0.000000e+00   0.0%
Pad                  0.000000e+00 0.000000e+00 0.000000e+00 0.000000e+00   0.0%
------------------------------------------------------------------------
Total                5.434262e-03 2.757409e-03 2.579031e-08 8.191697e-03 100.0%
                            66.3%        33.7%         0.0%

