
===========================================================================
report_checks -unconstrained
===========================================================================
======================= max_ff_n40C_1v95 Corner ===================================

Startpoint: _8854_ (rising edge-triggered flip-flop clocked by mem_sys_clk)
Endpoint: rd_buff_rdata[20] (output port clocked by mem_sys_clk)
Path Group: mem_sys_clk
Path Type: max

Fanout         Cap        Slew       Delay        Time   Description
---------------------------------------------------------------------------------------------
                                  0.000000    0.000000   clock mem_sys_clk (rise edge)
                                  0.000000    0.000000   clock source latency
     2    0.025196    0.000000    0.000000    0.000000 ^ mem_sys_clk (in)
                                                         mem_sys_clk (net)
                      0.001220    0.000610    0.000610 ^ wire1/A (sky130_fd_sc_hd__clkbuf_2)
     3    0.027699    0.118643    0.117797    0.118407 ^ wire1/X (sky130_fd_sc_hd__clkbuf_2)
                                                         net1178 (net)
                      0.118841    0.003936    0.122343 ^ clkbuf_0_mem_sys_clk/A (sky130_fd_sc_hd__clkbuf_16)
     7    0.036917    0.043451    0.117938    0.240281 ^ clkbuf_0_mem_sys_clk/X (sky130_fd_sc_hd__clkbuf_16)
                                                         clknet_0_mem_sys_clk (net)
                      0.043619    0.001599    0.241880 ^ max_length6/A (sky130_fd_sc_hd__clkbuf_2)
     5    0.039460    0.166395    0.160983    0.402863 ^ max_length6/X (sky130_fd_sc_hd__clkbuf_2)
                                                         net1183 (net)
                      0.166613    0.004936    0.407799 ^ wire3/A (sky130_fd_sc_hd__buf_2)
     9    0.051451    0.189634    0.203450    0.611249 ^ wire3/X (sky130_fd_sc_hd__buf_2)
                                                         net1180 (net)
                      0.189684    0.002576    0.613825 ^ clkbuf_4_12_0_mem_sys_clk/A (sky130_fd_sc_hd__clkbuf_8)
    21    0.102248    0.138791    0.189793    0.803618 ^ clkbuf_4_12_0_mem_sys_clk/X (sky130_fd_sc_hd__clkbuf_8)
                                                         clknet_4_12_0_mem_sys_clk (net)
                      0.138895    0.003252    0.806870 ^ clkbuf_leaf_81_mem_sys_clk/A (sky130_fd_sc_hd__clkbuf_8)
     6    0.030353    0.050755    0.125133    0.932002 ^ clkbuf_leaf_81_mem_sys_clk/X (sky130_fd_sc_hd__clkbuf_8)
                                                         clknet_leaf_81_mem_sys_clk (net)
                      0.050781    0.001048    0.933050 ^ _8854_/CLK (sky130_fd_sc_hd__dfrtp_1)
     2    0.012272    0.088224    0.248223    1.181273 ^ _8854_/Q (sky130_fd_sc_hd__dfrtp_1)
                                                         buffers_i.READ_BUFFER[2].rd_buffer.rdptr[0] (net)
                      0.088227    0.000664    1.181937 ^ hold1147/A (sky130_fd_sc_hd__dlygate4sd3_1)
     1    0.005161    0.053188    0.394715    1.576652 ^ hold1147/X (sky130_fd_sc_hd__dlygate4sd3_1)
                                                         net2330 (net)
                      0.053188    0.000242    1.576894 ^ fanout749/A (sky130_fd_sc_hd__buf_6)
     6    0.021414    0.039882    0.077414    1.654307 ^ fanout749/X (sky130_fd_sc_hd__buf_6)
                                                         net749 (net)
                      0.039921    0.000636    1.654944 ^ max_length752/A (sky130_fd_sc_hd__clkbuf_2)
     9    0.045571    0.191331    0.175860    1.830804 ^ max_length752/X (sky130_fd_sc_hd__clkbuf_2)
                                                         net752 (net)
                      0.191506    0.004777    1.835580 ^ max_length751/A (sky130_fd_sc_hd__clkbuf_2)
     4    0.030290    0.129855    0.162233    1.997814 ^ max_length751/X (sky130_fd_sc_hd__clkbuf_2)
                                                         net751 (net)
                      0.129963    0.003054    2.000868 ^ wire750/A (sky130_fd_sc_hd__buf_2)
     5    0.042370    0.157065    0.178144    2.179012 ^ wire750/X (sky130_fd_sc_hd__buf_2)
                                                         net750 (net)
                      0.157268    0.004646    2.183658 ^ fanout746/A (sky130_fd_sc_hd__buf_6)
     5    0.035110    0.059945    0.102894    2.286552 ^ fanout746/X (sky130_fd_sc_hd__buf_6)
                                                         net746 (net)
                      0.060057    0.002070    2.288622 ^ wire748/A (sky130_fd_sc_hd__buf_2)
     6    0.039489    0.146974    0.156597    2.445219 ^ wire748/X (sky130_fd_sc_hd__buf_2)
                                                         net748 (net)
                      0.147039    0.002555    2.447774 ^ max_length747/A (sky130_fd_sc_hd__buf_4)
     7    0.047626    0.103677    0.146503    2.594278 ^ max_length747/X (sky130_fd_sc_hd__buf_4)
                                                         net747 (net)
                      0.103822    0.003172    2.597450 ^ _4262_/S0 (sky130_fd_sc_hd__mux4_1)
     1    0.004578    0.071584    0.287946    2.885396 v _4262_/X (sky130_fd_sc_hd__mux4_1)
                                                         _1641_ (net)
                      0.071584    0.000345    2.885741 v _4263_/A3 (sky130_fd_sc_hd__mux4_2)
     1    0.016922    0.089362    0.315231    3.200972 v _4263_/X (sky130_fd_sc_hd__mux4_2)
                                                         net348 (net)
                      0.089403    0.002337    3.203308 v wire581/A (sky130_fd_sc_hd__clkbuf_2)
     1    0.022437    0.063548    0.126952    3.330260 v wire581/X (sky130_fd_sc_hd__clkbuf_2)
                                                         net581 (net)
                      0.063885    0.003581    3.333842 v output348/A (sky130_fd_sc_hd__buf_8)
     1    0.100987    0.059505    0.127048    3.460889 v output348/X (sky130_fd_sc_hd__buf_8)
                                                         rd_buff_rdata[20] (net)
                      0.060101    0.004765    3.465655 v rd_buff_rdata[20] (out)
                                              3.465655   data arrival time

                                 14.000000   14.000000   clock mem_sys_clk (rise edge)
                                  0.000000   14.000000   clock network delay (propagated)
                                 -0.250000   13.750000   clock uncertainty
                                  0.000000   13.750000   clock reconvergence pessimism
                                 -2.000000   11.750000   output external delay
                                             11.750000   data required time
---------------------------------------------------------------------------------------------
                                             11.750000   data required time
                                             -3.465655   data arrival time
---------------------------------------------------------------------------------------------
                                              8.284345   slack (MET)




===========================================================================
report_checks --slack_max -0.01
============================================================================
======================= max_ff_n40C_1v95 Corner ===================================

No paths found.


===========================================================================
 report_check_types -max_slew -max_cap -max_fanout -violators
============================================================================
======================= max_ff_n40C_1v95 Corner ===================================

max fanout

Pin                                   Limit Fanout  Slack
---------------------------------------------------------
fanout1143/X                             16     33    -17 (VIOLATED)
fanout1147/X                             16     33    -17 (VIOLATED)
fanout1160/X                             16     33    -17 (VIOLATED)
fanout541/X                              16     33    -17 (VIOLATED)
fanout561/X                              16     33    -17 (VIOLATED)
fanout600/X                              16     33    -17 (VIOLATED)
fanout669/X                              16     33    -17 (VIOLATED)
fanout672/X                              16     33    -17 (VIOLATED)
fanout673/X                              16     33    -17 (VIOLATED)
fanout684/X                              16     33    -17 (VIOLATED)
fanout687/X                              16     33    -17 (VIOLATED)
fanout725/X                              16     33    -17 (VIOLATED)
fanout729/X                              16     33    -17 (VIOLATED)
fanout730/X                              16     33    -17 (VIOLATED)
fanout740/X                              16     33    -17 (VIOLATED)
fanout953/X                              16     33    -17 (VIOLATED)
fanout954/X                              16     31    -15 (VIOLATED)
fanout819/X                              16     29    -13 (VIOLATED)
fanout823/X                              16     29    -13 (VIOLATED)
clkbuf_4_6_0_mem_sys_clk/X               16     25     -9 (VIOLATED)
clkbuf_4_8_0_mem_sys_clk/X               16     25     -9 (VIOLATED)
clkbuf_4_9_0_mem_sys_clk/X               16     25     -9 (VIOLATED)
fanout1071/X                             16     25     -9 (VIOLATED)
clkbuf_4_14_0_mem_sys_clk/X              16     23     -7 (VIOLATED)
clkbuf_4_15_0_mem_sys_clk/X              16     23     -7 (VIOLATED)
clkbuf_4_1_0_mem_sys_clk/X               16     23     -7 (VIOLATED)
fanout565/X                              16     23     -7 (VIOLATED)
_5207_/X                                 16     21     -5 (VIOLATED)
clkbuf_4_11_0_mem_sys_clk/X              16     21     -5 (VIOLATED)
clkbuf_4_12_0_mem_sys_clk/X              16     21     -5 (VIOLATED)
clkbuf_4_2_0_mem_sys_clk/X               16     21     -5 (VIOLATED)
clkbuf_4_3_0_mem_sys_clk/X               16     21     -5 (VIOLATED)
clkbuf_4_4_0_mem_sys_clk/X               16     21     -5 (VIOLATED)
wire604/X                                16     21     -5 (VIOLATED)
_4651_/X                                 16     19     -3 (VIOLATED)
_4962_/X                                 16     19     -3 (VIOLATED)
clkbuf_4_0_0_mem_sys_clk/X               16     19     -3 (VIOLATED)
clkbuf_4_10_0_mem_sys_clk/X              16     19     -3 (VIOLATED)
clkbuf_4_5_0_mem_sys_clk/X               16     19     -3 (VIOLATED)
clkbuf_4_7_0_mem_sys_clk/X               16     19     -3 (VIOLATED)
fanout793/X                              16     19     -3 (VIOLATED)
_4669_/Y                                 16     17        (VIOLATED)
_4686_/Y                                 16     17        (VIOLATED)
_4836_/Y                                 16     17        (VIOLATED)
_4855_/Y                                 16     17        (VIOLATED)
_4873_/Y                                 16     17        (VIOLATED)
_4980_/Y                                 16     17        (VIOLATED)
_4997_/Y                                 16     17        (VIOLATED)
_5014_/Y                                 16     17        (VIOLATED)
_5918_/Y                                 16     17        (VIOLATED)
_6436_/X                                 16     17        (VIOLATED)
_6516_/X                                 16     17        (VIOLATED)
_6534_/Y                                 16     17        (VIOLATED)
_6552_/Y                                 16     17        (VIOLATED)
_6639_/Y                                 16     17        (VIOLATED)
_6656_/Y                                 16     17        (VIOLATED)
_7069_/X                                 16     17        (VIOLATED)
clkbuf_4_13_0_mem_sys_clk/X              16     17        (VIOLATED)
input10/X                                16     17        (VIOLATED)
wire28/X                                 16     17        (VIOLATED)



===========================================================================
report_parasitic_annotation -report_unannotated
============================================================================
Found 142 unannotated drivers.
 clkload0/Y
 clkload1/Y
 clkload10/Y
 clkload100/Y
 clkload101/X
 clkload102/Y
 clkload103/Y
 clkload104/Y
 clkload105/Y
 clkload106/Y
 clkload107/Y
 clkload108/Y
 clkload109/Y
 clkload11/Y
 clkload110/Y
 clkload111/Y
 clkload112/Y
 clkload113/Y
 clkload114/Y
 clkload115/Y
 clkload116/X
 clkload117/Y
 clkload118/X
 clkload119/Y
 clkload12/Y
 clkload120/Y
 clkload121/Y
 clkload122/Y
 clkload123/Y
 clkload124/Y
 clkload125/Y
 clkload126/Y
 clkload127/X
 clkload128/Y
 clkload129/X
 clkload13/Y
 clkload130/X
 clkload131/Y
 clkload132/Y
 clkload133/Y
 clkload134/Y
 clkload135/X
 clkload136/Y
 clkload137/X
 clkload138/X
 clkload139/Y
 clkload14/Y
 clkload140/X
 clkload141/X
 clkload15/Y
 clkload16/Y
 clkload17/Y
 clkload18/Y
 clkload19/Y
 clkload2/Y
 clkload20/Y
 clkload21/Y
 clkload22/Y
 clkload23/X
 clkload24/Y
 clkload25/X
 clkload26/Y
 clkload27/Y
 clkload28/X
 clkload29/Y
 clkload3/Y
 clkload30/Y
 clkload31/X
 clkload32/Y
 clkload33/X
 clkload34/Y
 clkload35/Y
 clkload36/Y
 clkload37/X
 clkload38/Y
 clkload39/X
 clkload4/Y
 clkload40/Y
 clkload41/X
 clkload42/Y
 clkload43/Y
 clkload44/Y
 clkload45/X
 clkload46/Y
 clkload47/X
 clkload48/X
 clkload49/Y
 clkload5/Y
 clkload50/Y
 clkload51/Y
 clkload52/Y
 clkload53/Y
 clkload54/Y
 clkload55/X
 clkload56/Y
 clkload57/X
 clkload58/Y
 clkload59/X
 clkload6/Y
 clkload60/Y
 clkload61/X
 clkload62/Y
 clkload63/Y
 clkload64/Y
 clkload65/X
 clkload66/Y
 clkload67/X
 clkload68/X
 clkload69/Y
 clkload7/X
 clkload70/Y
 clkload71/Y
 clkload72/Y
 clkload73/X
 clkload74/X
 clkload75/Y
 clkload76/Y
 clkload77/Y
 clkload78/X
 clkload79/Y
 clkload8/X
 clkload80/Y
 clkload81/Y
 clkload82/X
 clkload83/X
 clkload84/Y
 clkload85/Y
 clkload86/X
 clkload87/Y
 clkload88/Y
 clkload89/Y
 clkload9/Y
 clkload90/Y
 clkload91/X
 clkload92/Y
 clkload93/Y
 clkload94/Y
 clkload95/Y
 clkload96/Y
 clkload97/Y
 clkload98/Y
 clkload99/Y
Found 0 partially unannotated drivers.

===========================================================================
max slew violation count 0
max fanout violation count 60
max cap violation count 0
============================================================================

===========================================================================
check_setup -verbose -unconstrained_endpoints -multiple_clock -no_clock -no_input_delay -loops -generated_clocks
===========================================================================
Warning: There are 11 input ports missing set_input_delay.
  arst_n
  main_mem_rd_data[0]
  main_mem_rd_data[1]
  main_mem_rd_data[2]
  main_mem_rd_data[3]
  main_mem_rd_data[4]
  main_mem_rd_data[5]
  main_mem_rd_data[6]
  main_mem_rd_data[7]
  main_mem_rd_data_valid
  main_mem_wr_data_ack
