Clock: mem_sys_clk
Sources: mem_sys_clk 
Generated: no
Virtual: yes
Propagated: no
Period: 14.000000

===========================================================================
report_clock_properties
============================================================================
Clock                   Period          Waveform
----------------------------------------------------
mem_sys_clk          14.000000    0.000000  7.000000

===========================================================================
report_clock_latency
============================================================================
Clock mem_sys_clk
rise -> rise
    min     max
0.000000 0.000000 source latency
0.767183         network latency _8868_/CLK
        1.004987 network latency _8173_/CLK
---------------
0.767183 1.004987 latency
        0.237804 skew

fall -> fall
    min     max
0.000000 0.000000 source latency
0.669983         network latency _8868_/CLK
        0.879264 network latency _8173_/CLK
---------------
0.669983 0.879264 latency
        0.209281 skew



===========================================================================
report_clock_min_period
============================================================================
mem_sys_clk period_min = 3.34 fmax = 299.10
