Clock: clk
Sources: clk 
Generated: no
Virtual: yes
Propagated: no
Period: 10.000000

===========================================================================
report_clock_properties
============================================================================
Clock                   Period          Waveform
----------------------------------------------------
clk                  10.000000    0.000000  5.000000

===========================================================================
report_clock_latency
============================================================================
Clock clk
rise -> rise
    min     max
0.000000 0.000000 source latency
0.512397         network latency _1459_/CLK
        0.560452 network latency _1324_/CLK
---------------
0.512397 0.560452 latency
        0.048055 skew

fall -> fall
    min     max
0.000000 0.000000 source latency
0.515540         network latency _1459_/CLK
        0.551699 network latency _1324_/CLK
---------------
0.515540 0.551699 latency
        0.036160 skew



===========================================================================
report_clock_min_period
============================================================================
clk period_min = 4.63 fmax = 216.09
