
===========================================================================
 report_power
============================================================================
======================= nom_tt_025C_1v80 Corner ===================================

Group                    Internal    Switching      Leakage        Total
                            Power        Power        Power        Power (Watts)
------------------------------------------------------------------------
Sequential           1.144048e-03 8.848519e-06 3.745885e-09 1.152900e-03  49.5%
Combinational        5.880356e-05 1.847737e-05 6.111973e-09 7.728704e-05   3.3%
Clock                5.675732e-04 5.323191e-04 1.152983e-09 1.099894e-03  47.2%
Macro                0.000000e+00 0.000000e+00 0.000000e+00 0.000000e+00   0.0%
Pad                  0.000000e+00 0.000000e+00 0.000000e+00 0.000000e+00   0.0%
------------------------------------------------------------------------
Total                1.770425e-03 5.596449e-04 1.101089e-08 2.330081e-03 100.0%
                            76.0%        24.0%         0.0%

