
===========================================================================
report_checks -unconstrained
===========================================================================
======================= nom_ff_n40C_1v95 Corner ===================================

Startpoint: wb_we_i (input port clocked by wb_clk)
Endpoint: _368_ (rising edge-triggered flip-flop clocked by wb_clk)
Path Group: wb_clk
Path Type: max

Fanout         Cap        Slew       Delay        Time   Description
---------------------------------------------------------------------------------------------
                                  0.000000    0.000000   clock wb_clk (rise edge)
                                  0.000000    0.000000   clock network delay (propagated)
                                  2.000000    2.000000 ^ input external delay
     2    0.006452    0.200000    0.000000    2.000000 ^ wb_we_i (in)
                                                         wb_we_i (net)
                      0.200155    0.000077    2.000077 ^ hold178/A (sky130_fd_sc_hd__dlygate4sd3_1)
     1    0.004158    0.046522    0.400001    2.400078 ^ hold178/X (sky130_fd_sc_hd__dlygate4sd3_1)
                                                         net318 (net)
                      0.046522    0.000097    2.400175 ^ input34/A (sky130_fd_sc_hd__clkbuf_4)
     7    0.060090    0.140555    0.165527    2.565702 ^ input34/X (sky130_fd_sc_hd__clkbuf_4)
                                                         net34 (net)
                      0.140794    0.004795    2.570498 ^ fanout119/A (sky130_fd_sc_hd__clkbuf_8)
    33    0.121915    0.163258    0.198803    2.769300 ^ fanout119/X (sky130_fd_sc_hd__clkbuf_8)
                                                         net119 (net)
                      0.166826    0.019135    2.788435 ^ _151_/A (sky130_fd_sc_hd__inv_2)
     5    0.059755    0.110632    0.111912    2.900347 v _151_/Y (sky130_fd_sc_hd__inv_2)
                                                         _071_ (net)
                      0.111573    0.008128    2.908475 v fanout118/A (sky130_fd_sc_hd__clkbuf_4)
    17    0.071933    0.102583    0.190481    3.098956 v fanout118/X (sky130_fd_sc_hd__clkbuf_4)
                                                         net118 (net)
                      0.102819    0.004143    3.103100 v _294_/B (sky130_fd_sc_hd__or3_1)
     1    0.003416    0.045601    0.219261    3.322360 v _294_/X (sky130_fd_sc_hd__or3_1)
                                                         _148_ (net)
                      0.045601    0.000103    3.322464 v hold27/A (sky130_fd_sc_hd__dlygate4sd3_1)
     1    0.003577    0.041582    0.370121    3.692585 v hold27/X (sky130_fd_sc_hd__dlygate4sd3_1)
                                                         net167 (net)
                      0.041582    0.000116    3.692701 v _295_/B1 (sky130_fd_sc_hd__o211a_1)
     1    0.003851    0.031727    0.082339    3.775040 v _295_/X (sky130_fd_sc_hd__o211a_1)
                                                         _066_ (net)
                      0.031727    0.000138    3.775178 v hold28/A (sky130_fd_sc_hd__dlygate4sd3_1)
     1    0.002845    0.038273    0.360442    4.135620 v hold28/X (sky130_fd_sc_hd__dlygate4sd3_1)
                                                         net168 (net)
                      0.038273    0.000087    4.135707 v _368_/D (sky130_fd_sc_hd__dfxtp_1)
                                              4.135707   data arrival time

                                 10.000000   10.000000   clock wb_clk (rise edge)
                                  0.000000   10.000000   clock source latency
     2    0.033755    0.000000    0.000000   10.000000 ^ wb_clk_i (in)
                                                         wb_clk_i (net)
                      0.007306    0.003653   10.003654 ^ clkbuf_0_wb_clk_i/A (sky130_fd_sc_hd__clkbuf_16)
    17    0.156462    0.130444    0.150751   10.154404 ^ clkbuf_0_wb_clk_i/X (sky130_fd_sc_hd__clkbuf_16)
                                                         clknet_0_wb_clk_i (net)
                      0.130804    0.005524   10.159927 ^ clkbuf_3_5__f_wb_clk_i/A (sky130_fd_sc_hd__clkbuf_16)
    12    0.042666    0.048047    0.124033   10.283960 ^ clkbuf_3_5__f_wb_clk_i/X (sky130_fd_sc_hd__clkbuf_16)
                                                         clknet_3_5__leaf_wb_clk_i (net)
                      0.048140    0.001769   10.285730 ^ _368_/CLK (sky130_fd_sc_hd__dfxtp_1)
                                 -0.250000   10.035729   clock uncertainty
                                  0.000000   10.035729   clock reconvergence pessimism
                                 -0.070689    9.965040   library setup time
                                              9.965040   data required time
---------------------------------------------------------------------------------------------
                                              9.965040   data required time
                                             -4.135707   data arrival time
---------------------------------------------------------------------------------------------
                                              5.829334   slack (MET)




===========================================================================
report_checks --slack_max -0.01
============================================================================
======================= nom_ff_n40C_1v95 Corner ===================================

No paths found.


===========================================================================
 report_check_types -max_slew -max_cap -max_fanout -violators
============================================================================
======================= nom_ff_n40C_1v95 Corner ===================================

max fanout

Pin                                   Limit Fanout  Slack
---------------------------------------------------------
fanout103/X                              16     33    -17 (VIOLATED)
fanout104/X                              16     33    -17 (VIOLATED)
fanout105/X                              16     33    -17 (VIOLATED)
fanout106/X                              16     33    -17 (VIOLATED)
fanout107/X                              16     33    -17 (VIOLATED)
fanout108/X                              16     33    -17 (VIOLATED)
fanout110/X                              16     33    -17 (VIOLATED)
fanout111/X                              16     33    -17 (VIOLATED)
fanout112/X                              16     33    -17 (VIOLATED)
fanout114/X                              16     33    -17 (VIOLATED)
fanout115/X                              16     33    -17 (VIOLATED)
fanout117/X                              16     33    -17 (VIOLATED)
fanout119/X                              16     33    -17 (VIOLATED)
fanout121/X                              16     33    -17 (VIOLATED)
fanout109/X                              16     31    -15 (VIOLATED)
fanout113/X                              16     27    -11 (VIOLATED)
_161_/Y                                  16     25     -9 (VIOLATED)
clkbuf_3_2__f_wb_clk_i/X                 16     25     -9 (VIOLATED)
clkbuf_3_1__f_wb_clk_i/X                 16     23     -7 (VIOLATED)
clkbuf_3_0__f_wb_clk_i/X                 16     19     -3 (VIOLATED)
clkbuf_3_4__f_wb_clk_i/X                 16     19     -3 (VIOLATED)
fanout122/X                              16     18     -2 (VIOLATED)
clkbuf_0_wb_clk_i/X                      16     17        (VIOLATED)
fanout116/X                              16     17        (VIOLATED)
fanout118/X                              16     17        (VIOLATED)
fanout120/X                              16     17        (VIOLATED)



===========================================================================
report_parasitic_annotation -report_unannotated
============================================================================
Found 76 unannotated drivers.
 wb_adr_i[10]
 wb_adr_i[11]
 wb_adr_i[12]
 wb_adr_i[13]
 wb_adr_i[14]
 wb_adr_i[15]
 wb_adr_i[16]
 wb_adr_i[17]
 wb_adr_i[18]
 wb_adr_i[19]
 wb_adr_i[20]
 wb_adr_i[21]
 wb_adr_i[22]
 wb_adr_i[23]
 wb_adr_i[24]
 wb_adr_i[25]
 wb_adr_i[26]
 wb_adr_i[27]
 wb_adr_i[28]
 wb_adr_i[29]
 wb_adr_i[30]
 wb_adr_i[31]
 wb_dat_i[10]
 wb_dat_i[11]
 wb_dat_i[12]
 wb_dat_i[13]
 wb_dat_i[14]
 wb_dat_i[15]
 wb_dat_i[16]
 wb_dat_i[17]
 wb_dat_i[18]
 wb_dat_i[19]
 wb_dat_i[20]
 wb_dat_i[21]
 wb_dat_i[22]
 wb_dat_i[23]
 wb_dat_i[24]
 wb_dat_i[25]
 wb_dat_i[26]
 wb_dat_i[27]
 wb_dat_i[28]
 wb_dat_i[29]
 wb_dat_i[30]
 wb_dat_i[31]
 wb_dat_i[8]
 wb_dat_i[9]
 wb_sel_i[0]
 wb_sel_i[1]
 wb_sel_i[2]
 wb_sel_i[3]
 wr_buff_full
 clkload0/Y
 clkload1/X
 clkload2/X
 clkload3/Y
 clkload4/Y
 clkload5/Y
 clkload6/Y
 wb_slave_to_mem_sys_ports_123/HI
 wb_slave_to_mem_sys_ports_124/HI
 wb_slave_to_mem_sys_ports_125/HI
 wb_slave_to_mem_sys_ports_126/HI
 wb_slave_to_mem_sys_ports_127/HI
 wb_slave_to_mem_sys_ports_128/HI
 wb_slave_to_mem_sys_ports_129/HI
 wb_slave_to_mem_sys_ports_130/HI
 wb_slave_to_mem_sys_ports_131/HI
 wb_slave_to_mem_sys_ports_132/HI
 wb_slave_to_mem_sys_ports_133/HI
 wb_slave_to_mem_sys_ports_134/HI
 wb_slave_to_mem_sys_ports_135/HI
 wb_slave_to_mem_sys_ports_136/HI
 wb_slave_to_mem_sys_ports_137/HI
 wb_slave_to_mem_sys_ports_138/HI
 wb_slave_to_mem_sys_ports_139/HI
 wb_slave_to_mem_sys_ports_140/HI
Found 0 partially unannotated drivers.

===========================================================================
max slew violation count 0
max fanout violation count 26
max cap violation count 0
============================================================================

===========================================================================
check_setup -verbose -unconstrained_endpoints -multiple_clock -no_clock -no_input_delay -loops -generated_clocks
===========================================================================
Warning: There are 14 input ports missing set_input_delay.
  rd_buff_empty
  rd_buff_rdata[0]
  rd_buff_rdata[1]
  rd_buff_rdata[2]
  rd_buff_rdata[3]
  rd_buff_rdata[4]
  rd_buff_rdata[5]
  rd_buff_rdata[6]
  rd_buff_rdata[7]
  rpg_ack
  up_soft_reset
  wb_rst_i
  wpg_ack
  wr_buff_full
Warning: There are 48 unconstrained endpoints.
  rpg_burst_length[0]
  rpg_burst_length[1]
  rpg_burst_length[2]
  rpg_burst_length[3]
  rpg_burst_length[4]
  rpg_burst_length[5]
  rpg_burst_length[6]
  rpg_burst_length[7]
  rpg_burst_length[8]
  rpg_burst_length[9]
  rpg_st_addr[0]
  rpg_st_addr[1]
  rpg_st_addr[2]
  rpg_st_addr[3]
  rpg_st_addr[4]
  rpg_st_addr[5]
  rpg_st_addr[6]
  rpg_st_addr[7]
  rpg_st_addr[8]
  rpg_st_addr[9]
  wpg_burst_length[0]
  wpg_burst_length[1]
  wpg_burst_length[2]
  wpg_burst_length[3]
  wpg_burst_length[4]
  wpg_burst_length[5]
  wpg_burst_length[6]
  wpg_burst_length[7]
  wpg_burst_length[8]
  wpg_burst_length[9]
  wpg_st_addr[0]
  wpg_st_addr[1]
  wpg_st_addr[2]
  wpg_st_addr[3]
  wpg_st_addr[4]
  wpg_st_addr[5]
  wpg_st_addr[6]
  wpg_st_addr[7]
  wpg_st_addr[8]
  wpg_st_addr[9]
  wr_buff_wdata[0]
  wr_buff_wdata[1]
  wr_buff_wdata[2]
  wr_buff_wdata[3]
  wr_buff_wdata[4]
  wr_buff_wdata[5]
  wr_buff_wdata[6]
  wr_buff_wdata[7]
