Clock: wb_clk
Sources: wb_clk_i 
Generated: no
Virtual: yes
Propagated: no
Period: 10.000000

===========================================================================
report_clock_properties
============================================================================
Clock                   Period          Waveform
----------------------------------------------------
wb_clk               10.000000    0.000000  5.000000

===========================================================================
report_clock_latency
============================================================================
Clock wb_clk
rise -> rise
    min     max
0.000000 0.000000 source latency
0.280315         network latency _355_/CLK
        0.311362 network latency _323_/CLK
---------------
0.280315 0.311362 latency
        0.031046 skew

fall -> fall
    min     max
0.000000 0.000000 source latency
0.272556         network latency _355_/CLK
        0.295535 network latency _323_/CLK
---------------
0.272556 0.295535 latency
        0.022979 skew



===========================================================================
report_clock_min_period
============================================================================
wb_clk period_min = 2.14 fmax = 468.11
