
===========================================================================
 report_power
============================================================================
======================= nom_ff_n40C_1v95 Corner ===================================

Group                    Internal    Switching      Leakage        Total
                            Power        Power        Power        Power (Watts)
------------------------------------------------------------------------
Sequential           3.317628e-04 2.822393e-06 1.049665e-09 3.345862e-04  36.3%
Combinational        3.759570e-05 5.377299e-05 8.261384e-09 9.137695e-05   9.9%
Clock                2.618420e-04 2.350288e-04 1.817303e-09 4.968727e-04  53.8%
Macro                0.000000e+00 0.000000e+00 0.000000e+00 0.000000e+00   0.0%
Pad                  0.000000e+00 0.000000e+00 0.000000e+00 0.000000e+00   0.0%
------------------------------------------------------------------------
Total                6.312003e-04 2.916242e-04 1.112836e-08 9.228356e-04 100.0%
                            68.4%        31.6%         0.0%

