┏━━━━━━━━━━━━━━━━━━━━━━┳━━━━━━━━━━┳━━━━━━━━━━┳━━━━━━━━━━┳━━━━━━━━━━┳━━━━━━━━━━━┳━━━━━━━━━━┳━━━━━━━━━━━┳━━━━━━━━━━┳━━━━━━━━━━━┳━━━━━━━━━━┳━━━━━━━━━━━┳━━━━━━━━━━┓
┃                      ┃ Hold     ┃ Reg to   ┃          ┃          ┃ of which  ┃ Setup    ┃           ┃          ┃           ┃ of which ┃           ┃          ┃
┃                      ┃ Worst    ┃ Reg      ┃          ┃ Hold Vio ┃ reg to    ┃ Worst    ┃ Reg to    ┃ Setup    ┃ Setup Vio ┃ reg to   ┃ Max Cap   ┃ Max Slew ┃
┃ Corner/Group         ┃ Slack    ┃ Paths    ┃ Hold TNS ┃ Count    ┃ reg       ┃ Slack    ┃ Reg Paths ┃ TNS      ┃ Count     ┃ reg      ┃ Violatio… ┃ Violati… ┃
┡━━━━━━━━━━━━━━━━━━━━━━╇━━━━━━━━━━╇━━━━━━━━━━╇━━━━━━━━━━╇━━━━━━━━━━╇━━━━━━━━━━━╇━━━━━━━━━━╇━━━━━━━━━━━╇━━━━━━━━━━╇━━━━━━━━━━━╇━━━━━━━━━━╇━━━━━━━━━━━╇━━━━━━━━━━┩
│ Overall              │ 0.4341   │ 0.4341   │ 0.0000   │ 0        │ 0         │ 6.3853   │ 6.3853    │ 0.0000   │ 0         │ 0        │ 3         │ 133      │
│ nom_tt_025C_1v80     │ 0.6911   │ 0.6911   │ 0.0000   │ 0        │ 0         │ 8.3410   │ 8.3410    │ 0.0000   │ 0         │ 0        │ 0         │ 0        │
│ nom_ss_100C_1v60     │ 1.3679   │ 1.3679   │ 0.0000   │ 0        │ 0         │ 6.4001   │ 6.4001    │ 0.0000   │ 0         │ 0        │ 2         │ 34       │
│ nom_ff_n40C_1v95     │ 0.4417   │ 0.4417   │ 0.0000   │ 0        │ 0         │ 9.0002   │ 9.0002    │ 0.0000   │ 0         │ 0        │ 0         │ 0        │
│ min_tt_025C_1v80     │ 0.6800   │ 0.6800   │ 0.0000   │ 0        │ 0         │ 8.3496   │ 8.3496    │ 0.0000   │ 0         │ 0        │ 0         │ 0        │
│ min_ss_100C_1v60     │ 1.3475   │ 1.3475   │ 0.0000   │ 0        │ 0         │ 6.4150   │ 6.4150    │ 0.0000   │ 0         │ 0        │ 0         │ 0        │
│ min_ff_n40C_1v95     │ 0.4341   │ 0.4341   │ 0.0000   │ 0        │ 0         │ 9.0053   │ 9.0053    │ 0.0000   │ 0         │ 0        │ 0         │ 0        │
│ max_tt_025C_1v80     │ 0.6997   │ 0.6997   │ 0.0000   │ 0        │ 0         │ 8.3338   │ 8.3338    │ 0.0000   │ 0         │ 0        │ 0         │ 32       │
│ max_ss_100C_1v60     │ 1.3840   │ 1.3840   │ 0.0000   │ 0        │ 0         │ 6.3853   │ 6.3853    │ 0.0000   │ 0         │ 0        │ 3         │ 133      │
│ max_ff_n40C_1v95     │ 0.4484   │ 0.4484   │ 0.0000   │ 0        │ 0         │ 8.9950   │ 8.9950    │ 0.0000   │ 0         │ 0        │ 0         │ 0        │
└──────────────────────┴──────────┴──────────┴──────────┴──────────┴───────────┴──────────┴───────────┴──────────┴───────────┴──────────┴───────────┴──────────┘
