
===========================================================================
 report_power
============================================================================
======================= max_ss_100C_1v60 Corner ===================================

Group                    Internal    Switching      Leakage        Total
                            Power        Power        Power        Power (Watts)
------------------------------------------------------------------------
Sequential           2.014071e-03 1.650279e-04 1.101008e-05 2.190109e-03  33.5%
Combinational        1.041756e-03 1.124606e-03 1.672903e-05 2.183091e-03  33.4%
Clock                1.229617e-03 9.346005e-04 1.839207e-06 2.166057e-03  33.1%
Macro                0.000000e+00 0.000000e+00 0.000000e+00 0.000000e+00   0.0%
Pad                  0.000000e+00 0.000000e+00 0.000000e+00 0.000000e+00   0.0%
------------------------------------------------------------------------
Total                4.285445e-03 2.224233e-03 2.957768e-05 6.539256e-03 100.0%
                            65.5%        34.0%         0.5%

