
===========================================================================
 report_power
============================================================================
======================= min_ss_100C_1v60 Corner ===================================

Group                    Internal    Switching      Leakage        Total
                            Power        Power        Power        Power (Watts)
------------------------------------------------------------------------
Sequential           7.652832e-05 2.513416e-06 4.601625e-07 7.950189e-05  24.1%
Combinational        6.210451e-05 8.074081e-05 2.458648e-06 1.453040e-04  44.0%
Clock                6.548191e-05 4.008129e-05 8.251499e-08 1.056457e-04  32.0%
Macro                0.000000e+00 0.000000e+00 0.000000e+00 0.000000e+00   0.0%
Pad                  0.000000e+00 0.000000e+00 0.000000e+00 0.000000e+00   0.0%
------------------------------------------------------------------------
Total                2.041147e-04 1.233355e-04 3.001325e-06 3.304516e-04 100.0%
                            61.8%        37.3%         0.9%

