Clock: mem_sys_clk
Sources: mem_sys_clk 
Generated: no
Virtual: yes
Propagated: no
Period: 14.000000

===========================================================================
report_clock_properties
============================================================================
Clock                   Period          Waveform
----------------------------------------------------
mem_sys_clk          14.000000    0.000000  7.000000

===========================================================================
report_clock_latency
============================================================================
Clock mem_sys_clk
rise -> rise
    min     max
0.000000 0.000000 source latency
1.955822         network latency _8477_/CLK
        2.539857 network latency _7950_/CLK
---------------
1.955822 2.539857 latency
        0.584035 skew

fall -> fall
    min     max
0.000000 0.000000 source latency
1.777250         network latency _8477_/CLK
        2.293286 network latency _7950_/CLK
---------------
1.777250 2.293286 latency
        0.516035 skew



===========================================================================
report_clock_min_period
============================================================================
mem_sys_clk period_min = 10.64 fmax = 94.01
