
===========================================================================
 report_power
============================================================================
======================= nom_ss_100C_1v60 Corner ===================================

Group                    Internal    Switching      Leakage        Total
                            Power        Power        Power        Power (Watts)
------------------------------------------------------------------------
Sequential           4.082454e-03 8.140811e-04 1.894205e-05 4.915478e-03  29.6%
Combinational        5.209180e-03 3.937145e-03 3.910435e-05 9.185430e-03  55.2%
Clock                1.262968e-03 1.259372e-03 2.895038e-06 2.525235e-03  15.2%
Macro                0.000000e+00 0.000000e+00 0.000000e+00 0.000000e+00   0.0%
Pad                  0.000000e+00 0.000000e+00 0.000000e+00 0.000000e+00   0.0%
------------------------------------------------------------------------
Total                1.055462e-02 6.010598e-03 6.094157e-05 1.662616e-02 100.0%
                            63.5%        36.2%         0.4%

