Starting…
Running 'Verilator.Lint' at 'memory_system/runs/26_04_25_23_59/01-verilator-lint'…
Logging subprocess to [repr.filename]'memory_system/runs/26_04_25_23_59/01-verilator-lint/verilator-lint.log'[/repr.filename]…
Running 'Checker.LintTimingConstructs' at 'memory_system/runs/26_04_25_23_59/02-checker-linttimingconstructs'…
Check for Lint Timing Errors clear.
Running 'Checker.LintErrors' at 'memory_system/runs/26_04_25_23_59/03-checker-linterrors'…
Check for Lint errors clear.
Running 'Checker.LintWarnings' at 'memory_system/runs/26_04_25_23_59/04-checker-lintwarnings'…
32 Lint warnings found.
Running 'Yosys.JsonHeader' at 'memory_system/runs/26_04_25_23_59/05-yosys-jsonheader'…
Logging subprocess to [repr.filename]'memory_system/runs/26_04_25_23_59/05-yosys-jsonheader/yosys-jsonheader.log'[/repr.filename]…
Running 'Yosys.Synthesis' at 'memory_system/runs/26_04_25_23_59/06-yosys-synthesis'…
Logging subprocess to [repr.filename]'memory_system/runs/26_04_25_23_59/06-yosys-synthesis/yosys-synthesis.log'[/repr.filename]…
Parsing synthesis checks…
Running 'Checker.YosysUnmappedCells' at 'memory_system/runs/26_04_25_23_59/07-checker-yosysunmappedcells'…
Check for Unmapped Yosys instances clear.
Running 'Checker.YosysSynthChecks' at 'memory_system/runs/26_04_25_23_59/08-checker-yosyssynthchecks'…
Check for Yosys check errors clear.
Running 'Checker.NetlistAssignStatements' at 'memory_system/runs/26_04_25_23_59/09-checker-netlistassignstatements'…
Running 'OpenROAD.CheckSDCFiles' at 'memory_system/runs/26_04_25_23_59/10-openroad-checksdcfiles'…
Running 'OpenROAD.CheckMacroInstances' at 'memory_system/runs/26_04_25_23_59/11-openroad-checkmacroinstances'…
No macros found, skipping instance check…
Running 'OpenROAD.STAPrePNR' at 'memory_system/runs/26_04_25_23_59/12-openroad-staprepnr'…
Starting STA for the nom_tt_025C_1v80 timing corner…
Starting STA for the nom_ss_100C_1v60 timing corner…
Starting STA for the nom_ff_n40C_1v95 timing corner…
Skipping corner min_tt_025C_1v80 for STA (identical to nom_tt_025C_1v80 at this stage)…
Skipping corner min_ss_100C_1v60 for STA (identical to nom_ss_100C_1v60 at this stage)…
Skipping corner min_ff_n40C_1v95 for STA (identical to nom_ff_n40C_1v95 at this stage)…
Skipping corner max_tt_025C_1v80 for STA (identical to nom_tt_025C_1v80 at this stage)…
Logging subprocess to [repr.filename]'memory_system/runs/26_04_25_23_59/12-openroad-staprepnr/nom_tt_025C_1v80/sta.log'[/repr.filename]…
Skipping corner max_ss_100C_1v60 for STA (identical to nom_ss_100C_1v60 at this stage)…
Skipping corner max_ff_n40C_1v95 for STA (identical to nom_ff_n40C_1v95 at this stage)…
Logging subprocess to [repr.filename]'memory_system/runs/26_04_25_23_59/12-openroad-staprepnr/nom_ff_n40C_1v95/sta.log'[/repr.filename]…
Logging subprocess to [repr.filename]'memory_system/runs/26_04_25_23_59/12-openroad-staprepnr/nom_ss_100C_1v60/sta.log'[/repr.filename]…
Finished STA for the nom_ff_n40C_1v95 timing corner.
Finished STA for the nom_tt_025C_1v80 timing corner.
Finished STA for the nom_ss_100C_1v60 timing corner.
Running 'OpenROAD.Floorplan' at 'memory_system/runs/26_04_25_23_59/13-openroad-floorplan'…
Logging subprocess to [repr.filename]'memory_system/runs/26_04_25_23_59/13-openroad-floorplan/openroad-floorplan.log'[/repr.filename]…
[STA-0366] port 'rpg_pre_stall' not found.
[STA-0366] port 'rpg_stall' not found.
[STA-0366] port 'rpg_pre_stall' not found.
[STA-0366] port 'rpg_stall' not found.
[STA-0366] port 'rpg_pre_stall' not found.
[STA-0366] port 'rpg_stall' not found.
[STA-0366] port 'rpg_pre_stall' not found.
[STA-0366] port 'rpg_stall' not found.
Running 'Odb.CheckMacroAntennaProperties' at 'memory_system/runs/26_04_25_23_59/14-odb-checkmacroantennaproperties'…
No cells provided, skipping…
Running 'Odb.SetPowerConnections' at 'memory_system/runs/26_04_25_23_59/15-odb-setpowerconnections'…
Logging subprocess to [repr.filename]'memory_system/runs/26_04_25_23_59/15-odb-setpowerconnections/odb-setpowerconnections.log'[/repr.filename]…
Running 'Odb.ManualMacroPlacement' at 'memory_system/runs/26_04_25_23_59/16-odb-manualmacroplacement'…
No instances found, skipping 'Odb.ManualMacroPlacement'…
Running 'OpenROAD.CutRows' at 'memory_system/runs/26_04_25_23_59/17-openroad-cutrows'…
Logging subprocess to [repr.filename]'memory_system/runs/26_04_25_23_59/17-openroad-cutrows/openroad-cutrows.log'[/repr.filename]…
[STA-0366] port 'rpg_pre_stall' not found.
[STA-0366] port 'rpg_stall' not found.
[STA-0366] port 'rpg_pre_stall' not found.
[STA-0366] port 'rpg_stall' not found.
[STA-0366] port 'rpg_pre_stall' not found.
[STA-0366] port 'rpg_stall' not found.
[STA-0366] port 'rpg_pre_stall' not found.
[STA-0366] port 'rpg_stall' not found.
Running 'OpenROAD.TapEndcapInsertion' at 'memory_system/runs/26_04_25_23_59/18-openroad-tapendcapinsertion'…
Logging subprocess to [repr.filename]'memory_system/runs/26_04_25_23_59/18-openroad-tapendcapinsertion/openroad-tapendcapinsertion.log'[/repr.filename]…
[STA-0366] port 'rpg_pre_stall' not found.
[STA-0366] port 'rpg_stall' not found.
[STA-0366] port 'rpg_pre_stall' not found.
[STA-0366] port 'rpg_stall' not found.
[STA-0366] port 'rpg_pre_stall' not found.
[STA-0366] port 'rpg_stall' not found.
[STA-0366] port 'rpg_pre_stall' not found.
[STA-0366] port 'rpg_stall' not found.
Running 'Odb.AddPDNObstructions' at 'memory_system/runs/26_04_25_23_59/19-odb-addpdnobstructions'…
'PDN_OBSTRUCTIONS' is not defined. Skipping 'Odb.AddPDNObstructions'…
Running 'OpenROAD.GeneratePDN' at 'memory_system/runs/26_04_25_23_59/20-openroad-generatepdn'…
'FP_PDN_CFG' not explicitly set, setting it to /nix/store/wn1fdnkvfs0r3b197kgsf2fwavmsn82c-python3.11-librelane-2.4.6/lib/python3.11/site-packages/librelane/scripts/openroad/common/pdn_cfg.tcl…
Logging subprocess to [repr.filename]'memory_system/runs/26_04_25_23_59/20-openroad-generatepdn/openroad-generatepdn.log'[/repr.filename]…
[STA-0366] port 'rpg_pre_stall' not found.
[STA-0366] port 'rpg_stall' not found.
[STA-0366] port 'rpg_pre_stall' not found.
[STA-0366] port 'rpg_stall' not found.
[STA-0366] port 'rpg_pre_stall' not found.
[STA-0366] port 'rpg_stall' not found.
[STA-0366] port 'rpg_pre_stall' not found.
[STA-0366] port 'rpg_stall' not found.
Running 'Odb.RemovePDNObstructions' at 'memory_system/runs/26_04_25_23_59/21-odb-removepdnobstructions'…
'PDN_OBSTRUCTIONS' is not defined. Skipping 'Odb.RemovePDNObstructions'…
Running 'Odb.AddRoutingObstructions' at 'memory_system/runs/26_04_25_23_59/22-odb-addroutingobstructions'…
'ROUTING_OBSTRUCTIONS' is not defined. Skipping 'Odb.AddRoutingObstructions'…
Running 'OpenROAD.GlobalPlacementSkipIO' at 'memory_system/runs/26_04_25_23_59/23-openroad-globalplacementskipio'…
'PL_TARGET_DENSITY_PCT' not explicitly set, using dynamically calculated target density: 55.538600…
Logging subprocess to [repr.filename]'memory_system/runs/26_04_25_23_59/23-openroad-globalplacementskipio/openroad-globalplacementskipio.log'[/repr.filename]…
[STA-0366] port 'rpg_pre_stall' not found.
[STA-0366] port 'rpg_stall' not found.
[STA-0366] port 'rpg_pre_stall' not found.
[STA-0366] port 'rpg_stall' not found.
[STA-0366] port 'rpg_pre_stall' not found.
[STA-0366] port 'rpg_stall' not found.
[STA-0366] port 'rpg_pre_stall' not found.
[STA-0366] port 'rpg_stall' not found.
Running 'OpenROAD.IOPlacement' at 'memory_system/runs/26_04_25_23_59/24-openroad-ioplacement'…
Logging subprocess to [repr.filename]'memory_system/runs/26_04_25_23_59/24-openroad-ioplacement/openroad-ioplacement.log'[/repr.filename]…
[STA-0366] port 'rpg_pre_stall' not found.
[STA-0366] port 'rpg_stall' not found.
[STA-0366] port 'rpg_pre_stall' not found.
[STA-0366] port 'rpg_stall' not found.
[STA-0366] port 'rpg_pre_stall' not found.
[STA-0366] port 'rpg_stall' not found.
[STA-0366] port 'rpg_pre_stall' not found.
[STA-0366] port 'rpg_stall' not found.
Running 'Odb.CustomIOPlacement' at 'memory_system/runs/26_04_25_23_59/25-odb-customioplacement'…
No custom floorplan file configured, skipping…
Running 'Odb.ApplyDEFTemplate' at 'memory_system/runs/26_04_25_23_59/26-odb-applydeftemplate'…
No DEF template provided, skipping…
Running 'OpenROAD.GlobalPlacement' at 'memory_system/runs/26_04_25_23_59/27-openroad-globalplacement'…
'PL_TARGET_DENSITY_PCT' not explicitly set, using dynamically calculated target density: 55.538600…
Logging subprocess to [repr.filename]'memory_system/runs/26_04_25_23_59/27-openroad-globalplacement/openroad-globalplacement.log'[/repr.filename]…
[STA-0366] port 'rpg_pre_stall' not found.
[STA-0366] port 'rpg_stall' not found.
[STA-0366] port 'rpg_pre_stall' not found.
[STA-0366] port 'rpg_stall' not found.
[STA-0366] port 'rpg_pre_stall' not found.
[STA-0366] port 'rpg_stall' not found.
[STA-0366] port 'rpg_pre_stall' not found.
[STA-0366] port 'rpg_stall' not found.
Running 'Odb.WriteVerilogHeader' at 'memory_system/runs/26_04_25_23_59/28-odb-writeverilogheader'…
Logging subprocess to [repr.filename]'memory_system/runs/26_04_25_23_59/28-odb-writeverilogheader/odb-writeverilogheader.log'[/repr.filename]…
Running 'Checker.PowerGridViolations' at 'memory_system/runs/26_04_25_23_59/29-checker-powergridviolations'…
Check for power grid violations (as reported by OpenROAD PSM- you may ignore these if LVS passes) clear.
Running 'OpenROAD.STAMidPNR' at 'memory_system/runs/26_04_25_23_59/30-openroad-stamidpnr'…
Logging subprocess to [repr.filename]'memory_system/runs/26_04_25_23_59/30-openroad-stamidpnr/openroad-stamidpnr.log'[/repr.filename]…
[STA-0366] port 'rpg_pre_stall' not found.
[STA-0366] port 'rpg_stall' not found.
[STA-0366] port 'rpg_pre_stall' not found.
[STA-0366] port 'rpg_stall' not found.
[STA-0366] port 'rpg_pre_stall' not found.
[STA-0366] port 'rpg_stall' not found.
[STA-0366] port 'rpg_pre_stall' not found.
[STA-0366] port 'rpg_stall' not found.
[GRT-0097] No global routing found for nets.
Running 'OpenROAD.RepairDesignPostGPL' at 'memory_system/runs/26_04_25_23_59/31-openroad-repairdesignpostgpl'…
Logging subprocess to [repr.filename]'memory_system/runs/26_04_25_23_59/31-openroad-repairdesignpostgpl/openroad-repairdesignpostgpl.log'[/repr.filename]…
[STA-0366] port 'rpg_pre_stall' not found.
[STA-0366] port 'rpg_stall' not found.
[STA-0366] port 'rpg_pre_stall' not found.
[STA-0366] port 'rpg_stall' not found.
[STA-0366] port 'rpg_pre_stall' not found.
[STA-0366] port 'rpg_stall' not found.
[STA-0366] port 'rpg_pre_stall' not found.
[STA-0366] port 'rpg_stall' not found.
[RSZ-0065] max wire length less than 5786u increases wire delays.
Running 'Odb.ManualGlobalPlacement' at 'memory_system/runs/26_04_25_23_59/32-odb-manualglobalplacement'…
'MANUAL_GLOBAL_PLACEMENTS' not set, skipping…
Running 'OpenROAD.DetailedPlacement' at 'memory_system/runs/26_04_25_23_59/33-openroad-detailedplacement'…
Logging subprocess to [repr.filename]'memory_system/runs/26_04_25_23_59/33-openroad-detailedplacement/openroad-detailedplacement.log'[/repr.filename]…
[STA-0366] port 'rpg_pre_stall' not found.
[STA-0366] port 'rpg_stall' not found.
[STA-0366] port 'rpg_pre_stall' not found.
[STA-0366] port 'rpg_stall' not found.
[STA-0366] port 'rpg_pre_stall' not found.
[STA-0366] port 'rpg_stall' not found.
[STA-0366] port 'rpg_pre_stall' not found.
[STA-0366] port 'rpg_stall' not found.
Running 'OpenROAD.CTS' at 'memory_system/runs/26_04_25_23_59/34-openroad-cts'…
Logging subprocess to [repr.filename]'memory_system/runs/26_04_25_23_59/34-openroad-cts/openroad-cts.log'[/repr.filename]…
[STA-0366] port 'rpg_pre_stall' not found.
[STA-0366] port 'rpg_stall' not found.
[STA-0366] port 'rpg_pre_stall' not found.
[STA-0366] port 'rpg_stall' not found.
[STA-0366] port 'rpg_pre_stall' not found.
[STA-0366] port 'rpg_stall' not found.
[STA-0366] port 'rpg_pre_stall' not found.
[STA-0366] port 'rpg_stall' not found.
[RSZ-0065] max wire length less than 5786u increases wire delays.
Running 'OpenROAD.STAMidPNR-1' at 'memory_system/runs/26_04_25_23_59/35-openroad-stamidpnr-1'…
Logging subprocess to [repr.filename]'memory_system/runs/26_04_25_23_59/35-openroad-stamidpnr-1/openroad-stamidpnr-1.log'[/repr.filename]…
[STA-0366] port 'rpg_pre_stall' not found.
[STA-0366] port 'rpg_stall' not found.
[STA-0366] port 'rpg_pre_stall' not found.
[STA-0366] port 'rpg_stall' not found.
[STA-0366] port 'rpg_pre_stall' not found.
[STA-0366] port 'rpg_stall' not found.
[STA-0366] port 'rpg_pre_stall' not found.
[STA-0366] port 'rpg_stall' not found.
[GRT-0097] No global routing found for nets.
Running 'OpenROAD.ResizerTimingPostCTS' at 'memory_system/runs/26_04_25_23_59/36-openroad-resizertimingpostcts'…
Logging subprocess to [repr.filename]'memory_system/runs/26_04_25_23_59/36-openroad-resizertimingpostcts/openroad-resizertimingpostcts.log'[/repr.filename]…
[STA-0366] port 'rpg_pre_stall' not found.
[STA-0366] port 'rpg_stall' not found.
[STA-0366] port 'rpg_pre_stall' not found.
[STA-0366] port 'rpg_stall' not found.
[STA-0366] port 'rpg_pre_stall' not found.
[STA-0366] port 'rpg_stall' not found.
[STA-0366] port 'rpg_pre_stall' not found.
[STA-0366] port 'rpg_stall' not found.
Running 'OpenROAD.STAMidPNR-2' at 'memory_system/runs/26_04_25_23_59/37-openroad-stamidpnr-2'…
Logging subprocess to [repr.filename]'memory_system/runs/26_04_25_23_59/37-openroad-stamidpnr-2/openroad-stamidpnr-2.log'[/repr.filename]…
[STA-0366] port 'rpg_pre_stall' not found.
[STA-0366] port 'rpg_stall' not found.
[STA-0366] port 'rpg_pre_stall' not found.
[STA-0366] port 'rpg_stall' not found.
[STA-0366] port 'rpg_pre_stall' not found.
[STA-0366] port 'rpg_stall' not found.
[STA-0366] port 'rpg_pre_stall' not found.
[STA-0366] port 'rpg_stall' not found.
[GRT-0097] No global routing found for nets.
Running 'OpenROAD.GlobalRouting' at 'memory_system/runs/26_04_25_23_59/38-openroad-globalrouting'…
Logging subprocess to [repr.filename]'memory_system/runs/26_04_25_23_59/38-openroad-globalrouting/openroad-globalrouting.log'[/repr.filename]…
[STA-0366] port 'rpg_pre_stall' not found.
[STA-0366] port 'rpg_stall' not found.
[STA-0366] port 'rpg_pre_stall' not found.
[STA-0366] port 'rpg_stall' not found.
[STA-0366] port 'rpg_pre_stall' not found.
[STA-0366] port 'rpg_stall' not found.
[STA-0366] port 'rpg_pre_stall' not found.
[STA-0366] port 'rpg_stall' not found.
Running 'OpenROAD.CheckAntennas' at 'memory_system/runs/26_04_25_23_59/39-openroad-checkantennas'…
Logging subprocess to [repr.filename]'memory_system/runs/26_04_25_23_59/39-openroad-checkantennas/openroad-checkantennas.log'[/repr.filename]…
[STA-0366] port 'rpg_pre_stall' not found.
[STA-0366] port 'rpg_stall' not found.
[STA-0366] port 'rpg_pre_stall' not found.
[STA-0366] port 'rpg_stall' not found.
[STA-0366] port 'rpg_pre_stall' not found.
[STA-0366] port 'rpg_stall' not found.
[STA-0366] port 'rpg_pre_stall' not found.
[STA-0366] port 'rpg_stall' not found.
Running 'OpenROAD.RepairDesignPostGRT' at 'memory_system/runs/26_04_25_23_59/40-openroad-repairdesignpostgrt'…
Logging subprocess to [repr.filename]'memory_system/runs/26_04_25_23_59/40-openroad-repairdesignpostgrt/openroad-repairdesignpostgrt.log'[/repr.filename]…
[STA-0366] port 'rpg_pre_stall' not found.
[STA-0366] port 'rpg_stall' not found.
[STA-0366] port 'rpg_pre_stall' not found.
[STA-0366] port 'rpg_stall' not found.
[STA-0366] port 'rpg_pre_stall' not found.
[STA-0366] port 'rpg_stall' not found.
[STA-0366] port 'rpg_pre_stall' not found.
[STA-0366] port 'rpg_stall' not found.
[RSZ-0065] max wire length less than 5786u increases wire delays.
Running 'Odb.DiodesOnPorts' at 'memory_system/runs/26_04_25_23_59/41-odb-diodesonports'…
'DIODE_ON_PORTS' is set to 'none': skipping…
Running 'Odb.HeuristicDiodeInsertion' at 'memory_system/runs/26_04_25_23_59/42-odb-heuristicdiodeinsertion'…
Running 'Odb.FuzzyDiodePlacement' at 'memory_system/runs/26_04_25_23_59/42-odb-heuristicdiodeinsertion/1-odb-fuzzydiodeplacement'…
Logging subprocess to [repr.filename]'memory_system/runs/26_04_25_23_59/42-odb-heuristicdiodeinsertion/1-odb-fuzzydiodeplacement/odb-fuzzydiodeplacement.log'[/repr.filename]…
Running 'OpenROAD.DetailedPlacement' at 'memory_system/runs/26_04_25_23_59/42-odb-heuristicdiodeinsertion/2-openroad-detailedplacement'…
Logging subprocess to [repr.filename]'memory_system/runs/26_04_25_23_59/42-odb-heuristicdiodeinsertion/2-openroad-detailedplacement/openroad-detailedplacement.log'[/repr.filename]…
[STA-0366] port 'rpg_pre_stall' not found.
[STA-0366] port 'rpg_stall' not found.
[STA-0366] port 'rpg_pre_stall' not found.
[STA-0366] port 'rpg_stall' not found.
[STA-0366] port 'rpg_pre_stall' not found.
[STA-0366] port 'rpg_stall' not found.
[STA-0366] port 'rpg_pre_stall' not found.
[STA-0366] port 'rpg_stall' not found.
Running 'OpenROAD.GlobalRouting' at 'memory_system/runs/26_04_25_23_59/42-odb-heuristicdiodeinsertion/3-openroad-globalrouting'…
Logging subprocess to [repr.filename]'memory_system/runs/26_04_25_23_59/42-odb-heuristicdiodeinsertion/3-openroad-globalrouting/openroad-globalrouting.log'[/repr.filename]…
[STA-0366] port 'rpg_pre_stall' not found.
[STA-0366] port 'rpg_stall' not found.
[STA-0366] port 'rpg_pre_stall' not found.
[STA-0366] port 'rpg_stall' not found.
[STA-0366] port 'rpg_pre_stall' not found.
[STA-0366] port 'rpg_stall' not found.
[STA-0366] port 'rpg_pre_stall' not found.
[STA-0366] port 'rpg_stall' not found.
Running 'OpenROAD.RepairAntennas' at 'memory_system/runs/26_04_25_23_59/43-openroad-repairantennas'…
Running 'DiodeInsertion' at 'memory_system/runs/26_04_25_23_59/43-openroad-repairantennas/1-diodeinsertion'…
Logging subprocess to [repr.filename]'memory_system/runs/26_04_25_23_59/43-openroad-repairantennas/1-diodeinsertion/diodeinsertion.log'[/repr.filename]…
[STA-0366] port 'rpg_pre_stall' not found.
[STA-0366] port 'rpg_stall' not found.
[STA-0366] port 'rpg_pre_stall' not found.
[STA-0366] port 'rpg_stall' not found.
[STA-0366] port 'rpg_pre_stall' not found.
[STA-0366] port 'rpg_stall' not found.
[STA-0366] port 'rpg_pre_stall' not found.
[STA-0366] port 'rpg_stall' not found.
Running 'OpenROAD.CheckAntennas' at 'memory_system/runs/26_04_25_23_59/43-openroad-repairantennas/2-openroad-checkantennas'…
Logging subprocess to [repr.filename]'memory_system/runs/26_04_25_23_59/43-openroad-repairantennas/2-openroad-checkantennas/openroad-checkantennas.log'[/repr.filename]…
[STA-0366] port 'rpg_pre_stall' not found.
[STA-0366] port 'rpg_stall' not found.
[STA-0366] port 'rpg_pre_stall' not found.
[STA-0366] port 'rpg_stall' not found.
[STA-0366] port 'rpg_pre_stall' not found.
[STA-0366] port 'rpg_stall' not found.
[STA-0366] port 'rpg_pre_stall' not found.
[STA-0366] port 'rpg_stall' not found.
Running 'OpenROAD.ResizerTimingPostGRT' at 'memory_system/runs/26_04_25_23_59/44-openroad-resizertimingpostgrt'…
Logging subprocess to [repr.filename]'memory_system/runs/26_04_25_23_59/44-openroad-resizertimingpostgrt/openroad-resizertimingpostgrt.log'[/repr.filename]…
[STA-0366] port 'rpg_pre_stall' not found.
[STA-0366] port 'rpg_stall' not found.
[STA-0366] port 'rpg_pre_stall' not found.
[STA-0366] port 'rpg_stall' not found.
[STA-0366] port 'rpg_pre_stall' not found.
[STA-0366] port 'rpg_stall' not found.
[STA-0366] port 'rpg_pre_stall' not found.
[STA-0366] port 'rpg_stall' not found.
Running 'OpenROAD.STAMidPNR-3' at 'memory_system/runs/26_04_25_23_59/45-openroad-stamidpnr-3'…
Logging subprocess to [repr.filename]'memory_system/runs/26_04_25_23_59/45-openroad-stamidpnr-3/openroad-stamidpnr-3.log'[/repr.filename]…
[STA-0366] port 'rpg_pre_stall' not found.
[STA-0366] port 'rpg_stall' not found.
[STA-0366] port 'rpg_pre_stall' not found.
[STA-0366] port 'rpg_stall' not found.
[STA-0366] port 'rpg_pre_stall' not found.
[STA-0366] port 'rpg_stall' not found.
[STA-0366] port 'rpg_pre_stall' not found.
[STA-0366] port 'rpg_stall' not found.
Running 'OpenROAD.DetailedRouting' at 'memory_system/runs/26_04_25_23_59/46-openroad-detailedrouting'…
Running TritonRoute with 32 threads…
Logging subprocess to [repr.filename]'memory_system/runs/26_04_25_23_59/46-openroad-detailedrouting/openroad-detailedrouting.log'[/repr.filename]…
[STA-0366] port 'rpg_pre_stall' not found.
[STA-0366] port 'rpg_stall' not found.
[STA-0366] port 'rpg_pre_stall' not found.
[STA-0366] port 'rpg_stall' not found.
[STA-0366] port 'rpg_pre_stall' not found.
[STA-0366] port 'rpg_stall' not found.
[STA-0366] port 'rpg_pre_stall' not found.
[STA-0366] port 'rpg_stall' not found.
[DRT-0349] LEF58_ENCLOSURE with no CUTCLASS is not supported. Skipping for layer mcon
[DRT-0349] LEF58_ENCLOSURE with no CUTCLASS is not supported. Skipping for layer mcon
[DRT-0349] LEF58_ENCLOSURE with no CUTCLASS is not supported. Skipping for layer via
[DRT-0349] LEF58_ENCLOSURE with no CUTCLASS is not supported. Skipping for layer via
[DRT-0349] LEF58_ENCLOSURE with no CUTCLASS is not supported. Skipping for layer via2
[DRT-0349] LEF58_ENCLOSURE with no CUTCLASS is not supported. Skipping for layer via2
[DRT-0349] LEF58_ENCLOSURE with no CUTCLASS is not supported. Skipping for layer via3
[DRT-0349] LEF58_ENCLOSURE with no CUTCLASS is not supported. Skipping for layer via3
[DRT-0349] LEF58_ENCLOSURE with no CUTCLASS is not supported. Skipping for layer via4
[DRT-0349] LEF58_ENCLOSURE with no CUTCLASS is not supported. Skipping for layer via4
Running 'Odb.RemoveRoutingObstructions' at 'memory_system/runs/26_04_25_23_59/47-odb-removeroutingobstructions'…
'ROUTING_OBSTRUCTIONS' is not defined. Skipping 'Odb.RemoveRoutingObstructions'…
Running 'OpenROAD.CheckAntennas-1' at 'memory_system/runs/26_04_25_23_59/48-openroad-checkantennas-1'…
Logging subprocess to [repr.filename]'memory_system/runs/26_04_25_23_59/48-openroad-checkantennas-1/openroad-checkantennas-1.log'[/repr.filename]…
[STA-0366] port 'rpg_pre_stall' not found.
[STA-0366] port 'rpg_stall' not found.
[STA-0366] port 'rpg_pre_stall' not found.
[STA-0366] port 'rpg_stall' not found.
[STA-0366] port 'rpg_pre_stall' not found.
[STA-0366] port 'rpg_stall' not found.
[STA-0366] port 'rpg_pre_stall' not found.
[STA-0366] port 'rpg_stall' not found.
Running 'Checker.TrDRC' at 'memory_system/runs/26_04_25_23_59/49-checker-trdrc'…
Check for Routing DRC errors clear.
Running 'Odb.ReportDisconnectedPins' at 'memory_system/runs/26_04_25_23_59/50-odb-reportdisconnectedpins'…
Logging subprocess to [repr.filename]'memory_system/runs/26_04_25_23_59/50-odb-reportdisconnectedpins/odb-reportdisconnectedpins.log'[/repr.filename]…
Running 'Checker.DisconnectedPins' at 'memory_system/runs/26_04_25_23_59/51-checker-disconnectedpins'…
Check for critical disconnected pins clear.
Running 'Odb.ReportWireLength' at 'memory_system/runs/26_04_25_23_59/52-odb-reportwirelength'…
Logging subprocess to [repr.filename]'memory_system/runs/26_04_25_23_59/52-odb-reportwirelength/odb-reportwirelength.log'[/repr.filename]…
Running 'Checker.WireLength' at 'memory_system/runs/26_04_25_23_59/53-checker-wirelength'…
Threshold for Threshold-surpassing long wires is not set. The checker will be skipped.
Running 'OpenROAD.FillInsertion' at 'memory_system/runs/26_04_25_23_59/54-openroad-fillinsertion'…
Logging subprocess to [repr.filename]'memory_system/runs/26_04_25_23_59/54-openroad-fillinsertion/openroad-fillinsertion.log'[/repr.filename]…
[STA-0366] port 'rpg_pre_stall' not found.
[STA-0366] port 'rpg_stall' not found.
[STA-0366] port 'rpg_pre_stall' not found.
[STA-0366] port 'rpg_stall' not found.
[STA-0366] port 'rpg_pre_stall' not found.
[STA-0366] port 'rpg_stall' not found.
[STA-0366] port 'rpg_pre_stall' not found.
[STA-0366] port 'rpg_stall' not found.
Running 'Odb.CellFrequencyTables' at 'memory_system/runs/26_04_25_23_59/55-odb-cellfrequencytables'…
Logging subprocess to [repr.filename]'memory_system/runs/26_04_25_23_59/55-odb-cellfrequencytables/buffer_list.txt'[/repr.filename]…
Logging subprocess to [repr.filename]'memory_system/runs/26_04_25_23_59/55-odb-cellfrequencytables/odb-cellfrequencytables.log'[/repr.filename]…
Running 'OpenROAD.RCX' at 'memory_system/runs/26_04_25_23_59/56-openroad-rcx'…
Running RCX for corners matching nom_* (/home/baungarten/Desktop/lacerta_march/openlane/memory_system/runs/26_04_25_23_59/56-openroad-rcx/nom/rcx.log)…
Running RCX for corners matching min_* (/home/baungarten/Desktop/lacerta_march/openlane/memory_system/runs/26_04_25_23_59/56-openroad-rcx/min/rcx.log)…
Running RCX for corners matching max_* (/home/baungarten/Desktop/lacerta_march/openlane/memory_system/runs/26_04_25_23_59/56-openroad-rcx/max/rcx.log)…
Logging subprocess to [repr.filename]'memory_system/runs/26_04_25_23_59/56-openroad-rcx/max/rcx.log'[/repr.filename]…
Logging subprocess to [repr.filename]'memory_system/runs/26_04_25_23_59/56-openroad-rcx/nom/rcx.log'[/repr.filename]…
Logging subprocess to [repr.filename]'memory_system/runs/26_04_25_23_59/56-openroad-rcx/min/rcx.log'[/repr.filename]…
Finished RCX for corners matching nom_*.
Finished RCX for corners matching min_*.
Finished RCX for corners matching max_*.
Running 'OpenROAD.STAPostPNR' at 'memory_system/runs/26_04_25_23_59/57-openroad-stapostpnr'…
Starting STA for the nom_tt_025C_1v80 timing corner…
Starting STA for the nom_ss_100C_1v60 timing corner…
Starting STA for the nom_ff_n40C_1v95 timing corner…
Starting STA for the min_tt_025C_1v80 timing corner…
Starting STA for the min_ss_100C_1v60 timing corner…
Starting STA for the min_ff_n40C_1v95 timing corner…
Starting STA for the max_tt_025C_1v80 timing corner…
Logging subprocess to [repr.filename]'memory_system/runs/26_04_25_23_59/57-openroad-stapostpnr/nom_tt_025C_1v80/sta.log'[/repr.filename]…
Logging subprocess to [repr.filename]'memory_system/runs/26_04_25_23_59/57-openroad-stapostpnr/min_tt_025C_1v80/sta.log'[/repr.filename]…
Logging subprocess to [repr.filename]'memory_system/runs/26_04_25_23_59/57-openroad-stapostpnr/nom_ss_100C_1v60/sta.log'[/repr.filename]…
Starting STA for the max_ss_100C_1v60 timing corner…
Logging subprocess to [repr.filename]'memory_system/runs/26_04_25_23_59/57-openroad-stapostpnr/nom_ff_n40C_1v95/sta.log'[/repr.filename]…
Starting STA for the max_ff_n40C_1v95 timing corner…
Logging subprocess to [repr.filename]'memory_system/runs/26_04_25_23_59/57-openroad-stapostpnr/min_ss_100C_1v60/sta.log'[/repr.filename]…
Logging subprocess to [repr.filename]'memory_system/runs/26_04_25_23_59/57-openroad-stapostpnr/max_ss_100C_1v60/sta.log'[/repr.filename]…
Logging subprocess to [repr.filename]'memory_system/runs/26_04_25_23_59/57-openroad-stapostpnr/max_tt_025C_1v80/sta.log'[/repr.filename]…
Logging subprocess to [repr.filename]'memory_system/runs/26_04_25_23_59/57-openroad-stapostpnr/min_ff_n40C_1v95/sta.log'[/repr.filename]…
Logging subprocess to [repr.filename]'memory_system/runs/26_04_25_23_59/57-openroad-stapostpnr/max_ff_n40C_1v95/sta.log'[/repr.filename]…
Finished STA for the min_tt_025C_1v80 timing corner.
Logging subprocess to [repr.filename]'memory_system/runs/26_04_25_23_59/57-openroad-stapostpnr/min_tt_025C_1v80/filter_unannotated.log'[/repr.filename]…
Finished STA for the min_ss_100C_1v60 timing corner.
Logging subprocess to [repr.filename]'memory_system/runs/26_04_25_23_59/57-openroad-stapostpnr/min_ss_100C_1v60/filter_unannotated.log'[/repr.filename]…
Finished STA for the min_ff_n40C_1v95 timing corner.
Logging subprocess to [repr.filename]'memory_system/runs/26_04_25_23_59/57-openroad-stapostpnr/min_ff_n40C_1v95/filter_unannotated.log'[/repr.filename]…
Finished STA for the nom_ff_n40C_1v95 timing corner.
Logging subprocess to [repr.filename]'memory_system/runs/26_04_25_23_59/57-openroad-stapostpnr/nom_ff_n40C_1v95/filter_unannotated.log'[/repr.filename]…
Finished STA for the nom_tt_025C_1v80 timing corner.
Logging subprocess to [repr.filename]'memory_system/runs/26_04_25_23_59/57-openroad-stapostpnr/nom_tt_025C_1v80/filter_unannotated.log'[/repr.filename]…
Finished STA for the nom_ss_100C_1v60 timing corner.
Logging subprocess to [repr.filename]'memory_system/runs/26_04_25_23_59/57-openroad-stapostpnr/nom_ss_100C_1v60/filter_unannotated.log'[/repr.filename]…
Finished STA for the max_ff_n40C_1v95 timing corner.
Logging subprocess to [repr.filename]'memory_system/runs/26_04_25_23_59/57-openroad-stapostpnr/max_ff_n40C_1v95/filter_unannotated.log'[/repr.filename]…
Finished STA for the max_ss_100C_1v60 timing corner.
Logging subprocess to [repr.filename]'memory_system/runs/26_04_25_23_59/57-openroad-stapostpnr/max_ss_100C_1v60/filter_unannotated.log'[/repr.filename]…
Finished STA for the max_tt_025C_1v80 timing corner.
Logging subprocess to [repr.filename]'memory_system/runs/26_04_25_23_59/57-openroad-stapostpnr/max_tt_025C_1v80/filter_unannotated.log'[/repr.filename]…
Running 'OpenROAD.IRDropReport' at 'memory_system/runs/26_04_25_23_59/58-openroad-irdropreport'…
'VSRC_LOC_FILES' was not given a value, which may make the results of IR drop analysis inaccurate. If you are not integrating a top-level chip for manufacture, you may ignore this warning, otherwise, see the documentation for 'VSRC_LOC_FILES'.
Logging subprocess to [repr.filename]'memory_system/runs/26_04_25_23_59/58-openroad-irdropreport/openroad-irdropreport.log'[/repr.filename]…
[STA-0366] port 'rpg_pre_stall' not found.
[STA-0366] port 'rpg_stall' not found.
[STA-0366] port 'rpg_pre_stall' not found.
[STA-0366] port 'rpg_stall' not found.
[STA-0366] port 'rpg_pre_stall' not found.
[STA-0366] port 'rpg_stall' not found.
[STA-0366] port 'rpg_pre_stall' not found.
[STA-0366] port 'rpg_stall' not found.
[INFO PSM-0040] All shapes on net vccd1 are connected.
########## IR report #################
Net              : vccd1
Corner           : nom_tt_025C_1v80
Supply voltage   : 1.80e+00 V
Worstcase voltage: 1.80e+00 V
Average voltage  : 1.80e+00 V
Average IR drop  : 3.11e-04 V
Worstcase IR drop: 1.85e-03 V
Percentage drop  : 0.10 %
######################################
[INFO PSM-0040] All shapes on net vssd1 are connected.
########## IR report #################
Net              : vssd1
Corner           : nom_tt_025C_1v80
Supply voltage   : 0.00e+00 V
Worstcase voltage: 2.23e-03 V
Average voltage  : 3.17e-04 V
Average IR drop  : 3.17e-04 V
Worstcase IR drop: 2.23e-03 V
Percentage drop  : 0.12 %
######################################

Running 'Magic.StreamOut' at 'memory_system/runs/26_04_25_23_59/59-magic-streamout'…
Logging subprocess to [repr.filename]'memory_system/runs/26_04_25_23_59/59-magic-streamout/magic-streamout.log'[/repr.filename]…
Running 'KLayout.StreamOut' at 'memory_system/runs/26_04_25_23_59/60-klayout-streamout'…
Logging subprocess to [repr.filename]'memory_system/runs/26_04_25_23_59/60-klayout-streamout/klayout-streamout.log'[/repr.filename]…
Running 'Magic.WriteLEF' at 'memory_system/runs/26_04_25_23_59/61-magic-writelef'…
Logging subprocess to [repr.filename]'memory_system/runs/26_04_25_23_59/61-magic-writelef/magic-writelef.log'[/repr.filename]…
Running 'Odb.CheckDesignAntennaProperties' at 'memory_system/runs/26_04_25_23_59/62-odb-checkdesignantennaproperties'…
Logging subprocess to [repr.filename]'memory_system/runs/26_04_25_23_59/62-odb-checkdesignantennaproperties/odb-checkdesignantennaproperties.log'[/repr.filename]…
Running 'KLayout.XOR' at 'memory_system/runs/26_04_25_23_59/63-klayout-xor'…
Running XOR with 32 threads…
Logging subprocess to [repr.filename]'memory_system/runs/26_04_25_23_59/63-klayout-xor/klayout-xor.log'[/repr.filename]…
Running 'Checker.XOR' at 'memory_system/runs/26_04_25_23_59/64-checker-xor'…
Check for XOR differences clear.
Running 'Magic.DRC' at 'memory_system/runs/26_04_25_23_59/65-magic-drc'…
Logging subprocess to [repr.filename]'memory_system/runs/26_04_25_23_59/65-magic-drc/magic-drc.log'[/repr.filename]…
Running 'KLayout.DRC' at 'memory_system/runs/26_04_25_23_59/66-klayout-drc'…
Running KLayout DRC with 32 threads…
Logging subprocess to [repr.filename]'memory_system/runs/26_04_25_23_59/66-klayout-drc/klayout-drc.log'[/repr.filename]…
Logging subprocess to [repr.filename]'memory_system/runs/26_04_25_23_59/66-klayout-drc/xml_drc_report_to_json.log'[/repr.filename]…
Running 'Checker.MagicDRC' at 'memory_system/runs/26_04_25_23_59/67-checker-magicdrc'…
Check for Magic DRC errors clear.
Running 'Checker.KLayoutDRC' at 'memory_system/runs/26_04_25_23_59/68-checker-klayoutdrc'…
Check for KLayout DRC errors clear.
Running 'Magic.SpiceExtraction' at 'memory_system/runs/26_04_25_23_59/69-magic-spiceextraction'…
Logging subprocess to [repr.filename]'memory_system/runs/26_04_25_23_59/69-magic-spiceextraction/magic-spiceextraction.log'[/repr.filename]…
Running 'Checker.IllegalOverlap' at 'memory_system/runs/26_04_25_23_59/70-checker-illegaloverlap'…
Check for Magic Illegal Overlap errors clear.
Running 'Netgen.LVS' at 'memory_system/runs/26_04_25_23_59/71-netgen-lvs'…
Logging subprocess to [repr.filename]'memory_system/runs/26_04_25_23_59/71-netgen-lvs/netgen-lvs.log'[/repr.filename]…
Running 'Checker.LVS' at 'memory_system/runs/26_04_25_23_59/72-checker-lvs'…
Check for LVS errors clear.
Gating variable for step 'Yosys.EQY' set to 'False'- the step will be skipped.
Skipping step 'Equivalence Check'…
Running 'Checker.SetupViolations' at 'memory_system/runs/26_04_25_23_59/73-checker-setupviolations'…
No setup violations found
Running 'Checker.HoldViolations' at 'memory_system/runs/26_04_25_23_59/74-checker-holdviolations'…
No hold violations found
Running 'Checker.MaxSlewViolations' at 'memory_system/runs/26_04_25_23_59/75-checker-maxslewviolations'…
No max slew violations found
Running 'Checker.MaxCapViolations' at 'memory_system/runs/26_04_25_23_59/76-checker-maxcapviolations'…
No max cap violations found
Running 'Misc.ReportManufacturability' at 'memory_system/runs/26_04_25_23_59/77-misc-reportmanufacturability'…
Saving views to '/home/baungarten/Desktop/lacerta_march/openlane/memory_system/runs/26_04_25_23_59/final'…
Flow complete.
