Clock: clk
Sources: clk 
Generated: no
Virtual: yes
Propagated: no
Period: 10.000000

===========================================================================
report_clock_properties
============================================================================
Clock                   Period          Waveform
----------------------------------------------------
clk                  10.000000    0.000000  5.000000

===========================================================================
report_clock_latency
============================================================================
Clock clk
rise -> rise
    min     max
0.000000 0.000000 source latency
0.474707         network latency _612_/CLK
        0.491620 network latency _603_/CLK
---------------
0.474707 0.491620 latency
        0.016913 skew

fall -> fall
    min     max
0.000000 0.000000 source latency
0.522046         network latency _612_/CLK
        0.534637 network latency _603_/CLK
---------------
0.522046 0.534637 latency
        0.012591 skew



===========================================================================
report_clock_min_period
============================================================================
clk period_min = 8.25 fmax = 121.16
