
===========================================================================
 report_power
============================================================================
======================= nom_ss_100C_1v60 Corner ===================================

Group                    Internal    Switching      Leakage        Total
                            Power        Power        Power        Power (Watts)
------------------------------------------------------------------------
Sequential           7.652424e-05 2.603904e-06 4.601625e-07 7.958831e-05  23.8%
Combinational        6.212483e-05 8.226174e-05 2.458648e-06 1.468452e-04  44.0%
Clock                6.551848e-05 4.167133e-05 8.251499e-08 1.072723e-04  32.1%
Macro                0.000000e+00 0.000000e+00 0.000000e+00 0.000000e+00   0.0%
Pad                  0.000000e+00 0.000000e+00 0.000000e+00 0.000000e+00   0.0%
------------------------------------------------------------------------
Total                2.041675e-04 1.265370e-04 3.001325e-06 3.337058e-04 100.0%
                            61.2%        37.9%         0.9%

