
===========================================================================
 report_power
============================================================================
======================= min_tt_025C_1v80 Corner ===================================

Group                    Internal    Switching      Leakage        Total
                            Power        Power        Power        Power (Watts)
------------------------------------------------------------------------
Sequential           2.856355e-04 2.290614e-06 5.750191e-10 2.879267e-04  36.7%
Combinational        3.244272e-05 4.365740e-05 2.805532e-09 7.610294e-05   9.7%
Clock                2.289506e-04 1.911154e-04 1.010831e-09 4.200670e-04  53.6%
Macro                0.000000e+00 0.000000e+00 0.000000e+00 0.000000e+00   0.0%
Pad                  0.000000e+00 0.000000e+00 0.000000e+00 0.000000e+00   0.0%
------------------------------------------------------------------------
Total                5.470283e-04 2.370635e-04 4.391361e-09 7.840961e-04 100.0%
                            69.8%        30.2%         0.0%

