
===========================================================================
 report_power
============================================================================
======================= max_ss_100C_1v60 Corner ===================================

Group                    Internal    Switching      Leakage        Total
                            Power        Power        Power        Power (Watts)
------------------------------------------------------------------------
Sequential           6.364219e-04 4.419106e-05 3.452688e-06 6.840657e-04  48.9%
Combinational        1.454790e-04 4.028306e-05 5.156267e-06 1.909183e-04  13.7%
Clock                1.813456e-04 3.419989e-04 2.819629e-07 5.236265e-04  37.4%
Macro                0.000000e+00 0.000000e+00 0.000000e+00 0.000000e+00   0.0%
Pad                  0.000000e+00 0.000000e+00 0.000000e+00 0.000000e+00   0.0%
------------------------------------------------------------------------
Total                9.632470e-04 4.264731e-04 8.890940e-06 1.398611e-03 100.0%
                            68.9%        30.5%         0.6%

