┏━━━━━━━━━━━━━━━━━━━━━━┳━━━━━━━━━━┳━━━━━━━━━━┳━━━━━━━━━━┳━━━━━━━━━━┳━━━━━━━━━━━┳━━━━━━━━━━┳━━━━━━━━━━━┳━━━━━━━━━━┳━━━━━━━━━━━┳━━━━━━━━━━┳━━━━━━━━━━━┳━━━━━━━━━━┓
┃                      ┃ Hold     ┃ Reg to   ┃          ┃          ┃ of which  ┃ Setup    ┃           ┃          ┃           ┃ of which ┃           ┃          ┃
┃                      ┃ Worst    ┃ Reg      ┃          ┃ Hold Vio ┃ reg to    ┃ Worst    ┃ Reg to    ┃ Setup    ┃ Setup Vio ┃ reg to   ┃ Max Cap   ┃ Max Slew ┃
┃ Corner/Group         ┃ Slack    ┃ Paths    ┃ Hold TNS ┃ Count    ┃ reg       ┃ Slack    ┃ Reg Paths ┃ TNS      ┃ Count     ┃ reg      ┃ Violatio… ┃ Violati… ┃
┡━━━━━━━━━━━━━━━━━━━━━━╇━━━━━━━━━━╇━━━━━━━━━━╇━━━━━━━━━━╇━━━━━━━━━━╇━━━━━━━━━━━╇━━━━━━━━━━╇━━━━━━━━━━━╇━━━━━━━━━━╇━━━━━━━━━━━╇━━━━━━━━━━╇━━━━━━━━━━━╇━━━━━━━━━━┩
│ Overall              │ 0.2844   │ 0.4635   │ 0.0000   │ 0        │ 0         │ -0.9512  │ 7.4170    │ -2.6146  │ 9         │ 0        │ 0         │ 0        │
│ nom_tt_025C_1v80     │ 0.4983   │ 0.8228   │ 0.0000   │ 0        │ 0         │ 2.2144   │ 8.6091    │ 0.0000   │ 0         │ 0        │ 0         │ 0        │
│ nom_ss_100C_1v60     │ 0.9075   │ 1.8599   │ 0.0000   │ 0        │ 0         │ -0.8766  │ 7.4277    │ -2.4377  │ 3         │ 0        │ 0         │ 0        │
│ nom_ff_n40C_1v95     │ 0.2923   │ 0.4680   │ 0.0000   │ 0        │ 0         │ 3.5411   │ 8.9920    │ 0.0000   │ 0         │ 0        │ 0         │ 0        │
│ min_tt_025C_1v80     │ 0.4859   │ 0.8161   │ 0.0000   │ 0        │ 0         │ 2.2348   │ 8.6159    │ 0.0000   │ 0         │ 0        │ 0         │ 0        │
│ min_ss_100C_1v60     │ 0.9066   │ 1.8476   │ 0.0000   │ 0        │ 0         │ -0.8371  │ 7.4395    │ -2.3143  │ 3         │ 0        │ 0         │ 0        │
│ min_ff_n40C_1v95     │ 0.2844   │ 0.4635   │ 0.0000   │ 0        │ 0         │ 3.5644   │ 8.9965    │ 0.0000   │ 0         │ 0        │ 0         │ 0        │
│ max_tt_025C_1v80     │ 0.5124   │ 0.8289   │ 0.0000   │ 0        │ 0         │ 2.1815   │ 8.6029    │ 0.0000   │ 0         │ 0        │ 0         │ 0        │
│ max_ss_100C_1v60     │ 0.9097   │ 1.8712   │ 0.0000   │ 0        │ 0         │ -0.9512  │ 7.4170    │ -2.6146  │ 3         │ 0        │ 0         │ 0        │
│ max_ff_n40C_1v95     │ 0.2969   │ 0.4722   │ 0.0000   │ 0        │ 0         │ 3.5116   │ 8.9878    │ 0.0000   │ 0         │ 0        │ 0         │ 0        │
└──────────────────────┴──────────┴──────────┴──────────┴──────────┴───────────┴──────────┴───────────┴──────────┴───────────┴──────────┴───────────┴──────────┘
