Clock: mem_sys_clk
Sources: mem_sys_clk 
Generated: no
Virtual: yes
Propagated: no
Period: 14.000000

===========================================================================
report_clock_properties
============================================================================
Clock                   Period          Waveform
----------------------------------------------------
mem_sys_clk          14.000000    0.000000  7.000000

===========================================================================
report_clock_latency
============================================================================
Clock mem_sys_clk
rise -> rise
    min     max
0.000000 0.000000 source latency
0.721204         network latency _8477_/CLK
        0.928440 network latency _7950_/CLK
---------------
0.721204 0.928440 latency
        0.207236 skew

fall -> fall
    min     max
0.000000 0.000000 source latency
0.637495         network latency _8868_/CLK
        0.814702 network latency _7950_/CLK
---------------
0.637495 0.814702 latency
        0.177208 skew



===========================================================================
report_clock_min_period
============================================================================
mem_sys_clk period_min = 3.24 fmax = 308.43
