
===========================================================================
 report_power
============================================================================
======================= min_ff_n40C_1v95 Corner ===================================

Group                    Internal    Switching      Leakage        Total
                            Power        Power        Power        Power (Watts)
------------------------------------------------------------------------
Sequential           5.992874e-03 1.207403e-03 1.809742e-08 7.200296e-03  29.9%
Combinational        7.500358e-03 5.779935e-03 8.260813e-08 1.328038e-02  55.1%
Clock                1.760807e-03 1.859346e-03 9.673853e-09 3.620163e-03  15.0%
Macro                0.000000e+00 0.000000e+00 0.000000e+00 0.000000e+00   0.0%
Pad                  0.000000e+00 0.000000e+00 0.000000e+00 0.000000e+00   0.0%
------------------------------------------------------------------------
Total                1.525401e-02 8.846682e-03 1.103793e-07 2.410080e-02 100.0%
                            63.3%        36.7%         0.0%

