
===========================================================================
 report_power
============================================================================
======================= max_tt_025C_1v80 Corner ===================================

Group                    Internal    Switching      Leakage        Total
                            Power        Power        Power        Power (Watts)
------------------------------------------------------------------------
Sequential           2.623618e-03 2.105825e-04 8.175020e-09 2.834209e-03  34.2%
Combinational        1.313284e-03 1.437806e-03 1.556400e-08 2.751105e-03  33.2%
Clock                1.498694e-03 1.201635e-03 2.051057e-09 2.700331e-03  32.6%
Macro                0.000000e+00 0.000000e+00 0.000000e+00 0.000000e+00   0.0%
Pad                  0.000000e+00 0.000000e+00 0.000000e+00 0.000000e+00   0.0%
------------------------------------------------------------------------
Total                5.435599e-03 2.850022e-03 2.579031e-08 8.285647e-03 100.0%
                            65.6%        34.4%         0.0%

