Clock: clk
Sources: wb_clk_i 
Generated: no
Virtual: yes
Propagated: no
Period: 20.000000

===========================================================================
report_clock_properties
============================================================================
Clock                   Period          Waveform
----------------------------------------------------
clk                  20.000000    0.000000 10.000000

===========================================================================
report_clock_latency
============================================================================
Clock clk
rise -> rise
    min     max
4.650000 5.570000 source latency
6.060490         network latency _24347_/CLK
        7.243765 network latency _25662_/CLK
---------------
10.710490 12.813766 latency
        2.103275 skew

fall -> fall
    min     max
4.650000 5.570000 source latency
6.104211         network latency _24513_/CLK
        7.258781 network latency _25645_/CLK
---------------
10.754212 12.828782 latency
        2.074570 skew



===========================================================================
report_clock_min_period
============================================================================
clk period_min = 8.16 fmax = 122.55
