
===========================================================================
 report_power
============================================================================
======================= min_ff_n40C_1v95 Corner ===================================

Group                    Internal    Switching      Leakage        Total
                            Power        Power        Power        Power (Watts)
------------------------------------------------------------------------
Sequential           3.318483e-04 2.721119e-06 1.049665e-09 3.345705e-04  36.8%
Combinational        3.757393e-05 5.134385e-05 8.261384e-09 8.892603e-05   9.8%
Clock                2.616206e-04 2.240678e-04 1.817303e-09 4.856902e-04  53.4%
Macro                0.000000e+00 0.000000e+00 0.000000e+00 0.000000e+00   0.0%
Pad                  0.000000e+00 0.000000e+00 0.000000e+00 0.000000e+00   0.0%
------------------------------------------------------------------------
Total                6.310425e-04 2.781329e-04 1.112836e-08 9.091865e-04 100.0%
                            69.4%        30.6%         0.0%

