
===========================================================================
report_checks -unconstrained
===========================================================================
======================= max_tt_025C_1v80 Corner ===================================

Startpoint: _1509_ (rising edge-triggered flip-flop clocked by clk)
Endpoint: _1455_ (rising edge-triggered flip-flop clocked by clk)
Path Group: clk
Path Type: max

Fanout         Cap        Slew       Delay        Time   Description
---------------------------------------------------------------------------------------------
                                  0.000000    0.000000   clock clk (rise edge)
                                  0.000000    0.000000   clock source latency
     2    0.037365    0.000000    0.000000    0.000000 ^ clk (in)
                                                         clk (net)
                      0.005976    0.002988    0.002988 ^ clkbuf_0_clk/A (sky130_fd_sc_hd__clkbuf_16)
     9    0.085372    0.102440    0.158853    0.161841 ^ clkbuf_0_clk/X (sky130_fd_sc_hd__clkbuf_16)
                                                         clknet_0_clk (net)
                      0.102798    0.004903    0.166744 ^ clkbuf_2_1__f_clk/A (sky130_fd_sc_hd__clkbuf_16)
    13    0.078779    0.096064    0.189924    0.356669 ^ clkbuf_2_1__f_clk/X (sky130_fd_sc_hd__clkbuf_16)
                                                         clknet_2_1__leaf_clk (net)
                      0.096276    0.003136    0.359805 ^ clkbuf_leaf_25_clk/A (sky130_fd_sc_hd__clkbuf_8)
     9    0.037487    0.077909    0.171706    0.531511 ^ clkbuf_leaf_25_clk/X (sky130_fd_sc_hd__clkbuf_8)
                                                         clknet_leaf_25_clk (net)
                      0.077986    0.002177    0.533687 ^ _1509_/CLK (sky130_fd_sc_hd__dfrtp_1)
     1    0.002363    0.036558    0.361210    0.894897 v _1509_/Q (sky130_fd_sc_hd__dfrtp_1)
                                                         uart_ip_i.uart_clk_gen_i.rx_clk_cnt[6] (net)
                      0.037012    0.000161    0.895059 v hold313/A (sky130_fd_sc_hd__dlygate4sd3_1)
     3    0.008163    0.079185    0.581350    1.476408 v hold313/X (sky130_fd_sc_hd__dlygate4sd3_1)
                                                         net440 (net)
                      0.079185    0.000605    1.477013 v _0702_/B (sky130_fd_sc_hd__or4_1)
     2    0.007816    0.116355    0.552164    2.029177 v _0702_/X (sky130_fd_sc_hd__or4_1)
                                                         _0446_ (net)
                      0.116355    0.000465    2.029643 v _0714_/B (sky130_fd_sc_hd__or4_1)
     2    0.008362    0.119566    0.568642    2.598285 v _0714_/X (sky130_fd_sc_hd__or4_1)
                                                         _0458_ (net)
                      0.119569    0.000812    2.599097 v _0716_/B (sky130_fd_sc_hd__nor4b_2)
     4    0.022277    0.572591    0.562624    3.161721 ^ _0716_/Y (sky130_fd_sc_hd__nor4b_2)
                                                         _0460_ (net)
                      0.572603    0.002117    3.163838 ^ _1084_/A (sky130_fd_sc_hd__nand2_1)
     3    0.013051    0.185410    0.219460    3.383298 v _1084_/Y (sky130_fd_sc_hd__nand2_1)
                                                         _0290_ (net)
                      0.185475    0.000484    3.383782 v _1131_/B2 (sky130_fd_sc_hd__a221o_1)
     1    0.004362    0.059716    0.375800    3.759581 v _1131_/X (sky130_fd_sc_hd__a221o_1)
                                                         _0325_ (net)
                      0.059716    0.000315    3.759897 v _1132_/B (sky130_fd_sc_hd__nor2_1)
     3    0.012647    0.238357    0.207669    3.967566 ^ _1132_/Y (sky130_fd_sc_hd__nor2_1)
                                                         _0326_ (net)
                      0.238361    0.000760    3.968326 ^ _1144_/S (sky130_fd_sc_hd__mux2_1)
     1    0.002475    0.053216    0.343343    4.311668 v _1144_/X (sky130_fd_sc_hd__mux2_1)
                                                         _0218_ (net)
                      0.053216    0.000101    4.311770 v hold393/A (sky130_fd_sc_hd__dlygate4sd3_1)
     1    0.002271    0.050048    0.546541    4.858310 v hold393/X (sky130_fd_sc_hd__dlygate4sd3_1)
                                                         net520 (net)
                      0.050048    0.000160    4.858470 v _1455_/D (sky130_fd_sc_hd__dfrtp_2)
                                              4.858470   data arrival time

                                 10.000000   10.000000   clock clk (rise edge)
                                  0.000000   10.000000   clock source latency
     2    0.037365    0.000000    0.000000   10.000000 ^ clk (in)
                                                         clk (net)
                      0.005976    0.002988   10.002988 ^ clkbuf_0_clk/A (sky130_fd_sc_hd__clkbuf_16)
     9    0.085372    0.102440    0.158853   10.161841 ^ clkbuf_0_clk/X (sky130_fd_sc_hd__clkbuf_16)
                                                         clknet_0_clk (net)
                      0.102798    0.004904   10.166745 ^ clkbuf_2_1__f_clk/A (sky130_fd_sc_hd__clkbuf_16)
    13    0.078779    0.096064    0.189924   10.356668 ^ clkbuf_2_1__f_clk/X (sky130_fd_sc_hd__clkbuf_16)
                                                         clknet_2_1__leaf_clk (net)
                      0.096305    0.003410   10.360079 ^ clkbuf_leaf_27_clk/A (sky130_fd_sc_hd__clkbuf_8)
    13    0.040353    0.082703    0.175039   10.535117 ^ clkbuf_leaf_27_clk/X (sky130_fd_sc_hd__clkbuf_8)
                                                         clknet_leaf_27_clk (net)
                      0.082749    0.001818   10.536935 ^ _1455_/CLK (sky130_fd_sc_hd__dfrtp_2)
                                 -0.250000   10.286935   clock uncertainty
                                  0.000000   10.286935   clock reconvergence pessimism
                                 -0.108973   10.177962   library setup time
                                             10.177962   data required time
---------------------------------------------------------------------------------------------
                                             10.177962   data required time
                                             -4.858470   data arrival time
---------------------------------------------------------------------------------------------
                                              5.319492   slack (MET)




===========================================================================
report_checks --slack_max -0.01
============================================================================
======================= max_tt_025C_1v80 Corner ===================================

No paths found.


===========================================================================
 report_check_types -max_slew -max_cap -max_fanout -violators
============================================================================
======================= max_tt_025C_1v80 Corner ===================================

max fanout

Pin                                   Limit Fanout  Slack
---------------------------------------------------------
fanout101/X                              16     33    -17 (VIOLATED)
fanout102/X                              16     33    -17 (VIOLATED)
fanout103/X                              16     33    -17 (VIOLATED)
fanout104/X                              16     33    -17 (VIOLATED)
fanout107/X                              16     33    -17 (VIOLATED)
fanout111/X                              16     33    -17 (VIOLATED)
fanout118/X                              16     33    -17 (VIOLATED)
fanout121/X                              16     33    -17 (VIOLATED)
fanout122/X                              16     33    -17 (VIOLATED)
fanout123/X                              16     33    -17 (VIOLATED)
fanout88/X                               16     33    -17 (VIOLATED)
fanout89/X                               16     33    -17 (VIOLATED)
fanout90/X                               16     33    -17 (VIOLATED)
fanout91/X                               16     33    -17 (VIOLATED)
fanout92/X                               16     33    -17 (VIOLATED)
fanout94/X                               16     33    -17 (VIOLATED)
fanout95/X                               16     33    -17 (VIOLATED)
fanout96/X                               16     33    -17 (VIOLATED)
fanout97/X                               16     33    -17 (VIOLATED)
fanout98/X                               16     33    -17 (VIOLATED)
fanout99/X                               16     33    -17 (VIOLATED)
_1534_/Q                                 16     31    -15 (VIOLATED)
fanout108/X                              16     31    -15 (VIOLATED)
_1528_/Q                                 16     29    -13 (VIOLATED)
fanout106/X                              16     27    -11 (VIOLATED)
fanout114/X                              16     27    -11 (VIOLATED)
_1529_/Q                                 16     25     -9 (VIOLATED)
_1308_/Q                                 16     23     -7 (VIOLATED)
clkbuf_2_0__f_clk/X                      16     21     -5 (VIOLATED)
clkbuf_2_2__f_clk/X                      16     21     -5 (VIOLATED)
clkbuf_2_3__f_clk/X                      16     21     -5 (VIOLATED)
fanout115/X                              16     21     -5 (VIOLATED)
fanout119/X                              16     21     -5 (VIOLATED)
fanout127/X                              16     21     -5 (VIOLATED)
fanout93/X                               16     21     -5 (VIOLATED)
_0825_/Y                                 16     17        (VIOLATED)
_1535_/Q                                 16     17        (VIOLATED)



===========================================================================
report_parasitic_annotation -report_unannotated
============================================================================
Found 32 unannotated drivers.
 clkload0/Y
 clkload1/X
 clkload10/Y
 clkload11/Y
 clkload12/Y
 clkload13/Y
 clkload14/Y
 clkload15/X
 clkload16/Y
 clkload17/X
 clkload18/Y
 clkload19/Y
 clkload2/X
 clkload20/X
 clkload21/Y
 clkload22/Y
 clkload23/X
 clkload24/Y
 clkload25/Y
 clkload26/X
 clkload27/Y
 clkload28/Y
 clkload29/X
 clkload3/X
 clkload30/Y
 clkload31/Y
 clkload4/Y
 clkload5/Y
 clkload6/X
 clkload7/Y
 clkload8/Y
 clkload9/Y
Found 0 partially unannotated drivers.

===========================================================================
max slew violation count 0
max fanout violation count 37
max cap violation count 0
============================================================================

===========================================================================
check_setup -verbose -unconstrained_endpoints -multiple_clock -no_clock -no_input_delay -loops -generated_clocks
===========================================================================
Warning: There are 35 input ports missing set_input_delay.
  arst_n
  mem_rdata[0]
  mem_rdata[10]
  mem_rdata[11]
  mem_rdata[12]
  mem_rdata[13]
  mem_rdata[14]
  mem_rdata[15]
  mem_rdata[16]
  mem_rdata[17]
  mem_rdata[18]
  mem_rdata[19]
  mem_rdata[1]
  mem_rdata[20]
  mem_rdata[21]
  mem_rdata[22]
  mem_rdata[23]
  mem_rdata[24]
  mem_rdata[25]
  mem_rdata[26]
  mem_rdata[27]
  mem_rdata[28]
  mem_rdata[29]
  mem_rdata[2]
  mem_rdata[30]
  mem_rdata[31]
  mem_rdata[3]
  mem_rdata[4]
  mem_rdata[5]
  mem_rdata[6]
  mem_rdata[7]
  mem_rdata[8]
  mem_rdata[9]
  mem_rdy
  rx
Warning: There are 52 unconstrained endpoints.
  mem_raddr[0]
  mem_raddr[1]
  mem_raddr[2]
  mem_raddr[3]
  mem_raddr[4]
  mem_raddr[5]
  mem_raddr[6]
  mem_raddr[7]
  mem_re
  mem_waddr[0]
  mem_waddr[1]
  mem_waddr[2]
  mem_waddr[3]
  mem_waddr[4]
  mem_waddr[5]
  mem_waddr[6]
  mem_waddr[7]
  mem_wdata[0]
  mem_wdata[10]
  mem_wdata[11]
  mem_wdata[12]
  mem_wdata[13]
  mem_wdata[14]
  mem_wdata[15]
  mem_wdata[16]
  mem_wdata[17]
  mem_wdata[18]
  mem_wdata[19]
  mem_wdata[1]
  mem_wdata[20]
  mem_wdata[21]
  mem_wdata[22]
  mem_wdata[23]
  mem_wdata[24]
  mem_wdata[25]
  mem_wdata[26]
  mem_wdata[27]
  mem_wdata[28]
  mem_wdata[29]
  mem_wdata[2]
  mem_wdata[30]
  mem_wdata[31]
  mem_wdata[3]
  mem_wdata[4]
  mem_wdata[5]
  mem_wdata[6]
  mem_wdata[7]
  mem_wdata[8]
  mem_wdata[9]
  mem_we
  tx
  _1519_/D
