
===========================================================================
report_checks -unconstrained
===========================================================================
======================= max_tt_025C_1v80 Corner ===================================

Startpoint: _1252_ (rising edge-triggered flip-flop clocked by clk)
Endpoint: _1261_ (rising edge-triggered flip-flop clocked by clk)
Path Group: clk
Path Type: max

Fanout         Cap        Slew       Delay        Time   Description
---------------------------------------------------------------------------------------------
                                  0.000000    0.000000   clock clk (rise edge)
                                  0.000000    0.000000   clock source latency
     2    0.036132    0.000000    0.000000    0.000000 ^ clk (in)
                                                         clk (net)
                      0.003848    0.001924    0.001924 ^ clkbuf_0_clk/A (sky130_fd_sc_hd__clkbuf_16)
     9    0.081884    0.099092    0.155935    0.157859 ^ clkbuf_0_clk/X (sky130_fd_sc_hd__clkbuf_16)
                                                         clknet_0_clk (net)
                      0.099618    0.005783    0.163642 ^ clkbuf_2_1__f_clk/A (sky130_fd_sc_hd__clkbuf_16)
    19    0.091925    0.108720    0.197813    0.361455 ^ clkbuf_2_1__f_clk/X (sky130_fd_sc_hd__clkbuf_16)
                                                         clknet_2_1__leaf_clk (net)
                      0.108865    0.003263    0.364718 ^ clkbuf_leaf_9_clk/A (sky130_fd_sc_hd__clkbuf_8)
     9    0.045508    0.090562    0.185856    0.550574 ^ clkbuf_leaf_9_clk/X (sky130_fd_sc_hd__clkbuf_8)
                                                         clknet_leaf_9_clk (net)
                      0.090629    0.002236    0.552810 ^ _1252_/CLK (sky130_fd_sc_hd__dfrtp_1)
     5    0.013775    0.087128    0.423349    0.976159 v _1252_/Q (sky130_fd_sc_hd__dfrtp_1)
                                                         uart_ip_memory_mapped_ctrl_fsm_i.inc_bytes_cnt[4] (net)
                      0.087135    0.000861    0.977020 v hold411/A (sky130_fd_sc_hd__dlygate4sd3_1)
     3    0.012237    0.096766    0.622995    1.600016 v hold411/X (sky130_fd_sc_hd__dlygate4sd3_1)
                                                         net536 (net)
                      0.096766    0.000805    1.600820 v _0637_/C (sky130_fd_sc_hd__or3_1)
     1    0.003405    0.069050    0.323721    1.924542 v _0637_/X (sky130_fd_sc_hd__or3_1)
                                                         _0414_ (net)
                      0.069070    0.000235    1.924777 v _0638_/C (sky130_fd_sc_hd__or3_2)
     4    0.018869    0.124241    0.487687    2.412464 v _0638_/X (sky130_fd_sc_hd__or3_2)
                                                         _0415_ (net)
                      0.124265    0.001686    2.414150 v _0639_/C (sky130_fd_sc_hd__or3_4)
     4    0.021792    0.093416    0.394460    2.808610 v _0639_/X (sky130_fd_sc_hd__or3_4)
                                                         _0416_ (net)
                      0.093416    0.001369    2.809979 v _0640_/B (sky130_fd_sc_hd__nor2_1)
     2    0.007530    0.153235    0.157759    2.967738 ^ _0640_/Y (sky130_fd_sc_hd__nor2_1)
                                                         _0417_ (net)
                      0.153237    0.000440    2.968178 ^ _0642_/B (sky130_fd_sc_hd__nand2_1)
     2    0.008913    0.077977    0.110637    3.078815 v _0642_/Y (sky130_fd_sc_hd__nand2_1)
                                                         _0419_ (net)
                      0.077978    0.000490    3.079305 v _0645_/B (sky130_fd_sc_hd__or3_1)
     1    0.010887    0.107623    0.408133    3.487438 v _0645_/X (sky130_fd_sc_hd__or3_1)
                                                         _0422_ (net)
                      0.107626    0.000750    3.488188 v fanout89/A (sky130_fd_sc_hd__buf_4)
    23    0.091850    0.121659    0.241806    3.729994 v fanout89/X (sky130_fd_sc_hd__buf_4)
                                                         net89 (net)
                      0.123506    0.012033    3.742026 v fanout87/A (sky130_fd_sc_hd__clkbuf_8)
    33    0.109106    0.122277    0.242800    3.984826 v fanout87/X (sky130_fd_sc_hd__clkbuf_8)
                                                         net87 (net)
                      0.126471    0.017720    4.002546 v _0877_/S (sky130_fd_sc_hd__mux2_1)
     1    0.004525    0.063802    0.346315    4.348861 v _0877_/X (sky130_fd_sc_hd__mux2_1)
                                                         _0080_ (net)
                      0.063804    0.000278    4.349139 v hold100/A (sky130_fd_sc_hd__dlygate4sd3_1)
     1    0.002975    0.054022    0.557721    4.906860 v hold100/X (sky130_fd_sc_hd__dlygate4sd3_1)
                                                         net225 (net)
                      0.054022    0.000222    4.907082 v _1261_/D (sky130_fd_sc_hd__dfrtp_1)
                                              4.907082   data arrival time

                                 10.000000   10.000000   clock clk (rise edge)
                                  0.000000   10.000000   clock source latency
     2    0.036132    0.000000    0.000000   10.000000 ^ clk (in)
                                                         clk (net)
                      0.003848    0.001924   10.001924 ^ clkbuf_0_clk/A (sky130_fd_sc_hd__clkbuf_16)
     9    0.081884    0.099092    0.155936   10.157860 ^ clkbuf_0_clk/X (sky130_fd_sc_hd__clkbuf_16)
                                                         clknet_0_clk (net)
                      0.099582    0.005583   10.163443 ^ clkbuf_2_0__f_clk/A (sky130_fd_sc_hd__clkbuf_16)
    19    0.092900    0.110351    0.196185   10.359628 ^ clkbuf_2_0__f_clk/X (sky130_fd_sc_hd__clkbuf_16)
                                                         clknet_2_0__leaf_clk (net)
                      0.110977    0.006727   10.366355 ^ clkbuf_leaf_0_clk/A (sky130_fd_sc_hd__clkbuf_8)
    15    0.049099    0.096234    0.191379   10.557734 ^ clkbuf_leaf_0_clk/X (sky130_fd_sc_hd__clkbuf_8)
                                                         clknet_leaf_0_clk (net)
                      0.096293    0.002163   10.559897 ^ _1261_/CLK (sky130_fd_sc_hd__dfrtp_1)
                                 -0.250000   10.309897   clock uncertainty
                                  0.000000   10.309897   clock reconvergence pessimism
                                 -0.106461   10.203436   library setup time
                                             10.203436   data required time
---------------------------------------------------------------------------------------------
                                             10.203436   data required time
                                             -4.907082   data arrival time
---------------------------------------------------------------------------------------------
                                              5.296354   slack (MET)




===========================================================================
report_checks --slack_max -0.01
============================================================================
======================= max_tt_025C_1v80 Corner ===================================

No paths found.


===========================================================================
 report_check_types -max_slew -max_cap -max_fanout -violators
============================================================================
======================= max_tt_025C_1v80 Corner ===================================

max fanout

Pin                                   Limit Fanout  Slack
---------------------------------------------------------
fanout100/X                              16     33    -17 (VIOLATED)
fanout101/X                              16     33    -17 (VIOLATED)
fanout102/X                              16     33    -17 (VIOLATED)
fanout103/X                              16     33    -17 (VIOLATED)
fanout118/X                              16     33    -17 (VIOLATED)
fanout119/X                              16     33    -17 (VIOLATED)
fanout121/X                              16     33    -17 (VIOLATED)
fanout122/X                              16     33    -17 (VIOLATED)
fanout123/X                              16     33    -17 (VIOLATED)
fanout87/X                               16     33    -17 (VIOLATED)
fanout90/X                               16     33    -17 (VIOLATED)
fanout91/X                               16     33    -17 (VIOLATED)
fanout92/X                               16     33    -17 (VIOLATED)
fanout94/X                               16     33    -17 (VIOLATED)
fanout95/X                               16     33    -17 (VIOLATED)
fanout96/X                               16     33    -17 (VIOLATED)
fanout97/X                               16     33    -17 (VIOLATED)
fanout98/X                               16     33    -17 (VIOLATED)
fanout99/X                               16     33    -17 (VIOLATED)
_1524_/Q                                 16     31    -15 (VIOLATED)
fanout120/X                              16     27    -11 (VIOLATED)
_1519_/Q                                 16     25     -9 (VIOLATED)
fanout117/X                              16     23     -7 (VIOLATED)
fanout125/X                              16     23     -7 (VIOLATED)
fanout89/X                               16     23     -7 (VIOLATED)
_1298_/Q                                 16     21     -5 (VIOLATED)
_1518_/Q                                 16     19     -3 (VIOLATED)
clkbuf_2_0__f_clk/X                      16     19     -3 (VIOLATED)
clkbuf_2_1__f_clk/X                      16     19     -3 (VIOLATED)
clkbuf_2_3__f_clk/X                      16     19     -3 (VIOLATED)
fanout114/X                              16     19     -3 (VIOLATED)
_1523_/Q                                 16     17        (VIOLATED)



===========================================================================
report_parasitic_annotation -report_unannotated
============================================================================
Found 30 unannotated drivers.
 clkload0/X
 clkload1/Y
 clkload10/Y
 clkload11/Y
 clkload12/Y
 clkload13/Y
 clkload14/Y
 clkload15/Y
 clkload16/Y
 clkload17/Y
 clkload18/Y
 clkload19/Y
 clkload2/X
 clkload20/Y
 clkload21/Y
 clkload22/Y
 clkload23/Y
 clkload24/Y
 clkload25/Y
 clkload26/Y
 clkload27/Y
 clkload28/Y
 clkload29/Y
 clkload3/X
 clkload4/Y
 clkload5/Y
 clkload6/Y
 clkload7/X
 clkload8/Y
 clkload9/Y
Found 0 partially unannotated drivers.

===========================================================================
max slew violation count 0
max fanout violation count 32
max cap violation count 0
============================================================================

===========================================================================
check_setup -verbose -unconstrained_endpoints -multiple_clock -no_clock -no_input_delay -loops -generated_clocks
===========================================================================
Warning: There are 35 input ports missing set_input_delay.
  arst_n
  mem_rdata[0]
  mem_rdata[10]
  mem_rdata[11]
  mem_rdata[12]
  mem_rdata[13]
  mem_rdata[14]
  mem_rdata[15]
  mem_rdata[16]
  mem_rdata[17]
  mem_rdata[18]
  mem_rdata[19]
  mem_rdata[1]
  mem_rdata[20]
  mem_rdata[21]
  mem_rdata[22]
  mem_rdata[23]
  mem_rdata[24]
  mem_rdata[25]
  mem_rdata[26]
  mem_rdata[27]
  mem_rdata[28]
  mem_rdata[29]
  mem_rdata[2]
  mem_rdata[30]
  mem_rdata[31]
  mem_rdata[3]
  mem_rdata[4]
  mem_rdata[5]
  mem_rdata[6]
  mem_rdata[7]
  mem_rdata[8]
  mem_rdata[9]
  mem_rdy
  rx
Warning: There are 52 unconstrained endpoints.
  mem_raddr[0]
  mem_raddr[1]
  mem_raddr[2]
  mem_raddr[3]
  mem_raddr[4]
  mem_raddr[5]
  mem_raddr[6]
  mem_raddr[7]
  mem_re
  mem_waddr[0]
  mem_waddr[1]
  mem_waddr[2]
  mem_waddr[3]
  mem_waddr[4]
  mem_waddr[5]
  mem_waddr[6]
  mem_waddr[7]
  mem_wdata[0]
  mem_wdata[10]
  mem_wdata[11]
  mem_wdata[12]
  mem_wdata[13]
  mem_wdata[14]
  mem_wdata[15]
  mem_wdata[16]
  mem_wdata[17]
  mem_wdata[18]
  mem_wdata[19]
  mem_wdata[1]
  mem_wdata[20]
  mem_wdata[21]
  mem_wdata[22]
  mem_wdata[23]
  mem_wdata[24]
  mem_wdata[25]
  mem_wdata[26]
  mem_wdata[27]
  mem_wdata[28]
  mem_wdata[29]
  mem_wdata[2]
  mem_wdata[30]
  mem_wdata[31]
  mem_wdata[3]
  mem_wdata[4]
  mem_wdata[5]
  mem_wdata[6]
  mem_wdata[7]
  mem_wdata[8]
  mem_wdata[9]
  mem_we
  tx
  _1509_/D
