Clock: clk
Sources: clk 
Generated: no
Virtual: yes
Propagated: no
Period: 10.000000

===========================================================================
report_clock_properties
============================================================================
Clock                   Period          Waveform
----------------------------------------------------
clk                  10.000000    0.000000  5.000000

===========================================================================
report_clock_latency
============================================================================
Clock clk
rise -> rise
    min     max
0.000000 0.000000 source latency
0.523710         network latency _1459_/CLK
        0.578419 network latency _1324_/CLK
---------------
0.523710 0.578419 latency
        0.054709 skew

fall -> fall
    min     max
0.000000 0.000000 source latency
0.525223         network latency _1459_/CLK
        0.566870 network latency _1324_/CLK
---------------
0.525223 0.566870 latency
        0.041646 skew



===========================================================================
report_clock_min_period
============================================================================
clk period_min = 4.68 fmax = 213.65
