
===========================================================================
 report_power
============================================================================
======================= max_tt_025C_1v80 Corner ===================================

Group                    Internal    Switching      Leakage        Total
                            Power        Power        Power        Power (Watts)
------------------------------------------------------------------------
Sequential           1.143986e-03 9.174344e-06 3.745885e-09 1.153165e-03  49.1%
Combinational        5.884707e-05 1.906492e-05 6.111973e-09 7.791810e-05   3.3%
Clock                5.677605e-04 5.518057e-04 1.152983e-09 1.119567e-03  47.6%
Macro                0.000000e+00 0.000000e+00 0.000000e+00 0.000000e+00   0.0%
Pad                  0.000000e+00 0.000000e+00 0.000000e+00 0.000000e+00   0.0%
------------------------------------------------------------------------
Total                1.770595e-03 5.800451e-04 1.101089e-08 2.350651e-03 100.0%
                            75.3%        24.7%         0.0%

