
===========================================================================
 report_power
============================================================================
======================= max_tt_025C_1v80 Corner ===================================

Group                    Internal    Switching      Leakage        Total
                            Power        Power        Power        Power (Watts)
------------------------------------------------------------------------
Sequential           1.144633e-03 8.225622e-06 3.736189e-09 1.152863e-03  50.4%
Combinational        5.595568e-05 2.150221e-05 6.139084e-09 7.746404e-05   3.4%
Clock                4.976217e-04 5.579644e-04 1.105471e-09 1.055587e-03  46.2%
Macro                0.000000e+00 0.000000e+00 0.000000e+00 0.000000e+00   0.0%
Pad                  0.000000e+00 0.000000e+00 0.000000e+00 0.000000e+00   0.0%
------------------------------------------------------------------------
Total                1.698212e-03 5.876923e-04 1.098079e-08 2.285915e-03 100.0%
                            74.3%        25.7%         0.0%

