Clock: clk
Sources: wb_clk_i 
Generated: no
Virtual: yes
Propagated: no
Period: 19.000000

===========================================================================
report_clock_properties
============================================================================
Clock                   Period          Waveform
----------------------------------------------------
clk                  19.000000    0.000000  9.500000

===========================================================================
report_clock_latency
============================================================================
Clock clk
rise -> rise
    min     max
4.650000 5.570000 source latency
6.816047         network latency _25011_/CLK
        8.298513 network latency _24929_/CLK
---------------
11.466047 13.868514 latency
        2.402467 skew

fall -> fall
    min     max
4.650000 5.570000 source latency
6.775488         network latency _25011_/CLK
        8.183701 network latency _24929_/CLK
---------------
11.425488 13.753701 latency
        2.328212 skew



===========================================================================
report_clock_min_period
============================================================================
clk period_min = 14.29 fmax = 69.96
