
===========================================================================
 report_power
============================================================================
======================= min_ss_100C_1v60 Corner ===================================

Group                    Internal    Switching      Leakage        Total
                            Power        Power        Power        Power (Watts)
------------------------------------------------------------------------
Sequential           5.615067e-03 1.731546e-07 6.166534e-05 5.676906e-03  33.5%
Combinational        9.485248e-05 2.359741e-04 1.119844e-04 4.428110e-04   2.6%
Clock                7.115441e-03 3.670831e-03 2.206966e-05 1.080834e-02  63.8%
Macro                0.000000e+00 0.000000e+00 0.000000e+00 0.000000e+00   0.0%
Pad                  0.000000e+00 0.000000e+00 0.000000e+00 0.000000e+00   0.0%
------------------------------------------------------------------------
Total                1.282534e-02 3.906979e-03 1.956909e-04 1.692802e-02 100.0%
                            75.8%        23.1%         1.2%

