
===========================================================================
 report_power
============================================================================
======================= min_ss_100C_1v60 Corner ===================================

Group                    Internal    Switching      Leakage        Total
                            Power        Power        Power        Power (Watts)
------------------------------------------------------------------------
Sequential           5.907689e-03 1.599028e-07 6.161838e-05 5.969467e-03  33.9%
Combinational        1.019793e-04 2.513426e-04 1.145145e-04 4.678365e-04   2.7%
Clock                7.279005e-03 3.850471e-03 2.155984e-05 1.115104e-02  63.4%
Macro                0.000000e+00 0.000000e+00 0.000000e+00 0.000000e+00   0.0%
Pad                  0.000000e+00 0.000000e+00 0.000000e+00 0.000000e+00   0.0%
------------------------------------------------------------------------
Total                1.328869e-02 4.101977e-03 1.976637e-04 1.758833e-02 100.0%
                            75.6%        23.3%         1.1%

