
===========================================================================
 report_power
============================================================================
======================= nom_ss_100C_1v60 Corner ===================================

Group                    Internal    Switching      Leakage        Total
                            Power        Power        Power        Power (Watts)
------------------------------------------------------------------------
Sequential           6.365575e-04 4.222179e-05 3.452688e-06 6.822320e-04  49.4%
Combinational        1.454033e-04 3.904069e-05 5.156267e-06 1.896003e-04  13.7%
Clock                1.814419e-04 3.288169e-04 2.819629e-07 5.105407e-04  36.9%
Macro                0.000000e+00 0.000000e+00 0.000000e+00 0.000000e+00   0.0%
Pad                  0.000000e+00 0.000000e+00 0.000000e+00 0.000000e+00   0.0%
------------------------------------------------------------------------
Total                9.634026e-04 4.100795e-04 8.890940e-06 1.382373e-03 100.0%
                            69.7%        29.7%         0.6%

