Clock: wb_clk
Sources: wb_clk_i 
Generated: no
Virtual: yes
Propagated: no
Period: 10.000000

===========================================================================
report_clock_properties
============================================================================
Clock                   Period          Waveform
----------------------------------------------------
wb_clk               10.000000    0.000000  5.000000

===========================================================================
report_clock_latency
============================================================================
Clock wb_clk
rise -> rise
    min     max
0.000000 0.000000 source latency
0.509188         network latency _652_/CLK
        0.565742 network latency _665_/CLK
---------------
0.509188 0.565742 latency
        0.056553 skew

fall -> fall
    min     max
0.000000 0.000000 source latency
0.462454         network latency _652_/CLK
        0.504940 network latency _665_/CLK
---------------
0.462454 0.504940 latency
        0.042486 skew



===========================================================================
report_clock_min_period
============================================================================
wb_clk period_min = 3.43 fmax = 291.51
