
===========================================================================
 report_power
============================================================================
======================= max_tt_025C_1v80 Corner ===================================

Group                    Internal    Switching      Leakage        Total
                            Power        Power        Power        Power (Watts)
------------------------------------------------------------------------
Sequential           5.564421e-04 7.644576e-06 1.109056e-09 5.640878e-04  42.8%
Combinational        9.639494e-05 7.826524e-05 4.783842e-09 1.746650e-04  13.3%
Clock                2.676944e-04 3.102766e-04 1.066046e-09 5.779720e-04  43.9%
Macro                0.000000e+00 0.000000e+00 0.000000e+00 0.000000e+00   0.0%
Pad                  0.000000e+00 0.000000e+00 0.000000e+00 0.000000e+00   0.0%
------------------------------------------------------------------------
Total                9.205320e-04 3.961865e-04 6.958950e-09 1.316726e-03 100.0%
                            69.9%        30.1%         0.0%

