Clock: clk
Sources: clk 
Generated: no
Virtual: yes
Propagated: no
Period: 10.000000

===========================================================================
report_clock_properties
============================================================================
Clock                   Period          Waveform
----------------------------------------------------
clk                  10.000000    0.000000  5.000000

===========================================================================
report_clock_latency
============================================================================
Clock clk
rise -> rise
    min     max
0.000000 0.000000 source latency
0.270871         network latency _612_/CLK
        0.281380 network latency _603_/CLK
---------------
0.270871 0.281380 latency
        0.010509 skew

fall -> fall
    min     max
0.000000 0.000000 source latency
0.295433         network latency _612_/CLK
        0.303447 network latency _603_/CLK
---------------
0.295433 0.303447 latency
        0.008014 skew



===========================================================================
report_clock_min_period
============================================================================
clk period_min = 4.30 fmax = 232.64
