
===========================================================================
 report_power
============================================================================
======================= min_tt_025C_1v80 Corner ===================================

Group                    Internal    Switching      Leakage        Total
                            Power        Power        Power        Power (Watts)
------------------------------------------------------------------------
Sequential           9.986015e-05 3.211768e-06 3.017855e-10 1.030722e-04  25.0%
Combinational        7.631561e-05 1.025608e-04 1.819494e-09 1.788782e-04  43.3%
Clock                8.021492e-05 5.054221e-05 4.735428e-10 1.307576e-04  31.7%
Macro                0.000000e+00 0.000000e+00 0.000000e+00 0.000000e+00   0.0%
Pad                  0.000000e+00 0.000000e+00 0.000000e+00 0.000000e+00   0.0%
------------------------------------------------------------------------
Total                2.563906e-04 1.563148e-04 2.594823e-09 4.127079e-04 100.0%
                            62.1%        37.9%         0.0%

