Clock: clk
Sources: clk 
Generated: no
Virtual: yes
Propagated: no
Period: 10.000000

===========================================================================
report_clock_properties
============================================================================
Clock                   Period          Waveform
----------------------------------------------------
clk                  10.000000    0.000000  5.000000

===========================================================================
report_clock_latency
============================================================================
Clock clk
rise -> rise
    min     max
0.000000 0.000000 source latency
0.510939         network latency _0981_/CLK
        0.581396 network latency _0979_/CLK
---------------
0.510939 0.581396 latency
        0.070456 skew

fall -> fall
    min     max
0.000000 0.000000 source latency
0.460630         network latency _0981_/CLK
        0.512522 network latency _0979_/CLK
---------------
0.460630 0.512522 latency
        0.051892 skew



===========================================================================
report_clock_min_period
============================================================================
clk period_min = 1.67 fmax = 600.15
