Clock: clk
Sources: wb_clk_i 
Generated: no
Virtual: yes
Propagated: no
Period: 19.000000

===========================================================================
report_clock_properties
============================================================================
Clock                   Period          Waveform
----------------------------------------------------
clk                  19.000000    0.000000  9.500000

===========================================================================
report_clock_latency
============================================================================
Clock clk
rise -> rise
    min     max
4.650000 5.570000 source latency
7.015948         network latency _25011_/CLK
        8.571612 network latency _24929_/CLK
---------------
11.665949 14.141613 latency
        2.475664 skew

fall -> fall
    min     max
4.650000 5.570000 source latency
6.951607         network latency _25011_/CLK
        8.414406 network latency _24929_/CLK
---------------
11.601607 13.984406 latency
        2.382800 skew



===========================================================================
report_clock_min_period
============================================================================
clk period_min = 15.01 fmax = 66.62
