
===========================================================================
 report_power
============================================================================
======================= max_ss_100C_1v60 Corner ===================================

Group                    Internal    Switching      Leakage        Total
                            Power        Power        Power        Power (Watts)
------------------------------------------------------------------------
Sequential           5.897719e-03 1.803468e-07 6.161838e-05 5.959518e-03  33.2%
Combinational        1.018922e-04 2.711531e-04 1.145145e-04 4.875598e-04   2.7%
Clock                7.286801e-03 4.193522e-03 2.155984e-05 1.150188e-02  64.1%
Macro                0.000000e+00 0.000000e+00 0.000000e+00 0.000000e+00   0.0%
Pad                  0.000000e+00 0.000000e+00 0.000000e+00 0.000000e+00   0.0%
------------------------------------------------------------------------
Total                1.328643e-02 4.464860e-03 1.976637e-04 1.794895e-02 100.0%
                            74.0%        24.9%         1.1%

