
===========================================================================
 report_power
============================================================================
======================= max_ss_100C_1v60 Corner ===================================

Group                    Internal    Switching      Leakage        Total
                            Power        Power        Power        Power (Watts)
------------------------------------------------------------------------
Sequential           5.605764e-03 1.867698e-07 6.166534e-05 5.667616e-03  32.8%
Combinational        9.475416e-05 2.546817e-04 1.119844e-04 4.614202e-04   2.7%
Clock                7.122294e-03 3.995501e-03 2.206966e-05 1.113986e-02  64.5%
Macro                0.000000e+00 0.000000e+00 0.000000e+00 0.000000e+00   0.0%
Pad                  0.000000e+00 0.000000e+00 0.000000e+00 0.000000e+00   0.0%
------------------------------------------------------------------------
Total                1.282276e-02 4.250375e-03 1.956909e-04 1.726883e-02 100.0%
                            74.3%        24.6%         1.1%

