Clock: clk
Sources: clk 
Generated: no
Virtual: yes
Propagated: no
Period: 10.000000

===========================================================================
report_clock_properties
============================================================================
Clock                   Period          Waveform
----------------------------------------------------
clk                  10.000000    0.000000  5.000000

===========================================================================
report_clock_latency
============================================================================
Clock clk
rise -> rise
    min     max
0.000000 0.000000 source latency
0.354019         network latency _1459_/CLK
        0.389546 network latency _1324_/CLK
---------------
0.354019 0.389546 latency
        0.035527 skew

fall -> fall
    min     max
0.000000 0.000000 source latency
0.355763         network latency _1459_/CLK
        0.382096 network latency _1324_/CLK
---------------
0.355763 0.382096 latency
        0.026333 skew



===========================================================================
report_clock_min_period
============================================================================
clk period_min = 2.92 fmax = 342.96
