Clock: clk
Sources: clk 
Generated: no
Virtual: yes
Propagated: no
Period: 10.000000

===========================================================================
report_clock_properties
============================================================================
Clock                   Period          Waveform
----------------------------------------------------
clk                  10.000000    0.000000  5.000000

===========================================================================
report_clock_latency
============================================================================
Clock clk
rise -> rise
    min     max
0.000000 0.000000 source latency
0.349429         network latency _1493_/CLK
        0.386879 network latency _1368_/CLK
---------------
0.349429 0.386879 latency
        0.037449 skew

fall -> fall
    min     max
0.000000 0.000000 source latency
0.352749         network latency _1493_/CLK
        0.379179 network latency _1368_/CLK
---------------
0.352749 0.379179 latency
        0.026430 skew



===========================================================================
report_clock_min_period
============================================================================
clk period_min = 3.02 fmax = 331.51
