
===========================================================================
 report_power
============================================================================
======================= nom_ff_n40C_1v95 Corner ===================================

Group                    Internal    Switching      Leakage        Total
                            Power        Power        Power        Power (Watts)
------------------------------------------------------------------------
Sequential           1.330753e-03 1.061333e-05 5.024586e-09 1.341371e-03  49.5%
Combinational        6.816042e-05 2.226147e-05 1.683332e-08 9.043873e-05   3.3%
Clock                6.471890e-04 6.325380e-04 2.979287e-09 1.279730e-03  47.2%
Macro                0.000000e+00 0.000000e+00 0.000000e+00 0.000000e+00   0.0%
Pad                  0.000000e+00 0.000000e+00 0.000000e+00 0.000000e+00   0.0%
------------------------------------------------------------------------
Total                2.046103e-03 6.654127e-04 2.483725e-08 2.711541e-03 100.0%
                            75.5%        24.5%         0.0%

