Clock: clk
Sources: clk 
Generated: no
Virtual: yes
Propagated: no
Period: 10.000000

===========================================================================
report_clock_properties
============================================================================
Clock                   Period          Waveform
----------------------------------------------------
clk                  10.000000    0.000000  5.000000

===========================================================================
report_clock_latency
============================================================================
Clock clk
rise -> rise
    min     max
0.000000 0.000000 source latency
0.343837         network latency _0981_/CLK
        0.391755 network latency _0979_/CLK
---------------
0.343837 0.391755 latency
        0.047918 skew

fall -> fall
    min     max
0.000000 0.000000 source latency
0.315163         network latency _0981_/CLK
        0.349202 network latency _0979_/CLK
---------------
0.315163 0.349202 latency
        0.034040 skew



===========================================================================
report_clock_min_period
============================================================================
clk period_min = 1.00 fmax = 1000.24
