
===========================================================================
 report_power
============================================================================
======================= min_ff_n40C_1v95 Corner ===================================

Group                    Internal    Switching      Leakage        Total
                            Power        Power        Power        Power (Watts)
------------------------------------------------------------------------
Sequential           1.160770e-04 3.816150e-06 5.487127e-10 1.198937e-04  25.1%
Combinational        8.536814e-05 1.208959e-04 5.165108e-09 2.062692e-04  43.3%
Clock                9.152671e-05 5.915987e-05 7.648811e-10 1.506874e-04  31.6%
Macro                0.000000e+00 0.000000e+00 0.000000e+00 0.000000e+00   0.0%
Pad                  0.000000e+00 0.000000e+00 0.000000e+00 0.000000e+00   0.0%
------------------------------------------------------------------------
Total                2.929719e-04 1.838719e-04 6.478720e-09 4.768503e-04 100.0%
                            61.4%        38.6%         0.0%

