
===========================================================================
 report_power
============================================================================
======================= nom_tt_025C_1v80 Corner ===================================

Group                    Internal    Switching      Leakage        Total
                            Power        Power        Power        Power (Watts)
------------------------------------------------------------------------
Sequential           9.986772e-05 3.326291e-06 3.017855e-10 1.031943e-04  24.8%
Combinational        7.634040e-05 1.044857e-04 1.819494e-09 1.808279e-04  43.4%
Clock                8.030012e-05 5.255462e-05 4.735428e-10 1.328552e-04  31.9%
Macro                0.000000e+00 0.000000e+00 0.000000e+00 0.000000e+00   0.0%
Pad                  0.000000e+00 0.000000e+00 0.000000e+00 0.000000e+00   0.0%
------------------------------------------------------------------------
Total                2.565082e-04 1.603666e-04 2.594823e-09 4.168774e-04 100.0%
                            61.5%        38.5%         0.0%

