Clock: clk
Sources: clk 
Generated: no
Virtual: yes
Propagated: no
Period: 10.000000

===========================================================================
report_clock_properties
============================================================================
Clock                   Period          Waveform
----------------------------------------------------
clk                  10.000000    0.000000  5.000000

===========================================================================
report_clock_latency
============================================================================
Clock clk
rise -> rise
    min     max
0.000000 0.000000 source latency
0.872427         network latency _1459_/CLK
        0.939420 network latency _1324_/CLK
---------------
0.872427 0.939420 latency
        0.066993 skew

fall -> fall
    min     max
0.000000 0.000000 source latency
0.886289         network latency _1459_/CLK
        0.936665 network latency _1324_/CLK
---------------
0.886289 0.936665 latency
        0.050375 skew



===========================================================================
report_clock_min_period
============================================================================
clk period_min = 9.67 fmax = 103.39
