
===========================================================================
 report_power
============================================================================
======================= min_ss_100C_1v60 Corner ===================================

Group                    Internal    Switching      Leakage        Total
                            Power        Power        Power        Power (Watts)
------------------------------------------------------------------------
Sequential           8.766357e-04 5.922315e-06 5.168689e-06 8.877267e-04  50.2%
Combinational        4.408591e-05 1.558135e-05 6.847904e-06 6.651517e-05   3.8%
Clock                4.079462e-04 4.047034e-04 6.783026e-07 8.133280e-04  46.0%
Macro                0.000000e+00 0.000000e+00 0.000000e+00 0.000000e+00   0.0%
Pad                  0.000000e+00 0.000000e+00 0.000000e+00 0.000000e+00   0.0%
------------------------------------------------------------------------
Total                1.328668e-03 4.262072e-04 1.269503e-05 1.767570e-03 100.0%
                            75.2%        24.1%         0.7%

