Clock: clk
Sources: clk 
Generated: no
Virtual: yes
Propagated: no
Period: 10.000000

===========================================================================
report_clock_properties
============================================================================
Clock                   Period          Waveform
----------------------------------------------------
clk                  10.000000    0.000000  5.000000

===========================================================================
report_clock_latency
============================================================================
Clock clk
rise -> rise
    min     max
0.000000 0.000000 source latency
0.331848         network latency _0981_/CLK
        0.374454 network latency _0979_/CLK
---------------
0.331848 0.374454 latency
        0.042605 skew

fall -> fall
    min     max
0.000000 0.000000 source latency
0.304847         network latency _0981_/CLK
        0.334483 network latency _0979_/CLK
---------------
0.304847 0.334483 latency
        0.029636 skew



===========================================================================
report_clock_min_period
============================================================================
clk period_min = 0.99 fmax = 1005.33
