
===========================================================================
 report_power
============================================================================
======================= min_ff_n40C_1v95 Corner ===================================

Group                    Internal    Switching      Leakage        Total
                            Power        Power        Power        Power (Watts)
------------------------------------------------------------------------
Sequential           9.639420e-04 6.160013e-05 3.004354e-09 1.025545e-03  51.0%
Combinational        2.005199e-04 5.918374e-05 7.808412e-09 2.597114e-04  12.9%
Clock                2.545321e-04 4.701276e-04 1.878877e-09 7.246616e-04  36.1%
Macro                0.000000e+00 0.000000e+00 0.000000e+00 0.000000e+00   0.0%
Pad                  0.000000e+00 0.000000e+00 0.000000e+00 0.000000e+00   0.0%
------------------------------------------------------------------------
Total                1.418993e-03 5.909115e-04 1.269160e-08 2.009918e-03 100.0%
                            70.6%        29.4%         0.0%

