┏━━━━━━━━━━━━━━━━━━━━━━┳━━━━━━━━━━┳━━━━━━━━━━┳━━━━━━━━━━┳━━━━━━━━━━┳━━━━━━━━━━━┳━━━━━━━━━━┳━━━━━━━━━━━┳━━━━━━━━━━┳━━━━━━━━━━━┳━━━━━━━━━━┳━━━━━━━━━━━┳━━━━━━━━━━┓
┃                      ┃ Hold     ┃ Reg to   ┃          ┃          ┃ of which  ┃ Setup    ┃           ┃          ┃           ┃ of which ┃           ┃          ┃
┃                      ┃ Worst    ┃ Reg      ┃          ┃ Hold Vio ┃ reg to    ┃ Worst    ┃ Reg to    ┃ Setup    ┃ Setup Vio ┃ reg to   ┃ Max Cap   ┃ Max Slew ┃
┃ Corner/Group         ┃ Slack    ┃ Paths    ┃ Hold TNS ┃ Count    ┃ reg       ┃ Slack    ┃ Reg Paths ┃ TNS      ┃ Count     ┃ reg      ┃ Violatio… ┃ Violati… ┃
┡━━━━━━━━━━━━━━━━━━━━━━╇━━━━━━━━━━╇━━━━━━━━━━╇━━━━━━━━━━╇━━━━━━━━━━╇━━━━━━━━━━━╇━━━━━━━━━━╇━━━━━━━━━━━╇━━━━━━━━━━╇━━━━━━━━━━━╇━━━━━━━━━━╇━━━━━━━━━━━╇━━━━━━━━━━┩
│ Overall              │ 0.4083   │ 0.4495   │ 0.0000   │ 0        │ 0         │ -0.3598  │ -0.3598   │ -9.2031  │ 93        │ 90       │ 0         │ 465      │
│ nom_tt_025C_1v80     │ 0.5015   │ 0.8166   │ 0.0000   │ 0        │ 0         │ 4.1368   │ 5.4018    │ 0.0000   │ 0         │ 0        │ 0         │ 0        │
│ nom_ss_100C_1v60     │ 0.7682   │ 1.8584   │ 0.0000   │ 0        │ 0         │ -0.2433  │ -0.2433   │ -6.3147  │ 31        │ 30       │ 0         │ 0        │
│ nom_ff_n40C_1v95     │ 0.4110   │ 0.4564   │ 0.0000   │ 0        │ 0         │ 5.4343   │ N/A       │ 0.0000   │ 0         │ 0        │ 0         │ 0        │
│ min_tt_025C_1v80     │ 0.5022   │ 0.8138   │ 0.0000   │ 0        │ 0         │ 4.1822   │ 5.4655    │ 0.0000   │ 0         │ 0        │ 0         │ 0        │
│ min_ss_100C_1v60     │ 0.7719   │ 1.8530   │ 0.0000   │ 0        │ 0         │ -0.0965  │ -0.0965   │ -2.1230  │ 30        │ 30       │ 0         │ 0        │
│ min_ff_n40C_1v95     │ 0.4123   │ 0.4495   │ 0.0000   │ 0        │ 0         │ 5.4408   │ N/A       │ 0.0000   │ 0         │ 0        │ 0         │ 0        │
│ max_tt_025C_1v80     │ 0.4986   │ 0.8190   │ 0.0000   │ 0        │ 0         │ 4.0833   │ 5.0366    │ 0.0000   │ 0         │ 0        │ 0         │ 0        │
│ max_ss_100C_1v60     │ 0.7665   │ 1.8632   │ 0.0000   │ 0        │ 0         │ -0.3598  │ -0.3598   │ -9.2031  │ 32        │ 30       │ 0         │ 465      │
│ max_ff_n40C_1v95     │ 0.4083   │ 0.4638   │ 0.0000   │ 0        │ 0         │ 5.4286   │ N/A       │ 0.0000   │ 0         │ 0        │ 0         │ 0        │
└──────────────────────┴──────────┴──────────┴──────────┴──────────┴───────────┴──────────┴───────────┴──────────┴───────────┴──────────┴───────────┴──────────┘
