
===========================================================================
 report_power
============================================================================
======================= min_ss_100C_1v60 Corner ===================================

Group                    Internal    Switching      Leakage        Total
                            Power        Power        Power        Power (Watts)
------------------------------------------------------------------------
Sequential           2.211231e-04 1.781214e-06 9.715936e-07 2.238759e-04  35.9%
Combinational        2.591660e-05 3.451352e-05 2.727579e-06 6.315770e-05  10.1%
Clock                1.871119e-04 1.497315e-04 2.505096e-07 3.370938e-04  54.0%
Macro                0.000000e+00 0.000000e+00 0.000000e+00 0.000000e+00   0.0%
Pad                  0.000000e+00 0.000000e+00 0.000000e+00 0.000000e+00   0.0%
------------------------------------------------------------------------
Total                4.341514e-04 1.860260e-04 3.949684e-06 6.241272e-04 100.0%
                            69.6%        29.8%         0.6%

