
===========================================================================
 report_power
============================================================================
======================= max_ss_100C_1v60 Corner ===================================

Group                    Internal    Switching      Leakage        Total
                            Power        Power        Power        Power (Watts)
------------------------------------------------------------------------
Sequential           7.651793e-05 2.681412e-06 4.601625e-07 7.965950e-05  23.7%
Combinational        6.213153e-05 8.355689e-05 2.458648e-06 1.481471e-04  44.0%
Clock                6.554597e-05 4.313917e-05 8.251499e-08 1.087677e-04  32.3%
Macro                0.000000e+00 0.000000e+00 0.000000e+00 0.000000e+00   0.0%
Pad                  0.000000e+00 0.000000e+00 0.000000e+00 0.000000e+00   0.0%
------------------------------------------------------------------------
Total                2.041955e-04 1.293775e-04 3.001325e-06 3.365744e-04 100.0%
                            60.7%        38.4%         0.9%

