Clock: mem_sys_clk
Sources: mem_sys_clk 
Generated: no
Virtual: yes
Propagated: no
Period: 14.000000

===========================================================================
report_clock_properties
============================================================================
Clock                   Period          Waveform
----------------------------------------------------
mem_sys_clk          14.000000    0.000000  7.000000

===========================================================================
report_clock_latency
============================================================================
Clock mem_sys_clk
rise -> rise
    min     max
0.000000 0.000000 source latency
2.008457         network latency _8477_/CLK
        2.624217 network latency _7950_/CLK
---------------
2.008457 2.624217 latency
        0.615760 skew

fall -> fall
    min     max
0.000000 0.000000 source latency
1.815028         network latency _8868_/CLK
        2.361665 network latency _8439_/CLK
---------------
1.815028 2.361665 latency
        0.546637 skew



===========================================================================
report_clock_min_period
============================================================================
mem_sys_clk period_min = 10.76 fmax = 92.92
