Clock: clk
Sources: wb_clk_i 
Generated: no
Virtual: yes
Propagated: no
Period: 20.000000

===========================================================================
report_clock_properties
============================================================================
Clock                   Period          Waveform
----------------------------------------------------
clk                  20.000000    0.000000 10.000000

===========================================================================
report_clock_latency
============================================================================
Clock clk
rise -> rise
    min     max
4.650000 5.570000 source latency
6.136048         network latency _24513_/CLK
        7.337857 network latency _25645_/CLK
---------------
10.786048 12.907857 latency
        2.121809 skew

fall -> fall
    min     max
4.650000 5.570000 source latency
6.179399         network latency _24513_/CLK
        7.350479 network latency _25645_/CLK
---------------
10.829400 12.920479 latency
        2.091079 skew



===========================================================================
report_clock_min_period
============================================================================
clk period_min = 8.26 fmax = 121.01
