┏━━━━━━━━━━━━━━━━━━━━━━┳━━━━━━━━━━┳━━━━━━━━━━┳━━━━━━━━━━┳━━━━━━━━━━┳━━━━━━━━━━━┳━━━━━━━━━━┳━━━━━━━━━━━┳━━━━━━━━━━┳━━━━━━━━━━━┳━━━━━━━━━━┳━━━━━━━━━━━┳━━━━━━━━━━┓
┃                      ┃ Hold     ┃ Reg to   ┃          ┃          ┃ of which  ┃ Setup    ┃           ┃          ┃           ┃ of which ┃           ┃          ┃
┃                      ┃ Worst    ┃ Reg      ┃          ┃ Hold Vio ┃ reg to    ┃ Worst    ┃ Reg to    ┃ Setup    ┃ Setup Vio ┃ reg to   ┃ Max Cap   ┃ Max Slew ┃
┃ Corner/Group         ┃ Slack    ┃ Paths    ┃ Hold TNS ┃ Count    ┃ reg       ┃ Slack    ┃ Reg Paths ┃ TNS      ┃ Count     ┃ reg      ┃ Violatio… ┃ Violati… ┃
┡━━━━━━━━━━━━━━━━━━━━━━╇━━━━━━━━━━╇━━━━━━━━━━╇━━━━━━━━━━╇━━━━━━━━━━╇━━━━━━━━━━━╇━━━━━━━━━━╇━━━━━━━━━━━╇━━━━━━━━━━╇━━━━━━━━━━━╇━━━━━━━━━━╇━━━━━━━━━━━╇━━━━━━━━━━┩
│ Overall              │ 0.1247   │ 0.3086   │ 0.0000   │ 0        │ 0         │ 0.3046   │ 3.9897    │ 0.0000   │ 0         │ 0        │ 5         │ 16       │
│ nom_tt_025C_1v80     │ 0.2935   │ 0.6345   │ 0.0000   │ 0        │ 0         │ 5.2682   │ 11.3491   │ 0.0000   │ 0         │ 0        │ 0         │ 0        │
│ nom_ss_100C_1v60     │ 0.8170   │ 1.4920   │ 0.0000   │ 0        │ 0         │ 0.3652   │ 4.3456    │ 0.0000   │ 0         │ 0        │ 2         │ 2        │
│ nom_ff_n40C_1v95     │ 0.1777   │ 0.3121   │ 0.0000   │ 0        │ 0         │ 6.9450   │ 13.9299   │ 0.0000   │ 0         │ 0        │ 0         │ 0        │
│ min_tt_025C_1v80     │ 0.3587   │ 0.6291   │ 0.0000   │ 0        │ 0         │ 5.3281   │ 11.5404   │ 0.0000   │ 0         │ 0        │ 0         │ 0        │
│ min_ss_100C_1v60     │ 0.8853   │ 1.4690   │ 0.0000   │ 0        │ 0         │ 0.4830   │ 4.7069    │ 0.0000   │ 0         │ 0        │ 1         │ 2        │
│ min_ff_n40C_1v95     │ 0.2267   │ 0.3086   │ 0.0000   │ 0        │ 0         │ 6.9862   │ 14.0569   │ 0.0000   │ 0         │ 0        │ 0         │ 0        │
│ max_tt_025C_1v80     │ 0.2242   │ 0.6405   │ 0.0000   │ 0        │ 0         │ 5.2312   │ 11.1618   │ 0.0000   │ 0         │ 0        │ 0         │ 0        │
│ max_ss_100C_1v60     │ 0.7488   │ 1.5180   │ 0.0000   │ 0        │ 0         │ 0.3046   │ 3.9897    │ 0.0000   │ 0         │ 0        │ 5         │ 16       │
│ max_ff_n40C_1v95     │ 0.1247   │ 0.3165   │ 0.0000   │ 0        │ 0         │ 6.9196   │ 13.8115   │ 0.0000   │ 0         │ 0        │ 0         │ 0        │
└──────────────────────┴──────────┴──────────┴──────────┴──────────┴───────────┴──────────┴───────────┴──────────┴───────────┴──────────┴───────────┴──────────┘
