
===========================================================================
 report_power
============================================================================
======================= max_ss_100C_1v60 Corner ===================================

Group                    Internal    Switching      Leakage        Total
                            Power        Power        Power        Power (Watts)
------------------------------------------------------------------------
Sequential           2.209999e-04 1.905337e-06 9.715936e-07 2.238768e-04  34.9%
Combinational        2.592665e-05 3.736559e-05 2.727579e-06 6.601982e-05  10.3%
Clock                1.873043e-04 1.635903e-04 2.505096e-07 3.511451e-04  54.8%
Macro                0.000000e+00 0.000000e+00 0.000000e+00 0.000000e+00   0.0%
Pad                  0.000000e+00 0.000000e+00 0.000000e+00 0.000000e+00   0.0%
------------------------------------------------------------------------
Total                4.342311e-04 2.028613e-04 3.949684e-06 6.410421e-04 100.0%
                            67.7%        31.6%         0.6%

