Clock: clk
Sources: wb_clk_i 
Generated: no
Virtual: yes
Propagated: no
Period: 20.000000

===========================================================================
report_clock_properties
============================================================================
Clock                   Period          Waveform
----------------------------------------------------
clk                  20.000000    0.000000 10.000000

===========================================================================
report_clock_latency
============================================================================
Clock clk
rise -> rise
    min     max
4.650000 5.570000 source latency
5.989472         network latency _24347_/CLK
        7.156294 network latency _25662_/CLK
---------------
10.639472 12.726295 latency
        2.086823 skew

fall -> fall
    min     max
4.650000 5.570000 source latency
6.039101         network latency _24347_/CLK
        7.181437 network latency _25662_/CLK
---------------
10.689101 12.751437 latency
        2.062336 skew



===========================================================================
report_clock_min_period
============================================================================
clk period_min = 8.04 fmax = 124.43
