
===========================================================================
 report_power
============================================================================
======================= min_tt_025C_1v80 Corner ===================================

Group                    Internal    Switching      Leakage        Total
                            Power        Power        Power        Power (Watts)
------------------------------------------------------------------------
Sequential           7.644072e-03 2.072625e-07 4.322583e-08 7.644323e-03  34.8%
Combinational        1.271895e-04 3.264678e-04 1.029889e-07 4.537603e-04   2.1%
Clock                8.925697e-03 4.948352e-03 2.277773e-08 1.387407e-02  63.1%
Macro                0.000000e+00 0.000000e+00 0.000000e+00 0.000000e+00   0.0%
Pad                  0.000000e+00 0.000000e+00 0.000000e+00 0.000000e+00   0.0%
------------------------------------------------------------------------
Total                1.669701e-02 5.275033e-03 1.689828e-07 2.197222e-02 100.0%
                            76.0%        24.0%         0.0%

