
===========================================================================
 report_power
============================================================================
======================= max_ff_n40C_1v95 Corner ===================================

Group                    Internal    Switching      Leakage        Total
                            Power        Power        Power        Power (Watts)
------------------------------------------------------------------------
Sequential           6.460763e-04 9.128856e-06 1.978789e-09 6.552071e-04  42.8%
Combinational        1.110582e-04 9.235246e-05 1.219894e-08 2.034229e-04  13.3%
Clock                3.064912e-04 3.658184e-04 1.971679e-09 6.723115e-04  43.9%
Macro                0.000000e+00 0.000000e+00 0.000000e+00 0.000000e+00   0.0%
Pad                  0.000000e+00 0.000000e+00 0.000000e+00 0.000000e+00   0.0%
------------------------------------------------------------------------
Total                1.063625e-03 4.672995e-04 1.614942e-08 1.530940e-03 100.0%
                            69.5%        30.5%         0.0%

