Clock: wb_clk
Sources: wb_clk_i 
Generated: no
Virtual: yes
Propagated: no
Period: 10.000000

===========================================================================
report_clock_properties
============================================================================
Clock                   Period          Waveform
----------------------------------------------------
wb_clk               10.000000    0.000000  5.000000

===========================================================================
report_clock_latency
============================================================================
Clock wb_clk
rise -> rise
    min     max
0.000000 0.000000 source latency
0.327569         network latency _652_/CLK
        0.361373 network latency _665_/CLK
---------------
0.327569 0.361373 latency
        0.033803 skew

fall -> fall
    min     max
0.000000 0.000000 source latency
0.304344         network latency _652_/CLK
        0.328632 network latency _665_/CLK
---------------
0.304344 0.328632 latency
        0.024288 skew



===========================================================================
report_clock_min_period
============================================================================
wb_clk period_min = 2.27 fmax = 439.94
