
===========================================================================
 report_power
============================================================================
======================= min_ff_n40C_1v95 Corner ===================================

Group                    Internal    Switching      Leakage        Total
                            Power        Power        Power        Power (Watts)
------------------------------------------------------------------------
Sequential           6.461680e-04 8.403814e-06 1.978789e-09 6.545738e-04  43.9%
Combinational        1.108766e-04 8.550021e-05 1.219894e-08 1.963890e-04  13.2%
Clock                3.063725e-04 3.352485e-04 1.971679e-09 6.416230e-04  43.0%
Macro                0.000000e+00 0.000000e+00 0.000000e+00 0.000000e+00   0.0%
Pad                  0.000000e+00 0.000000e+00 0.000000e+00 0.000000e+00   0.0%
------------------------------------------------------------------------
Total                1.063417e-03 4.291526e-04 1.614942e-08 1.492586e-03 100.0%
                            71.2%        28.8%         0.0%

