Clock: clk
Sources: clk 
Generated: no
Virtual: yes
Propagated: no
Period: 10.000000

===========================================================================
report_clock_properties
============================================================================
Clock                   Period          Waveform
----------------------------------------------------
clk                  10.000000    0.000000  5.000000

===========================================================================
report_clock_latency
============================================================================
Clock clk
rise -> rise
    min     max
0.000000 0.000000 source latency
0.430108         network latency _3276_/CLK
        0.459649 network latency _3241_/CLK
---------------
0.430108 0.459649 latency
        0.029541 skew

fall -> fall
    min     max
0.000000 0.000000 source latency
0.411451         network latency _3276_/CLK
        0.434039 network latency _3241_/CLK
---------------
0.411451 0.434039 latency
        0.022588 skew



===========================================================================
report_clock_min_period
============================================================================
clk period_min = 3.40 fmax = 294.47
