
===========================================================================
 report_power
============================================================================
======================= nom_ff_n40C_1v95 Corner ===================================

Group                    Internal    Switching      Leakage        Total
                            Power        Power        Power        Power (Watts)
------------------------------------------------------------------------
Sequential           3.050027e-03 2.385260e-04 1.012600e-08 3.288563e-03  34.3%
Combinational        1.541918e-03 1.652773e-03 3.838951e-08 3.194730e-03  33.4%
Clock                1.710924e-03 1.384786e-03 6.673888e-09 3.095716e-03  32.3%
Macro                0.000000e+00 0.000000e+00 0.000000e+00 0.000000e+00   0.0%
Pad                  0.000000e+00 0.000000e+00 0.000000e+00 0.000000e+00   0.0%
------------------------------------------------------------------------
Total                6.302867e-03 3.276087e-03 5.518929e-08 9.579009e-03 100.0%
                            65.8%        34.2%         0.0%

