
===========================================================================
report_checks -unconstrained
===========================================================================
======================= max_tt_025C_1v80 Corner ===================================

Startpoint: _8854_ (rising edge-triggered flip-flop clocked by mem_sys_clk)
Endpoint: rd_buff_rdata[20] (output port clocked by mem_sys_clk)
Path Group: mem_sys_clk
Path Type: max

Fanout         Cap        Slew       Delay        Time   Description
---------------------------------------------------------------------------------------------
                                  0.000000    0.000000   clock mem_sys_clk (rise edge)
                                  0.000000    0.000000   clock source latency
     2    0.025254    0.000000    0.000000    0.000000 ^ mem_sys_clk (in)
                                                         mem_sys_clk (net)
                      0.001224    0.000612    0.000612 ^ wire1/A (sky130_fd_sc_hd__clkbuf_2)
     3    0.027820    0.155728    0.166208    0.166820 ^ wire1/X (sky130_fd_sc_hd__clkbuf_2)
                                                         net1178 (net)
                      0.155877    0.003944    0.170764 ^ clkbuf_0_mem_sys_clk/A (sky130_fd_sc_hd__clkbuf_16)
     7    0.037118    0.057654    0.177006    0.347771 ^ clkbuf_0_mem_sys_clk/X (sky130_fd_sc_hd__clkbuf_16)
                                                         clknet_0_mem_sys_clk (net)
                      0.057949    0.001606    0.349376 ^ max_length6/A (sky130_fd_sc_hd__clkbuf_2)
     5    0.039603    0.217302    0.227532    0.576909 ^ max_length6/X (sky130_fd_sc_hd__clkbuf_2)
                                                         net1183 (net)
                      0.217468    0.004952    0.581861 ^ wire3/A (sky130_fd_sc_hd__buf_2)
     9    0.051794    0.253442    0.306783    0.888644 ^ wire3/X (sky130_fd_sc_hd__buf_2)
                                                         net1180 (net)
                      0.253479    0.002589    0.891233 ^ clkbuf_4_12_0_mem_sys_clk/A (sky130_fd_sc_hd__clkbuf_8)
    21    0.102670    0.182286    0.294149    1.185382 ^ clkbuf_4_12_0_mem_sys_clk/X (sky130_fd_sc_hd__clkbuf_8)
                                                         clknet_4_12_0_mem_sys_clk (net)
                      0.182367    0.003268    1.188650 ^ clkbuf_leaf_81_mem_sys_clk/A (sky130_fd_sc_hd__clkbuf_8)
     6    0.029912    0.067217    0.191620    1.380270 ^ clkbuf_leaf_81_mem_sys_clk/X (sky130_fd_sc_hd__clkbuf_8)
                                                         clknet_leaf_81_mem_sys_clk (net)
                      0.067235    0.001029    1.381299 ^ _8854_/CLK (sky130_fd_sc_hd__dfrtp_1)
     2    0.012087    0.117438    0.383726    1.765025 ^ _8854_/Q (sky130_fd_sc_hd__dfrtp_1)
                                                         buffers_i.READ_BUFFER[2].rd_buffer.rdptr[0] (net)
                      0.117439    0.000651    1.765676 ^ hold1147/A (sky130_fd_sc_hd__dlygate4sd3_1)
     1    0.005107    0.073017    0.574667    2.340343 ^ hold1147/X (sky130_fd_sc_hd__dlygate4sd3_1)
                                                         net2330 (net)
                      0.073017    0.000239    2.340582 ^ fanout749/A (sky130_fd_sc_hd__buf_6)
     6    0.021099    0.052499    0.116459    2.457041 ^ fanout749/X (sky130_fd_sc_hd__buf_6)
                                                         net749 (net)
                      0.052505    0.000627    2.457669 ^ max_length752/A (sky130_fd_sc_hd__clkbuf_2)
     9    0.045439    0.248007    0.245815    2.703484 ^ max_length752/X (sky130_fd_sc_hd__clkbuf_2)
                                                         net752 (net)
                      0.248140    0.004749    2.708233 ^ max_length751/A (sky130_fd_sc_hd__clkbuf_2)
     4    0.029649    0.165360    0.250312    2.958545 ^ max_length751/X (sky130_fd_sc_hd__clkbuf_2)
                                                         net751 (net)
                      0.165500    0.002990    2.961535 ^ wire750/A (sky130_fd_sc_hd__buf_2)
     5    0.041556    0.203946    0.260033    3.221568 ^ wire750/X (sky130_fd_sc_hd__buf_2)
                                                         net750 (net)
                      0.204095    0.004570    3.226138 ^ fanout746/A (sky130_fd_sc_hd__buf_6)
     5    0.034279    0.077932    0.167854    3.393992 ^ fanout746/X (sky130_fd_sc_hd__buf_6)
                                                         net746 (net)
                      0.077995    0.002021    3.396013 ^ wire748/A (sky130_fd_sc_hd__buf_2)
     6    0.038501    0.189337    0.222611    3.618625 ^ wire748/X (sky130_fd_sc_hd__buf_2)
                                                         net748 (net)
                      0.189385    0.002493    3.621118 ^ max_length747/A (sky130_fd_sc_hd__buf_4)
     7    0.046296    0.134024    0.223744    3.844862 ^ max_length747/X (sky130_fd_sc_hd__buf_4)
                                                         net747 (net)
                      0.134181    0.003082    3.847944 ^ _4262_/S0 (sky130_fd_sc_hd__mux4_1)
     1    0.004542    0.094253    0.575003    4.422947 v _4262_/X (sky130_fd_sc_hd__mux4_1)
                                                         _1641_ (net)
                      0.094253    0.000341    4.423288 v _4263_/A3 (sky130_fd_sc_hd__mux4_2)
     1    0.016884    0.121286    0.547319    4.970607 v _4263_/X (sky130_fd_sc_hd__mux4_2)
                                                         net348 (net)
                      0.121398    0.002329    4.972936 v wire581/A (sky130_fd_sc_hd__clkbuf_2)
     1    0.022404    0.090929    0.188195    5.161131 v wire581/X (sky130_fd_sc_hd__clkbuf_2)
                                                         net581 (net)
                      0.091113    0.003582    5.164714 v output348/A (sky130_fd_sc_hd__buf_8)
     1    0.100987    0.080086    0.188564    5.353278 v output348/X (sky130_fd_sc_hd__buf_8)
                                                         rd_buff_rdata[20] (net)
                      0.080573    0.004781    5.358058 v rd_buff_rdata[20] (out)
                                              5.358058   data arrival time

                                 14.000000   14.000000   clock mem_sys_clk (rise edge)
                                  0.000000   14.000000   clock network delay (propagated)
                                 -0.250000   13.750000   clock uncertainty
                                  0.000000   13.750000   clock reconvergence pessimism
                                 -2.000000   11.750000   output external delay
                                             11.750000   data required time
---------------------------------------------------------------------------------------------
                                             11.750000   data required time
                                             -5.358058   data arrival time
---------------------------------------------------------------------------------------------
                                              6.391942   slack (MET)




===========================================================================
report_checks --slack_max -0.01
============================================================================
======================= max_tt_025C_1v80 Corner ===================================

No paths found.


===========================================================================
 report_check_types -max_slew -max_cap -max_fanout -violators
============================================================================
======================= max_tt_025C_1v80 Corner ===================================

max fanout

Pin                                   Limit Fanout  Slack
---------------------------------------------------------
fanout1143/X                             16     33    -17 (VIOLATED)
fanout1147/X                             16     33    -17 (VIOLATED)
fanout1160/X                             16     33    -17 (VIOLATED)
fanout541/X                              16     33    -17 (VIOLATED)
fanout561/X                              16     33    -17 (VIOLATED)
fanout600/X                              16     33    -17 (VIOLATED)
fanout669/X                              16     33    -17 (VIOLATED)
fanout672/X                              16     33    -17 (VIOLATED)
fanout673/X                              16     33    -17 (VIOLATED)
fanout684/X                              16     33    -17 (VIOLATED)
fanout687/X                              16     33    -17 (VIOLATED)
fanout725/X                              16     33    -17 (VIOLATED)
fanout729/X                              16     33    -17 (VIOLATED)
fanout730/X                              16     33    -17 (VIOLATED)
fanout740/X                              16     33    -17 (VIOLATED)
fanout953/X                              16     33    -17 (VIOLATED)
fanout954/X                              16     31    -15 (VIOLATED)
fanout819/X                              16     29    -13 (VIOLATED)
fanout823/X                              16     29    -13 (VIOLATED)
clkbuf_4_6_0_mem_sys_clk/X               16     25     -9 (VIOLATED)
clkbuf_4_8_0_mem_sys_clk/X               16     25     -9 (VIOLATED)
clkbuf_4_9_0_mem_sys_clk/X               16     25     -9 (VIOLATED)
fanout1071/X                             16     25     -9 (VIOLATED)
clkbuf_4_14_0_mem_sys_clk/X              16     23     -7 (VIOLATED)
clkbuf_4_15_0_mem_sys_clk/X              16     23     -7 (VIOLATED)
clkbuf_4_1_0_mem_sys_clk/X               16     23     -7 (VIOLATED)
fanout565/X                              16     23     -7 (VIOLATED)
_5207_/X                                 16     21     -5 (VIOLATED)
clkbuf_4_11_0_mem_sys_clk/X              16     21     -5 (VIOLATED)
clkbuf_4_12_0_mem_sys_clk/X              16     21     -5 (VIOLATED)
clkbuf_4_2_0_mem_sys_clk/X               16     21     -5 (VIOLATED)
clkbuf_4_3_0_mem_sys_clk/X               16     21     -5 (VIOLATED)
clkbuf_4_4_0_mem_sys_clk/X               16     21     -5 (VIOLATED)
wire604/X                                16     21     -5 (VIOLATED)
_4651_/X                                 16     19     -3 (VIOLATED)
_4962_/X                                 16     19     -3 (VIOLATED)
clkbuf_4_0_0_mem_sys_clk/X               16     19     -3 (VIOLATED)
clkbuf_4_10_0_mem_sys_clk/X              16     19     -3 (VIOLATED)
clkbuf_4_5_0_mem_sys_clk/X               16     19     -3 (VIOLATED)
clkbuf_4_7_0_mem_sys_clk/X               16     19     -3 (VIOLATED)
fanout793/X                              16     19     -3 (VIOLATED)
_4669_/Y                                 16     17        (VIOLATED)
_4686_/Y                                 16     17        (VIOLATED)
_4836_/Y                                 16     17        (VIOLATED)
_4855_/Y                                 16     17        (VIOLATED)
_4873_/Y                                 16     17        (VIOLATED)
_4980_/Y                                 16     17        (VIOLATED)
_4997_/Y                                 16     17        (VIOLATED)
_5014_/Y                                 16     17        (VIOLATED)
_5918_/Y                                 16     17        (VIOLATED)
_6436_/X                                 16     17        (VIOLATED)
_6516_/X                                 16     17        (VIOLATED)
_6534_/Y                                 16     17        (VIOLATED)
_6552_/Y                                 16     17        (VIOLATED)
_6639_/Y                                 16     17        (VIOLATED)
_6656_/Y                                 16     17        (VIOLATED)
_7069_/X                                 16     17        (VIOLATED)
clkbuf_4_13_0_mem_sys_clk/X              16     17        (VIOLATED)
input10/X                                16     17        (VIOLATED)
wire28/X                                 16     17        (VIOLATED)



===========================================================================
report_parasitic_annotation -report_unannotated
============================================================================
Found 142 unannotated drivers.
 clkload0/Y
 clkload1/Y
 clkload10/Y
 clkload100/Y
 clkload101/X
 clkload102/Y
 clkload103/Y
 clkload104/Y
 clkload105/Y
 clkload106/Y
 clkload107/Y
 clkload108/Y
 clkload109/Y
 clkload11/Y
 clkload110/Y
 clkload111/Y
 clkload112/Y
 clkload113/Y
 clkload114/Y
 clkload115/Y
 clkload116/X
 clkload117/Y
 clkload118/X
 clkload119/Y
 clkload12/Y
 clkload120/Y
 clkload121/Y
 clkload122/Y
 clkload123/Y
 clkload124/Y
 clkload125/Y
 clkload126/Y
 clkload127/X
 clkload128/Y
 clkload129/X
 clkload13/Y
 clkload130/X
 clkload131/Y
 clkload132/Y
 clkload133/Y
 clkload134/Y
 clkload135/X
 clkload136/Y
 clkload137/X
 clkload138/X
 clkload139/Y
 clkload14/Y
 clkload140/X
 clkload141/X
 clkload15/Y
 clkload16/Y
 clkload17/Y
 clkload18/Y
 clkload19/Y
 clkload2/Y
 clkload20/Y
 clkload21/Y
 clkload22/Y
 clkload23/X
 clkload24/Y
 clkload25/X
 clkload26/Y
 clkload27/Y
 clkload28/X
 clkload29/Y
 clkload3/Y
 clkload30/Y
 clkload31/X
 clkload32/Y
 clkload33/X
 clkload34/Y
 clkload35/Y
 clkload36/Y
 clkload37/X
 clkload38/Y
 clkload39/X
 clkload4/Y
 clkload40/Y
 clkload41/X
 clkload42/Y
 clkload43/Y
 clkload44/Y
 clkload45/X
 clkload46/Y
 clkload47/X
 clkload48/X
 clkload49/Y
 clkload5/Y
 clkload50/Y
 clkload51/Y
 clkload52/Y
 clkload53/Y
 clkload54/Y
 clkload55/X
 clkload56/Y
 clkload57/X
 clkload58/Y
 clkload59/X
 clkload6/Y
 clkload60/Y
 clkload61/X
 clkload62/Y
 clkload63/Y
 clkload64/Y
 clkload65/X
 clkload66/Y
 clkload67/X
 clkload68/X
 clkload69/Y
 clkload7/X
 clkload70/Y
 clkload71/Y
 clkload72/Y
 clkload73/X
 clkload74/X
 clkload75/Y
 clkload76/Y
 clkload77/Y
 clkload78/X
 clkload79/Y
 clkload8/X
 clkload80/Y
 clkload81/Y
 clkload82/X
 clkload83/X
 clkload84/Y
 clkload85/Y
 clkload86/X
 clkload87/Y
 clkload88/Y
 clkload89/Y
 clkload9/Y
 clkload90/Y
 clkload91/X
 clkload92/Y
 clkload93/Y
 clkload94/Y
 clkload95/Y
 clkload96/Y
 clkload97/Y
 clkload98/Y
 clkload99/Y
Found 0 partially unannotated drivers.

===========================================================================
max slew violation count 0
max fanout violation count 60
max cap violation count 0
============================================================================

===========================================================================
check_setup -verbose -unconstrained_endpoints -multiple_clock -no_clock -no_input_delay -loops -generated_clocks
===========================================================================
Warning: There are 11 input ports missing set_input_delay.
  arst_n
  main_mem_rd_data[0]
  main_mem_rd_data[1]
  main_mem_rd_data[2]
  main_mem_rd_data[3]
  main_mem_rd_data[4]
  main_mem_rd_data[5]
  main_mem_rd_data[6]
  main_mem_rd_data[7]
  main_mem_rd_data_valid
  main_mem_wr_data_ack
