Clock: mem_sys_clk
Sources: mem_sys_clk 
Generated: no
Virtual: yes
Propagated: no
Period: 14.000000

===========================================================================
report_clock_properties
============================================================================
Clock                   Period          Waveform
----------------------------------------------------
mem_sys_clk          14.000000    0.000000  7.000000

===========================================================================
report_clock_latency
============================================================================
Clock mem_sys_clk
rise -> rise
    min     max
0.000000 0.000000 source latency
1.133059         network latency _8868_/CLK
        1.483487 network latency _8439_/CLK
---------------
1.133059 1.483487 latency
        0.350428 skew

fall -> fall
    min     max
0.000000 0.000000 source latency
0.988528         network latency _8868_/CLK
        1.291726 network latency _8173_/CLK
---------------
0.988528 1.291726 latency
        0.303197 skew



===========================================================================
report_clock_min_period
============================================================================
mem_sys_clk period_min = 5.18 fmax = 193.05
