┏━━━━━━━┳━━━━━━━━━┳━━━━━━━━━━┳━━━━━━━━━━━━━━━━━━━━━━━━━━━━━━━━━━━━━━━━━━━━━━━━━━━━━━━━━━━━━━━━━┳━━━━━━━━━━━━━━┳━━━━━━━┓
┃ P / R ┃ Partial ┃ Required ┃ Net                                                             ┃ Pin          ┃ Layer ┃
┡━━━━━━━╇━━━━━━━━━╇━━━━━━━━━━╇━━━━━━━━━━━━━━━━━━━━━━━━━━━━━━━━━━━━━━━━━━━━━━━━━━━━━━━━━━━━━━━━━╇━━━━━━━━━━━━━━╇━━━━━━━┩
│ 5.63  │ 2252.42 │ 400.00   │ net2107                                                         │ _18936_/A1   │ met1  │
│ 3.18  │ 1273.17 │ 400.00   │ dig_top.main_mem_rd_data[3\]                                    │ _19630_/C    │ met1  │
│ 2.96  │ 1183.14 │ 400.00   │ net1989                                                         │ _18730_/A0   │ met1  │
│ 2.42  │ 967.06  │ 400.00   │ net1896                                                         │ _12387_/D_N  │ met1  │
│ 2.20  │ 881.11  │ 400.00   │ net2049                                                         │ _16296_/A1   │ met1  │
│ 1.98  │ 792.89  │ 400.00   │ net2132                                                         │ _15362_/A    │ met1  │
│ 1.81  │ 723.22  │ 400.00   │ net1352                                                         │ fanout1342/A │ met1  │
│ 1.79  │ 716.78  │ 400.00   │ net2010                                                         │ _18906_/A1   │ met1  │
│ 1.75  │ 698.75  │ 400.00   │ net2011                                                         │ _18949_/A1   │ met1  │
│ 1.73  │ 5729.33 │ 3312.80  │ net1958                                                         │ _16466_/A0   │ met4  │
│ 1.73  │ 5729.33 │ 3312.80  │ net1958                                                         │ _19602_/C    │ met4  │
│ 1.69  │ 676.00  │ 400.00   │ net5690                                                         │ _16907_/A1   │ met1  │
│ 1.67  │ 667.91  │ 400.00   │ net2670                                                         │ fanout2605/A │ met1  │
│ 1.66  │ 662.39  │ 400.00   │ net2126                                                         │ _15380_/A    │ met1  │
│ 1.62  │ 646.31  │ 400.00   │ net887                                                          │ _16184_/S    │ met1  │
│ 1.60  │ 639.47  │ 400.00   │ dig_top.wb_mem_sys_wb_dat_o[22\]                                │ hold4003/A   │ met1  │
│ 1.59  │ 637.47  │ 400.00   │ net2240                                                         │ _18617_/B    │ met1  │
│ 1.59  │ 634.75  │ 400.00   │ dig_top.main_mem_rd_data[0\]                                    │ _19624_/C    │ met1  │
│ 1.58  │ 633.98  │ 400.00   │ net431                                                          │ fanout405/A  │ met1  │
│ 1.52  │ 609.58  │ 400.00   │ dig_top.command_arbiter_decoder_i.ss_wraddr_reg[3\]             │ fanout2107/A │ met1  │
│ 1.51  │ 604.61  │ 400.00   │ net924                                                          │ _15935_/S    │ met1  │
│ 1.51  │ 604.56  │ 400.00   │ net1410                                                         │ fanout1405/A │ met1  │
│ 1.50  │ 600.14  │ 400.00   │ net1034                                                         │ _13552_/S    │ met1  │
│ 1.48  │ 590.11  │ 400.00   │ _07913_                                                         │ _15687_/A2   │ met1  │
│ 1.45  │ 580.06  │ 400.00   │ net2203                                                         │ _20507_/A0   │ met1  │
│ 1.44  │ 575.25  │ 400.00   │ net1012                                                         │ _14688_/C    │ met1  │
│ 1.43  │ 573.13  │ 400.00   │ dig_top.cm_data[9\]                                             │ fanout2156/A │ met1  │
│ 1.43  │ 570.50  │ 400.00   │ net2658                                                         │ fanout2657/A │ met1  │
│ 1.41  │ 562.06  │ 400.00   │ net1390                                                         │ fanout1386/A │ met1  │
│ 1.40  │ 558.94  │ 400.00   │ _07136_                                                         │ _13334_/D    │ met1  │
│ 1.38  │ 552.06  │ 400.00   │ net2133                                                         │ _16970_/B    │ met1  │
│ 1.29  │ 515.82  │ 400.00   │ net1979                                                         │ _18848_/A1   │ met1  │
│ 1.29  │ 514.79  │ 400.00   │ net1557                                                         │ _14390_/C1   │ met1  │
│ 1.27  │ 508.06  │ 400.00   │ net1973                                                         │ _18752_/A0   │ met1  │
│ 1.27  │ 507.06  │ 400.00   │ dig_top.screen_system_i.tft_control_fsm_i.init_rom_raddr[5\]    │ fanout1932/A │ met1  │
│ 1.25  │ 500.81  │ 400.00   │ dig_top.wb_mem_sys_wb_dat_o[21\]                                │ _19475_/B    │ met1  │
│ 1.24  │ 497.15  │ 400.00   │ _11208_                                                         │ fanout790/A  │ met1  │
│ 1.24  │ 496.31  │ 400.00   │ net2174                                                         │ _13461_/A0   │ met1  │
│ 1.24  │ 496.31  │ 400.00   │ net2174                                                         │ _18867_/A1   │ met1  │
│ 1.23  │ 493.61  │ 400.00   │ net1430                                                         │ fanout1420/A │ met1  │
│ 1.22  │ 487.81  │ 400.00   │ net2463                                                         │ fanout2436/A │ met1  │
│ 1.22  │ 486.64  │ 400.00   │ dig_top.wb_mem_sys_wb_dat_o[11\]                                │ _19465_/B    │ met1  │
│ 1.21  │ 483.87  │ 400.00   │ net1888                                                         │ fanout1887/A │ met3  │
│ 1.21  │ 482.19  │ 400.00   │ net1303                                                         │ _15451_/D    │ met1  │
│ 1.20  │ 481.42  │ 400.00   │ dig_top.screen_system_i.tft_control_fsm_i.init_rom_raddr[1\]    │ hold5059/A   │ met1  │
│ 1.18  │ 472.72  │ 400.00   │ dig_top.drw_inc_wr_buff_wdata[6\]                               │ fanout2193/A │ met1  │
│ 1.17  │ 469.51  │ 400.00   │ _09204_                                                         │ _16269_/S    │ met1  │
│ 1.17  │ 466.19  │ 400.00   │ net2194                                                         │ _20484_/A1   │ met1  │
│ 1.15  │ 459.84  │ 400.00   │ _11213_                                                         │ fanout779/A  │ met1  │
│ 1.13  │ 452.64  │ 400.00   │ net7136                                                         │ _16768_/A1   │ met1  │
│ 1.12  │ 449.15  │ 400.00   │ net1337                                                         │ _15070_/C    │ met1  │
│ 1.12  │ 446.50  │ 400.00   │ _11648_                                                         │ _18281_/A0   │ met1  │
│ 1.11  │ 446.00  │ 400.00   │ dig_top.wb_mem_sys_wb_dat_o[23\]                                │ hold227/A    │ met1  │
│ 1.11  │ 443.83  │ 400.00   │ dig_top.mem_sys_i.buffers_i.READ_BUFFER[0\].rd_buffer.wrptr[0\] │ hold5043/A   │ met1  │
│ 1.10  │ 440.64  │ 400.00   │ net1126                                                         │ _19960_/A1   │ met1  │
│ 1.10  │ 440.46  │ 400.00   │ net2009                                                         │ _18868_/A1   │ met1  │
│ 1.10  │ 440.46  │ 400.00   │ net2009                                                         │ _18953_/A1   │ met1  │
│ 1.10  │ 438.02  │ 400.00   │ net1541                                                         │ fanout1540/A │ met1  │
│ 1.09  │ 435.71  │ 400.00   │ net2985                                                         │ _20911_/A1   │ met1  │
│ 1.09  │ 434.94  │ 400.00   │ _09490_                                                         │ hold4334/A   │ met1  │
│ 1.07  │ 429.17  │ 400.00   │ net1969                                                         │ _18689_/A    │ met1  │
│ 1.06  │ 422.92  │ 400.00   │ net5739                                                         │ _16823_/A    │ met1  │
│ 1.05  │ 418.94  │ 400.00   │ dig_top.drw_inc_rd_buff_empty                                   │ hold5034/A   │ met1  │
│ 1.03  │ 411.98  │ 400.00   │ net1892                                                         │ fanout1891/A │ met1  │
│ 1.02  │ 409.31  │ 400.00   │ net941                                                          │ _15784_/S    │ met1  │
│ 1.02  │ 408.39  │ 400.00   │ net182                                                          │ _15255_/A1   │ met1  │
│ 1.01  │ 403.50  │ 400.00   │ _06333_                                                         │ _12963_/D    │ met1  │
└───────┴─────────┴──────────┴─────────────────────────────────────────────────────────────────┴──────────────┴───────┘
