┏━━━━━━━┳━━━━━━━━━┳━━━━━━━━━━┳━━━━━━━━━━━━━━━━━━━━━━━━━━━━━━━━━━━━━━━━━━━━━━━━━━━━━━━━━━┳━━━━━━━━━━━━━━━┳━━━━━━━┓
┃ P / R ┃ Partial ┃ Required ┃ Net                                                      ┃ Pin           ┃ Layer ┃
┡━━━━━━━╇━━━━━━━━━╇━━━━━━━━━━╇━━━━━━━━━━━━━━━━━━━━━━━━━━━━━━━━━━━━━━━━━━━━━━━━━━━━━━━━━━╇━━━━━━━━━━━━━━━╇━━━━━━━┩
│ 4.02  │ 1606.22 │ 400.00   │ net102                                                   │ hold5070/A    │ met1  │
│ 3.45  │ 1380.67 │ 400.00   │ net2490                                                  │ _16327_/A0    │ met1  │
│ 2.57  │ 1026.50 │ 400.00   │ net1117                                                  │ _18106_/A1_N  │ met1  │
│ 2.33  │ 933.20  │ 400.00   │ _10990_                                                  │ fanout1057/A  │ met1  │
│ 2.11  │ 843.92  │ 400.00   │ net2442                                                  │ _18979_/B     │ met1  │
│ 1.72  │ 687.28  │ 400.00   │ net2574                                                  │ _15404_/A0    │ met1  │
│ 1.72  │ 686.53  │ 400.00   │ _10945_                                                  │ hold21/A      │ met1  │
│ 1.70  │ 678.31  │ 400.00   │ dig_top.wb_mem_sys_wb_dat_o[27\]                         │ hold246/A     │ met1  │
│ 1.68  │ 673.81  │ 400.00   │ net2579                                                  │ _15472_/A1    │ met1  │
│ 1.68  │ 670.06  │ 400.00   │ dig_top.wb_mem_sys_wb_dat_o[21\]                         │ _20220_/B     │ met1  │
│ 1.63  │ 650.21  │ 400.00   │ net1120                                                  │ _18067_/B     │ met1  │
│ 1.63  │ 650.17  │ 400.00   │ net2531                                                  │ _18098_/A0    │ met1  │
│ 1.47  │ 586.97  │ 400.00   │ dig_top.wb_mem_sys_wb_dat_o[29\]                         │ hold211/A     │ met1  │
│ 1.36  │ 542.73  │ 400.00   │ net2360                                                  │ _12003_/A     │ met1  │
│ 1.35  │ 539.64  │ 400.00   │ dig_top.command_arbiter_decoder_i.ss_wraddr_reg[4\]      │ hold5051/A    │ met1  │
│ 1.31  │ 523.64  │ 400.00   │ net2549                                                  │ _15291_/A0    │ met1  │
│ 1.29  │ 516.78  │ 400.00   │ _00237_                                                  │ _24454_/D     │ met1  │
│ 1.29  │ 516.35  │ 400.00   │ dig_top.drw_inc_wpg_st_addr[0\]                          │ _12570_/A1    │ met1  │
│ 1.29  │ 514.22  │ 400.00   │ net2644                                                  │ _14780_/A     │ met1  │
│ 1.28  │ 513.92  │ 400.00   │ net1290                                                  │ _15331_/S     │ met1  │
│ 1.28  │ 511.84  │ 400.00   │ net2368                                                  │ fanout2367/A  │ met1  │
│ 1.28  │ 510.94  │ 400.00   │ dig_top.mem_sys_i.buffers_filler_i.rpg_st_addr_r[0\][7\] │ _12793_/B     │ met1  │
│ 1.25  │ 500.10  │ 400.00   │ net1523                                                  │ _13202_/S     │ met1  │
│ 1.23  │ 493.64  │ 400.00   │ net7819                                                  │ _16215_/A1    │ met1  │
│ 1.22  │ 486.32  │ 400.00   │ _08920_                                                  │ _15450_/S     │ met1  │
│ 1.19  │ 474.58  │ 400.00   │ dig_top.mem_sys_i.buffers_filler_i.rpg_st_addr_r[0\][8\] │ _18613_/A0    │ met1  │
│ 1.18  │ 472.06  │ 400.00   │ _07040_                                                  │ _12975_/C     │ met1  │
│ 1.17  │ 467.42  │ 400.00   │ net1885                                                  │ _14125_/D     │ met1  │
│ 1.17  │ 466.69  │ 400.00   │ net2588                                                  │ _15726_/A1    │ met1  │
│ 1.16  │ 464.17  │ 400.00   │ net1304                                                  │ _15274_/S     │ met1  │
│ 1.14  │ 457.83  │ 400.00   │ _06282_                                                  │ _11901_/A1_N  │ met1  │
│ 1.14  │ 456.61  │ 400.00   │ net1065                                                  │ _19425_/A0    │ met1  │
│ 1.14  │ 456.43  │ 400.00   │ dig_top.command_arbiter_decoder_i.host_wr_buff_wdata[6\] │ fanout2700/A  │ met1  │
│ 1.13  │ 452.25  │ 400.00   │ _08511_                                                  │ _14615_/A     │ met1  │
│ 1.13  │ 451.26  │ 400.00   │ net1317                                                  │ _15218_/S     │ met1  │
│ 1.13  │ 450.86  │ 400.00   │ _07845_                                                  │ _13941_/B     │ met1  │
│ 1.11  │ 445.03  │ 400.00   │ net2588                                                  │ fanout2587/A  │ met1  │
│ 1.11  │ 442.69  │ 400.00   │ net2587                                                  │ _15583_/A1    │ met1  │
│ 1.10  │ 440.22  │ 400.00   │ net2570                                                  │ _15768_/A1    │ met1  │
│ 1.08  │ 430.39  │ 400.00   │ net1690                                                  │ _16236_/A1    │ met1  │
│ 1.06  │ 422.83  │ 400.00   │ net2380                                                  │ _14754_/D     │ met1  │
│ 1.06  │ 422.75  │ 400.00   │ net7852                                                  │ _17582_/A0    │ met1  │
│ 1.03  │ 413.28  │ 400.00   │ net1045                                                  │ _20059_/A0    │ met1  │
│ 1.03  │ 411.69  │ 400.00   │ _08895_                                                  │ _15181_/S     │ met1  │
│ 1.03  │ 410.89  │ 400.00   │ net2727                                                  │ _19875_/A0    │ met1  │
│ 1.03  │ 410.53  │ 400.00   │ net1952                                                  │ _13553_/B     │ met1  │
│ 1.03  │ 410.25  │ 400.00   │ net1243                                                  │ _15530_/S     │ met1  │
│ 1.02  │ 408.26  │ 400.00   │ net2651                                                  │ _17648_/B1    │ met1  │
│ 1.02  │ 407.09  │ 400.00   │ net1664                                                  │ max_cap1663/A │ met1  │
│ 1.02  │ 406.92  │ 400.00   │ dig_top.mask_generator_i.rdata[0\]                       │ hold4475/A    │ met1  │
│ 1.01  │ 402.31  │ 400.00   │ net897                                                   │ _14770_/D     │ met1  │
└───────┴─────────┴──────────┴──────────────────────────────────────────────────────────┴───────────────┴───────┘
