Clock: mem_sys_clk
Sources: mem_sys_clk 
Generated: no
Virtual: yes
Propagated: no
Period: 14.000000

===========================================================================
report_clock_properties
============================================================================
Clock                   Period          Waveform
----------------------------------------------------
mem_sys_clk          14.000000    0.000000  7.000000

===========================================================================
report_clock_latency
============================================================================
Clock mem_sys_clk
rise -> rise
    min     max
0.000000 0.000000 source latency
1.101071         network latency _8477_/CLK
        1.430820 network latency _7950_/CLK
---------------
1.101071 1.430820 latency
        0.329750 skew

fall -> fall
    min     max
0.000000 0.000000 source latency
0.968305         network latency _8868_/CLK
        1.249252 network latency _7950_/CLK
---------------
0.968305 1.249252 latency
        0.280948 skew



===========================================================================
report_clock_min_period
============================================================================
mem_sys_clk period_min = 5.11 fmax = 195.64
