
===========================================================================
 report_power
============================================================================
======================= nom_tt_025C_1v80 Corner ===================================

Group                    Internal    Switching      Leakage        Total
                            Power        Power        Power        Power (Watts)
------------------------------------------------------------------------
Sequential           5.194369e-03 1.053259e-03 1.123319e-08 6.247639e-03  29.7%
Combinational        6.563985e-03 5.033341e-03 2.918263e-08 1.159735e-02  55.2%
Clock                1.538857e-03 1.631321e-03 2.949911e-09 3.170180e-03  15.1%
Macro                0.000000e+00 0.000000e+00 0.000000e+00 0.000000e+00   0.0%
Pad                  0.000000e+00 0.000000e+00 0.000000e+00 0.000000e+00   0.0%
------------------------------------------------------------------------
Total                1.329721e-02 7.717931e-03 4.336558e-08 2.101518e-02 100.0%
                            63.3%        36.7%         0.0%

