Clock: clk
Sources: wb_clk_i 
Generated: no
Virtual: yes
Propagated: no
Period: 19.000000

===========================================================================
report_clock_properties
============================================================================
Clock                   Period          Waveform
----------------------------------------------------
clk                  19.000000    0.000000  9.500000

===========================================================================
report_clock_latency
============================================================================
Clock clk
rise -> rise
    min     max
4.650000 5.570000 source latency
5.542920         network latency _25011_/CLK
        6.711688 network latency _24929_/CLK
---------------
10.192921 12.281687 latency
        2.088767 skew

fall -> fall
    min     max
4.650000 5.570000 source latency
5.684776         network latency _25011_/CLK
        6.821613 network latency _24929_/CLK
---------------
10.334777 12.391613 latency
        2.056837 skew



===========================================================================
report_clock_min_period
============================================================================
clk period_min = 5.07 fmax = 197.24
