"input" in: sky130A_mr.drc:180
    Polygons (raw): 1206648 (flat)  644 (hierarchical)
    Elapsed: 0.160s  Memory: 1518.00M
"polygons" in: sky130A_mr.drc:181
    Polygons (raw): 289800 (flat)  2 (hierarchical)
    Elapsed: 0.110s  Memory: 1522.00M
"polygons" in: sky130A_mr.drc:182
    Polygons (raw): 1172119 (flat)  214 (hierarchical)
    Elapsed: 0.110s  Memory: 1522.00M
"polygons" in: sky130A_mr.drc:183
    Polygons (raw): 0 (flat)  0 (hierarchical)
    Elapsed: 0.000s  Memory: 1522.00M
"polygons" in: sky130A_mr.drc:184
    Polygons (raw): 0 (flat)  0 (hierarchical)
    Elapsed: 0.000s  Memory: 1522.00M
"polygons" in: sky130A_mr.drc:185
    Polygons (raw): 0 (flat)  0 (hierarchical)
    Elapsed: 0.000s  Memory: 1522.00M
"polygons" in: sky130A_mr.drc:186
    Polygons (raw): 0 (flat)  0 (hierarchical)
    Elapsed: 0.010s  Memory: 1522.00M
"polygons" in: sky130A_mr.drc:187
    Polygons (raw): 0 (flat)  0 (hierarchical)
    Elapsed: 0.000s  Memory: 1522.00M
"polygons" in: sky130A_mr.drc:188
    Polygons (raw): 1173827 (flat)  221 (hierarchical)
    Elapsed: 0.090s  Memory: 1522.00M
"polygons" in: sky130A_mr.drc:189
    Polygons (raw): 0 (flat)  0 (hierarchical)
    Elapsed: 0.000s  Memory: 1522.00M
"polygons" in: sky130A_mr.drc:190
    Polygons (raw): 0 (flat)  0 (hierarchical)
    Elapsed: 0.000s  Memory: 1522.00M
"polygons" in: sky130A_mr.drc:191
    Polygons (raw): 0 (flat)  0 (hierarchical)
    Elapsed: 0.000s  Memory: 1522.00M
"polygons" in: sky130A_mr.drc:192
    Polygons (raw): 0 (flat)  0 (hierarchical)
    Elapsed: 0.000s  Memory: 1522.00M
"polygons" in: sky130A_mr.drc:193
    Polygons (raw): 1311419 (flat)  1575 (hierarchical)
    Elapsed: 0.100s  Memory: 1522.00M
"polygons" in: sky130A_mr.drc:194
    Polygons (raw): 0 (flat)  0 (hierarchical)
    Elapsed: 0.000s  Memory: 1522.00M
"polygons" in: sky130A_mr.drc:195
    Polygons (raw): 1317019 (flat)  215 (hierarchical)
    Elapsed: 0.090s  Memory: 1522.00M
"polygons" in: sky130A_mr.drc:196
    Polygons (raw): 1317038 (flat)  216 (hierarchical)
    Elapsed: 0.100s  Memory: 1522.00M
"polygons" in: sky130A_mr.drc:197
    Polygons (raw): 0 (flat)  0 (hierarchical)
    Elapsed: 0.000s  Memory: 1522.00M
"polygons" in: sky130A_mr.drc:198
    Polygons (raw): 0 (flat)  0 (hierarchical)
    Elapsed: 0.000s  Memory: 1522.00M
"polygons" in: sky130A_mr.drc:199
    Polygons (raw): 601396 (flat)  257 (hierarchical)
    Elapsed: 0.110s  Memory: 1522.00M
"polygons" in: sky130A_mr.drc:200
    Polygons (raw): 6685373 (flat)  7086 (hierarchical)
    Elapsed: 0.110s  Memory: 1522.00M
"polygons" in: sky130A_mr.drc:202
    Polygons (raw): 5241437 (flat)  78636 (hierarchical)
    Elapsed: 0.130s  Memory: 1522.00M
"polygons" in: sky130A_mr.drc:203
    Polygons (raw): 0 (flat)  0 (hierarchical)
    Elapsed: 0.000s  Memory: 1526.00M
"polygons" in: sky130A_mr.drc:204
    Polygons (raw): 16371969 (flat)  79797 (hierarchical)
    Elapsed: 0.110s  Memory: 1526.00M
"polygons" in: sky130A_mr.drc:206
    Polygons (raw): 2686655 (flat)  315166 (hierarchical)
    Elapsed: 0.180s  Memory: 1528.00M
"polygons" in: sky130A_mr.drc:207
    Polygons (raw): 280690 (flat)  280690 (hierarchical)
    Elapsed: 0.180s  Memory: 1542.00M
"polygons" in: sky130A_mr.drc:209
    Polygons (raw): 163910 (flat)  163910 (hierarchical)
    Elapsed: 0.160s  Memory: 1542.00M
"polygons" in: sky130A_mr.drc:210
    Polygons (raw): 153832 (flat)  153832 (hierarchical)
    Elapsed: 0.150s  Memory: 1542.00M
"polygons" in: sky130A_mr.drc:212
    Polygons (raw): 24029 (flat)  24029 (hierarchical)
    Elapsed: 0.120s  Memory: 1542.00M
"polygons" in: sky130A_mr.drc:213
    Polygons (raw): 153255 (flat)  153255 (hierarchical)
    Elapsed: 0.160s  Memory: 1542.00M
"polygons" in: sky130A_mr.drc:215
    Polygons (raw): 306 (flat)  306 (hierarchical)
    Elapsed: 0.120s  Memory: 1542.00M
"polygons" in: sky130A_mr.drc:216
    Polygons (raw): 12560 (flat)  12560 (hierarchical)
    Elapsed: 0.120s  Memory: 1542.00M
"polygons" in: sky130A_mr.drc:218
    Polygons (raw): 172 (flat)  172 (hierarchical)
    Elapsed: 0.110s  Memory: 1542.00M
"polygons" in: sky130A_mr.drc:220
    Polygons (raw): 0 (flat)  0 (hierarchical)
    Elapsed: 0.010s  Memory: 1542.00M
"polygons" in: sky130A_mr.drc:221
    Polygons (raw): 0 (flat)  0 (hierarchical)
    Elapsed: 0.000s  Memory: 1542.00M
"polygons" in: sky130A_mr.drc:222
    Polygons (raw): 0 (flat)  0 (hierarchical)
    Elapsed: 0.000s  Memory: 1542.00M
"polygons" in: sky130A_mr.drc:223
    Polygons (raw): 0 (flat)  0 (hierarchical)
    Elapsed: 0.000s  Memory: 1542.00M
"polygons" in: sky130A_mr.drc:224
    Polygons (raw): 0 (flat)  0 (hierarchical)
    Elapsed: 0.000s  Memory: 1542.00M
"polygons" in: sky130A_mr.drc:225
    Polygons (raw): 0 (flat)  0 (hierarchical)
    Elapsed: 0.010s  Memory: 1542.00M
"polygons" in: sky130A_mr.drc:226
    Polygons (raw): 0 (flat)  0 (hierarchical)
    Elapsed: 0.000s  Memory: 1542.00M
"polygons" in: sky130A_mr.drc:227
    Polygons (raw): 0 (flat)  0 (hierarchical)
    Elapsed: 0.000s  Memory: 1542.00M
"polygons" in: sky130A_mr.drc:228
    Polygons (raw): 0 (flat)  0 (hierarchical)
    Elapsed: 0.000s  Memory: 1542.00M
"polygons" in: sky130A_mr.drc:229
    Polygons (raw): 0 (flat)  0 (hierarchical)
    Elapsed: 0.000s  Memory: 1542.00M
"polygons" in: sky130A_mr.drc:230
    Polygons (raw): 0 (flat)  0 (hierarchical)
    Elapsed: 0.000s  Memory: 1542.00M
"polygons" in: sky130A_mr.drc:231
    Polygons (raw): 0 (flat)  0 (hierarchical)
    Elapsed: 0.000s  Memory: 1542.00M
"polygons" in: sky130A_mr.drc:232
    Polygons (raw): 0 (flat)  0 (hierarchical)
    Elapsed: 0.000s  Memory: 1542.00M
"polygons" in: sky130A_mr.drc:233
    Polygons (raw): 0 (flat)  0 (hierarchical)
    Elapsed: 0.000s  Memory: 1542.00M
"polygons" in: sky130A_mr.drc:234
    Polygons (raw): 0 (flat)  0 (hierarchical)
    Elapsed: 0.010s  Memory: 1542.00M
"polygons" in: sky130A_mr.drc:235
    Polygons (raw): 0 (flat)  0 (hierarchical)
    Elapsed: 0.010s  Memory: 1542.00M
"polygons" in: sky130A_mr.drc:236
    Polygons (raw): 0 (flat)  0 (hierarchical)
    Elapsed: 0.000s  Memory: 1542.00M
"polygons" in: sky130A_mr.drc:237
    Polygons (raw): 0 (flat)  0 (hierarchical)
    Elapsed: 0.000s  Memory: 1542.00M
"polygons" in: sky130A_mr.drc:238
    Polygons (raw): 1172119 (flat)  214 (hierarchical)
    Elapsed: 0.100s  Memory: 1542.00M
"polygons" in: sky130A_mr.drc:239
    Polygons (raw): 0 (flat)  0 (hierarchical)
    Elapsed: 0.010s  Memory: 1560.00M
"polygons" in: sky130A_mr.drc:240
    Polygons (raw): 0 (flat)  0 (hierarchical)
    Elapsed: 0.000s  Memory: 1560.00M
"polygons" in: sky130A_mr.drc:241
    Polygons (raw): 0 (flat)  0 (hierarchical)
    Elapsed: 0.000s  Memory: 1560.00M
"polygons" in: sky130A_mr.drc:242
    Polygons (raw): 0 (flat)  0 (hierarchical)
    Elapsed: 0.000s  Memory: 1560.00M
"polygons" in: sky130A_mr.drc:243
    Polygons (raw): 0 (flat)  0 (hierarchical)
    Elapsed: 0.000s  Memory: 1560.00M
"polygons" in: sky130A_mr.drc:244
    Polygons (raw): 0 (flat)  0 (hierarchical)
    Elapsed: 0.010s  Memory: 1560.00M
"polygons" in: sky130A_mr.drc:245
    Polygons (raw): 0 (flat)  0 (hierarchical)
    Elapsed: 0.000s  Memory: 1560.00M
"polygons" in: sky130A_mr.drc:246
    Polygons (raw): 1 (flat)  1 (hierarchical)
    Elapsed: 0.110s  Memory: 1560.00M
"polygons" in: sky130A_mr.drc:247
    Polygons (raw): 0 (flat)  0 (hierarchical)
    Elapsed: 0.000s  Memory: 1560.00M
"polygons" in: sky130A_mr.drc:248
    Polygons (raw): 0 (flat)  0 (hierarchical)
    Elapsed: 0.000s  Memory: 1560.00M
"polygons" in: sky130A_mr.drc:249
    Polygons (raw): 0 (flat)  0 (hierarchical)
    Elapsed: 0.000s  Memory: 1560.00M
"polygons" in: sky130A_mr.drc:250
    Polygons (raw): 0 (flat)  0 (hierarchical)
    Elapsed: 0.000s  Memory: 1560.00M
"polygons" in: sky130A_mr.drc:251
    Polygons (raw): 544 (flat)  1 (hierarchical)
    Elapsed: 0.110s  Memory: 1560.00M
"polygons" in: sky130A_mr.drc:252
    Polygons (raw): 0 (flat)  0 (hierarchical)
    Elapsed: 0.000s  Memory: 1560.00M
"polygons" in: sky130A_mr.drc:253
    Polygons (raw): 0 (flat)  0 (hierarchical)
    Elapsed: 0.010s  Memory: 1560.00M
"polygons" in: sky130A_mr.drc:254
    Polygons (raw): 0 (flat)  0 (hierarchical)
    Elapsed: 0.000s  Memory: 1560.00M
"polygons" in: sky130A_mr.drc:255
    Polygons (raw): 0 (flat)  0 (hierarchical)
    Elapsed: 0.000s  Memory: 1560.00M
"polygons" in: sky130A_mr.drc:256
    Polygons (raw): 0 (flat)  0 (hierarchical)
    Elapsed: 0.000s  Memory: 1560.00M
"polygons" in: sky130A_mr.drc:257
    Polygons (raw): 0 (flat)  0 (hierarchical)
    Elapsed: 0.000s  Memory: 1560.00M
"polygons" in: sky130A_mr.drc:258
    Polygons (raw): 0 (flat)  0 (hierarchical)
    Elapsed: 0.010s  Memory: 1560.00M
"polygons" in: sky130A_mr.drc:259
    Polygons (raw): 0 (flat)  0 (hierarchical)
    Elapsed: 0.000s  Memory: 1560.00M
"polygons" in: sky130A_mr.drc:260
    Polygons (raw): 0 (flat)  0 (hierarchical)
    Elapsed: 0.000s  Memory: 1560.00M
"polygons" in: sky130A_mr.drc:261
    Polygons (raw): 0 (flat)  0 (hierarchical)
    Elapsed: 0.000s  Memory: 1560.00M
"polygons" in: sky130A_mr.drc:262
    Polygons (raw): 0 (flat)  0 (hierarchical)
    Elapsed: 0.000s  Memory: 1560.00M
"polygons" in: sky130A_mr.drc:263
    Polygons (raw): 0 (flat)  0 (hierarchical)
    Elapsed: 0.010s  Memory: 1560.00M
"polygons" in: sky130A_mr.drc:264
    Polygons (raw): 0 (flat)  0 (hierarchical)
    Elapsed: 0.000s  Memory: 1560.00M
"polygons" in: sky130A_mr.drc:265
    Polygons (raw): 0 (flat)  0 (hierarchical)
    Elapsed: 0.000s  Memory: 1560.00M
"polygons" in: sky130A_mr.drc:266
    Polygons (raw): 0 (flat)  0 (hierarchical)
    Elapsed: 0.000s  Memory: 1560.00M
"polygons" in: sky130A_mr.drc:267
    Polygons (raw): 0 (flat)  0 (hierarchical)
    Elapsed: 0.000s  Memory: 1560.00M
"polygons" in: sky130A_mr.drc:268
    Polygons (raw): 0 (flat)  0 (hierarchical)
    Elapsed: 0.000s  Memory: 1560.00M
"polygons" in: sky130A_mr.drc:269
    Polygons (raw): 0 (flat)  0 (hierarchical)
    Elapsed: 0.000s  Memory: 1560.00M
"polygons" in: sky130A_mr.drc:270
    Polygons (raw): 0 (flat)  0 (hierarchical)
    Elapsed: 0.010s  Memory: 1560.00M
"polygons" in: sky130A_mr.drc:271
    Polygons (raw): 0 (flat)  0 (hierarchical)
    Elapsed: 0.000s  Memory: 1560.00M
"polygons" in: sky130A_mr.drc:272
    Polygons (raw): 0 (flat)  0 (hierarchical)
    Elapsed: 0.000s  Memory: 1560.00M
"polygons" in: sky130A_mr.drc:273
    Polygons (raw): 0 (flat)  0 (hierarchical)
    Elapsed: 0.010s  Memory: 1560.00M
"polygons" in: sky130A_mr.drc:274
    Polygons (raw): 0 (flat)  0 (hierarchical)
    Elapsed: 0.000s  Memory: 1560.00M
"polygons" in: sky130A_mr.drc:275
    Polygons (raw): 0 (flat)  0 (hierarchical)
    Elapsed: 0.000s  Memory: 1560.00M
"merged" in: sky130A_mr.drc:277
    Polygons (raw): 0 (flat)  0 (hierarchical)
    Elapsed: 0.060s  Memory: 1560.00M
DRC section
BEOL section
START: 67/20 (li)
"outside" in: sky130A_mr.drc:1067
    Polygons (raw): 5241437 (flat)  78636 (hierarchical)
    Elapsed: 0.050s  Memory: 1560.00M
"interacting" in: sky130A_mr.drc:1068
    Polygons (raw): 0 (flat)  0 (hierarchical)
    Elapsed: 0.060s  Memory: 1560.00M
"inside" in: sky130A_mr.drc:1068
    Polygons (raw): 0 (flat)  0 (hierarchical)
    Elapsed: 0.050s  Memory: 1560.00M
"-" in: sky130A_mr.drc:1068
    Polygons (raw): 0 (flat)  0 (hierarchical)
    Elapsed: 0.050s  Memory: 1560.00M
"or" in: sky130A_mr.drc:1067
    Polygons (raw): 163513 (flat)  78038 (hierarchical)
    Elapsed: 19.880s  Memory: 2254.00M
"width" in: sky130A_mr.drc:1070
    Edge pairs: 0 (flat)  0 (hierarchical)
    Elapsed: 3.930s  Memory: 2254.00M
"output" in: sky130A_mr.drc:1070
    Edge pairs: 0 (flat)  0 (hierarchical)
    Elapsed: 0.080s  Memory: 2254.00M
"space" in: sky130A_mr.drc:1074
    Edge pairs: 0 (flat)  0 (hierarchical)
    Elapsed: 22.140s  Memory: 6830.00M
"output" in: sky130A_mr.drc:1074
    Edge pairs: 0 (flat)  0 (hierarchical)
    Elapsed: 0.070s  Memory: 6446.00M
"-" in: sky130A_mr.drc:1078
    Polygons (raw): 6685373 (flat)  7086 (hierarchical)
    Elapsed: 0.050s  Memory: 6446.00M
"enclosing" in: sky130A_mr.drc:1080
    Edge pairs: 6758972 (flat)  6398161 (hierarchical)
    Elapsed: 129.130s  Memory: 7613.00M
"second_edges" in: sky130A_mr.drc:1080
    Edges: 6758972 (flat)  6398161 (hierarchical)
    Elapsed: 0.200s  Memory: 7727.00M
"width" in: sky130A_mr.drc:1081
    Edge pairs: 0 (flat)  0 (hierarchical)
    Elapsed: 11.460s  Memory: 9655.00M
"polygons" in: sky130A_mr.drc:1082
    Polygons (raw): 0 (flat)  0 (hierarchical)
    Elapsed: 0.010s  Memory: 9059.00M
"interacting" in: sky130A_mr.drc:1082
    Polygons (raw): 0 (flat)  0 (hierarchical)
    Elapsed: 0.050s  Memory: 9059.00M
"output" in: sky130A_mr.drc:1083
    Polygons (raw): 0 (flat)  0 (hierarchical)
    Elapsed: 0.070s  Memory: 9059.00M
"interacting" in: sky130A_mr.drc:1087
    Polygons (raw): 0 (flat)  0 (hierarchical)
    Elapsed: 0.070s  Memory: 9059.00M
"-" in: sky130A_mr.drc:1087
    Polygons (raw): 5241437 (flat)  78636 (hierarchical)
    Elapsed: 0.060s  Memory: 9059.00M
"with_area" in: sky130A_mr.drc:1088
    Polygons (raw): 0 (flat)  0 (hierarchical)
    Elapsed: 19.380s  Memory: 9075.00M
"output" in: sky130A_mr.drc:1088
    Polygons (raw): 0 (flat)  0 (hierarchical)
    Elapsed: 0.080s  Memory: 9075.00M
"&" in: sky130A_mr.drc:1092
    Polygons (raw): 0 (flat)  0 (hierarchical)
    Elapsed: 0.050s  Memory: 9075.00M
"space" in: sky130A_mr.drc:1093
    Edge pairs: 0 (flat)  0 (hierarchical)
    Elapsed: 0.060s  Memory: 9075.00M
"output" in: sky130A_mr.drc:1093
    Edge pairs: 0 (flat)  0 (hierarchical)
    Elapsed: 0.070s  Memory: 9075.00M
"width" in: sky130A_mr.drc:1097
    Edge pairs: 0 (flat)  0 (hierarchical)
    Elapsed: 0.060s  Memory: 9075.00M
"output" in: sky130A_mr.drc:1097
    Edge pairs: 0 (flat)  0 (hierarchical)
    Elapsed: 0.070s  Memory: 9075.00M
END: 67/20 (li)
START: 67/13 (li_res)
"width" in: sky130A_mr.drc:1105
    Edge pairs: 0 (flat)  0 (hierarchical)
    Elapsed: 0.060s  Memory: 9075.00M
"output" in: sky130A_mr.drc:1105
    Edge pairs: 0 (flat)  0 (hierarchical)
    Elapsed: 0.070s  Memory: 9075.00M
END: 67/13 (li_res)
START: 67/44 (mcon)
"-" in: sky130A_mr.drc:1113
    Polygons (raw): 16371969 (flat)  79797 (hierarchical)
    Elapsed: 0.050s  Memory: 9075.00M
"drc" in: sky130A_mr.drc:1115
    Polygons (raw): 0 (flat)  0 (hierarchical)
    Elapsed: 71.950s  Memory: 12630.00M
"-" in: sky130A_mr.drc:1116
    Polygons (raw): 16371969 (flat)  79797 (hierarchical)
    Elapsed: 0.100s  Memory: 12302.00M
"outside" in: sky130A_mr.drc:1120
    Polygons (raw): 16371969 (flat)  79797 (hierarchical)
    Elapsed: 0.050s  Memory: 12302.00M
"non_rectangles" in: sky130A_mr.drc:1121
    Polygons (raw): 0 (flat)  0 (hierarchical)
    Elapsed: 63.190s  Memory: 12430.00M
"output" in: sky130A_mr.drc:1121
    Polygons (raw): 0 (flat)  0 (hierarchical)
    Elapsed: 0.080s  Memory: 12430.00M
"drc" in: sky130A_mr.drc:1126
    Edge pairs: 0 (flat)  0 (hierarchical)
    Elapsed: 72.150s  Memory: 13614.00M
"output" in: sky130A_mr.drc:1126
    Edge pairs: 0 (flat)  0 (hierarchical)
    Elapsed: 0.160s  Memory: 13278.00M
"drc" in: sky130A_mr.drc:1130
    Edges: 0 (flat)  0 (hierarchical)
    Elapsed: 9.270s  Memory: 14366.00M
"output" in: sky130A_mr.drc:1130
    Edges: 0 (flat)  0 (hierarchical)
    Elapsed: 0.170s  Memory: 13974.00M
"space" in: sky130A_mr.drc:1134
    Edge pairs: 0 (flat)  0 (hierarchical)
    Elapsed: 19.680s  Memory: 14166.00M
"output" in: sky130A_mr.drc:1134
    Edge pairs: 0 (flat)  0 (hierarchical)
    Elapsed: 0.080s  Memory: 13262.00M
"width" in: sky130A_mr.drc:1139
    Edge pairs: 0 (flat)  0 (hierarchical)
    Elapsed: 0.050s  Memory: 13262.00M
"output" in: sky130A_mr.drc:1139
    Edge pairs: 0 (flat)  0 (hierarchical)
    Elapsed: 0.070s  Memory: 13262.00M
"drc" in: sky130A_mr.drc:1143
    Edge pairs: 0 (flat)  0 (hierarchical)
    Elapsed: 0.270s  Memory: 13670.00M
"output" in: sky130A_mr.drc:1143
    Edge pairs: 0 (flat)  0 (hierarchical)
    Elapsed: 0.080s  Memory: 13262.00M
"-" in: sky130A_mr.drc:1147
    Polygons (raw): 0 (flat)  0 (hierarchical)
    Elapsed: 0.060s  Memory: 13262.00M
"output" in: sky130A_mr.drc:1147
    Polygons (raw): 0 (flat)  0 (hierarchical)
    Elapsed: 0.070s  Memory: 13262.00M
"-" in: sky130A_mr.drc:1152
    Polygons (raw): 0 (flat)  0 (hierarchical)
    Elapsed: 19.980s  Memory: 14126.00M
"output" in: sky130A_mr.drc:1152
    Polygons (raw): 0 (flat)  0 (hierarchical)
    Elapsed: 0.080s  Memory: 13710.00M
END: 67/44 (mcon)
START: 68/20 (m1)
"width" in: sky130A_mr.drc:1157
    Edge pairs: 0 (flat)  0 (hierarchical)
    Elapsed: 20.340s  Memory: 13710.00M
"output" in: sky130A_mr.drc:1157
    Edge pairs: 0 (flat)  0 (hierarchical)
    Elapsed: 0.080s  Memory: 13710.00M
"sized" in: sky130A_mr.drc:1158
    Polygons (raw): 0 (flat)  0 (hierarchical)
    Elapsed: 0.640s  Memory: 13710.00M
"sized" in: sky130A_mr.drc:1158
    Polygons (raw): 0 (flat)  0 (hierarchical)
    Elapsed: 0.060s  Memory: 13710.00M
"snap" in: sky130A_mr.drc:1158
    Polygons (raw): 0 (flat)  0 (hierarchical)
    Elapsed: 0.060s  Memory: 13710.00M
"&" in: sky130A_mr.drc:1158
    Polygons (raw): 0 (flat)  0 (hierarchical)
    Elapsed: 0.050s  Memory: 13710.00M
"edges" in: sky130A_mr.drc:1159
    Edges: 1031592 (flat)  877364 (hierarchical)
    Elapsed: 0.030s  Memory: 13710.00M
"-" in: sky130A_mr.drc:1159
    Edges: 1031592 (flat)  877364 (hierarchical)
    Elapsed: 0.070s  Memory: 13710.00M
"edges" in: sky130A_mr.drc:1160
    Edges: 0 (flat)  0 (hierarchical)
    Elapsed: 0.060s  Memory: 13710.00M
"merged" in: sky130A_mr.drc:1160
    Polygons (raw): 82495 (flat)  74544 (hierarchical)
    Elapsed: 0.000s  Memory: 13710.00M
"outside_part" in: sky130A_mr.drc:1160
    Edges: 0 (flat)  0 (hierarchical)
    Elapsed: 0.060s  Memory: 13710.00M
"space" in: sky130A_mr.drc:1162
    Edge pairs: 0 (flat)  0 (hierarchical)
    Elapsed: 2.090s  Memory: 13798.00M
"output" in: sky130A_mr.drc:1162
    Edge pairs: 0 (flat)  0 (hierarchical)
    Elapsed: 0.070s  Memory: 13006.00M
"separation" in: sky130A_mr.drc:1168
    Edge pairs: 0 (flat)  0 (hierarchical)
    Elapsed: 0.290s  Memory: 13390.00M
"space" in: sky130A_mr.drc:1169
    Edge pairs: 0 (flat)  0 (hierarchical)
    Elapsed: 0.150s  Memory: 13366.00M
"+" in: sky130A_mr.drc:1168
    Edge pairs: 0 (flat)  0 (hierarchical)
    Elapsed: 0.060s  Memory: 13006.00M
"output" in: sky130A_mr.drc:1170
    Edge pairs: 0 (flat)  0 (hierarchical)
    Elapsed: 0.070s  Memory: 13006.00M
"input" in: sky130A_mr.drc:1181
    Polygons (raw): 2686655 (flat)  315166 (hierarchical)
    Elapsed: 0.180s  Memory: 13006.00M
"enclosing" in: sky130A_mr.drc:1183
    Edge pairs: 0 (flat)  0 (hierarchical)
    Elapsed: 84.470s  Memory: 14318.00M
"output" in: sky130A_mr.drc:1183
    Edge pairs: 0 (flat)  0 (hierarchical)
    Elapsed: 0.080s  Memory: 13006.00M
"-" in: sky130A_mr.drc:1187
    Polygons (raw): 0 (flat)  0 (hierarchical)
    Elapsed: 23.250s  Memory: 14286.00M
"output" in: sky130A_mr.drc:1187
    Polygons (raw): 0 (flat)  0 (hierarchical)
    Elapsed: 0.070s  Memory: 13006.00M
"input" in: sky130A_mr.drc:1201
    Polygons (raw): 0 (flat)  0 (hierarchical)
    Elapsed: 0.140s  Memory: 13006.00M
"enclosing" in: sky130A_mr.drc:1202
    Edge pairs: 0 (flat)  0 (hierarchical)
    Elapsed: 0.050s  Memory: 13006.00M
"output" in: sky130A_mr.drc:1202
    Edge pairs: 0 (flat)  0 (hierarchical)
    Elapsed: 0.060s  Memory: 13006.00M
"-" in: sky130A_mr.drc:1207
    Polygons (raw): 0 (flat)  0 (hierarchical)
    Elapsed: 0.040s  Memory: 13006.00M
"output" in: sky130A_mr.drc:1207
    Polygons (raw): 0 (flat)  0 (hierarchical)
    Elapsed: 0.070s  Memory: 13006.00M
"with_area" in: sky130A_mr.drc:1212
    Polygons (raw): 0 (flat)  0 (hierarchical)
    Elapsed: 0.070s  Memory: 13006.00M
"output" in: sky130A_mr.drc:1212
    Polygons (raw): 0 (flat)  0 (hierarchical)
    Elapsed: 0.070s  Memory: 13006.00M
"holes" in: sky130A_mr.drc:1215
    Polygons (raw): 0 (flat)  0 (hierarchical)
    Elapsed: 0.020s  Memory: 13006.00M
"with_area" in: sky130A_mr.drc:1216
    Polygons (raw): 0 (flat)  0 (hierarchical)
    Elapsed: 0.050s  Memory: 13006.00M
"output" in: sky130A_mr.drc:1217
    Polygons (raw): 0 (flat)  0 (hierarchical)
    Elapsed: 0.070s  Memory: 13006.00M
"enclosing" in: sky130A_mr.drc:1228
    Edge pairs: 227094 (flat)  180586 (hierarchical)
    Elapsed: 64.630s  Memory: 13078.00M
"second_edges" in: sky130A_mr.drc:1228
    Edges: 227094 (flat)  180586 (hierarchical)
    Elapsed: 0.020s  Memory: 13006.00M
"width" in: sky130A_mr.drc:1230
    Edge pairs: 0 (flat)  0 (hierarchical)
    Elapsed: 0.670s  Memory: 13406.00M
"polygons" in: sky130A_mr.drc:1232
    Polygons (raw): 0 (flat)  0 (hierarchical)
    Elapsed: 0.020s  Memory: 12238.00M
"interacting" in: sky130A_mr.drc:1232
    Polygons (raw): 0 (flat)  0 (hierarchical)
    Elapsed: 0.050s  Memory: 12238.00M
"output" in: sky130A_mr.drc:1233
    Polygons (raw): 0 (flat)  0 (hierarchical)
    Elapsed: 0.070s  Memory: 12238.00M
END: 68/20 (m1)
START: 68/44 (via)
"drc" in: sky130A_mr.drc:1244
    Polygons (raw): 0 (flat)  0 (hierarchical)
    Elapsed: 1.020s  Memory: 12606.00M
"-" in: sky130A_mr.drc:1245
    Polygons (raw): 280690 (flat)  280690 (hierarchical)
    Elapsed: 0.060s  Memory: 12238.00M
"-" in: sky130A_mr.drc:1250
    Polygons (raw): 280690 (flat)  280690 (hierarchical)
    Elapsed: 0.050s  Memory: 12238.00M
"non_rectangles" in: sky130A_mr.drc:1252
    Polygons (raw): 0 (flat)  0 (hierarchical)
    Elapsed: 0.760s  Memory: 12238.00M
"output" in: sky130A_mr.drc:1252
    Polygons (raw): 0 (flat)  0 (hierarchical)
    Elapsed: 0.080s  Memory: 12238.00M
"width" in: sky130A_mr.drc:1256
    Edge pairs: 0 (flat)  0 (hierarchical)
    Elapsed: 0.090s  Memory: 12238.00M
"output" in: sky130A_mr.drc:1256
    Edge pairs: 0 (flat)  0 (hierarchical)
    Elapsed: 0.070s  Memory: 12238.00M
"drc" in: sky130A_mr.drc:1261
    Edges: 0 (flat)  0 (hierarchical)
    Elapsed: 0.430s  Memory: 12622.00M
"output" in: sky130A_mr.drc:1261
    Edges: 0 (flat)  0 (hierarchical)
    Elapsed: 0.080s  Memory: 12238.00M
"space" in: sky130A_mr.drc:1266
    Edge pairs: 0 (flat)  0 (hierarchical)
    Elapsed: 0.460s  Memory: 12558.00M
"output" in: sky130A_mr.drc:1266
    Edge pairs: 0 (flat)  0 (hierarchical)
    Elapsed: 0.080s  Memory: 12238.00M
"width" in: sky130A_mr.drc:1272
    Edge pairs: 0 (flat)  0 (hierarchical)
    Elapsed: 0.050s  Memory: 12238.00M
"output" in: sky130A_mr.drc:1272
    Edge pairs: 0 (flat)  0 (hierarchical)
    Elapsed: 0.070s  Memory: 12238.00M
"drc" in: sky130A_mr.drc:1276
    Edge pairs: 0 (flat)  0 (hierarchical)
    Elapsed: 0.270s  Memory: 12654.00M
"output" in: sky130A_mr.drc:1276
    Edge pairs: 0 (flat)  0 (hierarchical)
    Elapsed: 0.080s  Memory: 12238.00M
"-" in: sky130A_mr.drc:1280
    Polygons (raw): 0 (flat)  0 (hierarchical)
    Elapsed: 0.060s  Memory: 12238.00M
"output" in: sky130A_mr.drc:1280
    Polygons (raw): 0 (flat)  0 (hierarchical)
    Elapsed: 0.070s  Memory: 12238.00M
"edges" in: sky130A_mr.drc:1287
    Edges: 1031592 (flat)  877364 (hierarchical)
    Elapsed: 0.030s  Memory: 12238.00M
"drc" in: sky130A_mr.drc:1288
    Edges: 1122760 (flat)  1122760 (hierarchical)
    Elapsed: 2.050s  Memory: 12238.00M
"enclosing" in: sky130A_mr.drc:1288
    Edge pairs: 0 (flat)  0 (hierarchical)
    Elapsed: 0.520s  Memory: 12702.00M
"output" in: sky130A_mr.drc:1289
    Edge pairs: 0 (flat)  0 (hierarchical)
    Elapsed: 0.200s  Memory: 12238.00M
"squares" in: sky130A_mr.drc:1291
    Polygons (raw): 280690 (flat)  280690 (hierarchical)
    Elapsed: 0.040s  Memory: 12238.00M
"drc" in: sky130A_mr.drc:1292
    Edges: 1122760 (flat)  1122760 (hierarchical)
    Elapsed: 1.310s  Memory: 12238.00M
"-" in: sky130A_mr.drc:1293
    Edges: 0 (flat)  0 (hierarchical)
    Elapsed: 5.550s  Memory: 12862.00M
"output" in: sky130A_mr.drc:1294
    Edges: 0 (flat)  0 (hierarchical)
    Elapsed: 0.090s  Memory: 12366.00M
"edges" in: sky130A_mr.drc:1298
    Edges: 1031592 (flat)  877364 (hierarchical)
    Elapsed: 0.030s  Memory: 12366.00M
"drc" in: sky130A_mr.drc:1299
    Edges: 1122760 (flat)  1122760 (hierarchical)
    Elapsed: 1.280s  Memory: 12366.00M
"enclosing" in: sky130A_mr.drc:1299
    Edge pairs: 169458 (flat)  169458 (hierarchical)
    Elapsed: 1.290s  Memory: 12366.00M
"second_edges" in: sky130A_mr.drc:1300
    Edges: 169458 (flat)  169458 (hierarchical)
    Elapsed: 0.010s  Memory: 12366.00M
"width" in: sky130A_mr.drc:1302
    Edge pairs: 0 (flat)  0 (hierarchical)
    Elapsed: 0.490s  Memory: 12686.00M
"polygons" in: sky130A_mr.drc:1303
    Polygons (raw): 0 (flat)  0 (hierarchical)
    Elapsed: 0.010s  Memory: 12366.00M
"interacting" in: sky130A_mr.drc:1303
    Polygons (raw): 0 (flat)  0 (hierarchical)
    Elapsed: 0.050s  Memory: 12366.00M
"output" in: sky130A_mr.drc:1304
    Polygons (raw): 0 (flat)  0 (hierarchical)
    Elapsed: 0.070s  Memory: 12366.00M
END: 68/44 (via)
START: 69/20 (m2)
"&" in: sky130A_mr.drc:1313
    Polygons (raw): 0 (flat)  0 (hierarchical)
    Elapsed: 0.050s  Memory: 12366.00M
"width" in: sky130A_mr.drc:1314
    Edge pairs: 0 (flat)  0 (hierarchical)
    Elapsed: 0.500s  Memory: 12366.00M
"output" in: sky130A_mr.drc:1314
    Edge pairs: 0 (flat)  0 (hierarchical)
    Elapsed: 0.080s  Memory: 12366.00M
"sized" in: sky130A_mr.drc:1316
    Polygons (raw): 0 (flat)  0 (hierarchical)
    Elapsed: 0.310s  Memory: 12366.00M
"sized" in: sky130A_mr.drc:1316
    Polygons (raw): 0 (flat)  0 (hierarchical)
    Elapsed: 0.060s  Memory: 12366.00M
"snap" in: sky130A_mr.drc:1316
    Polygons (raw): 0 (flat)  0 (hierarchical)
    Elapsed: 0.050s  Memory: 12366.00M
"&" in: sky130A_mr.drc:1316
    Polygons (raw): 0 (flat)  0 (hierarchical)
    Elapsed: 0.050s  Memory: 12366.00M
"edges" in: sky130A_mr.drc:1317
    Edges: 635976 (flat)  635976 (hierarchical)
    Elapsed: 0.020s  Memory: 12366.00M
"-" in: sky130A_mr.drc:1317
    Edges: 635976 (flat)  635976 (hierarchical)
    Elapsed: 0.070s  Memory: 12366.00M
"edges" in: sky130A_mr.drc:1318
    Edges: 0 (flat)  0 (hierarchical)
    Elapsed: 0.060s  Memory: 12366.00M
"merged" in: sky130A_mr.drc:1318
    Polygons (raw): 57917 (flat)  57917 (hierarchical)
    Elapsed: 0.000s  Memory: 12366.00M
"outside_part" in: sky130A_mr.drc:1318
    Edges: 0 (flat)  0 (hierarchical)
    Elapsed: 0.060s  Memory: 12366.00M
"-" in: sky130A_mr.drc:1319
    Polygons (raw): 280690 (flat)  280690 (hierarchical)
    Elapsed: 0.060s  Memory: 12366.00M
"space" in: sky130A_mr.drc:1321
    Edge pairs: 0 (flat)  0 (hierarchical)
    Elapsed: 1.260s  Memory: 12854.00M
"output" in: sky130A_mr.drc:1321
    Edge pairs: 0 (flat)  0 (hierarchical)
    Elapsed: 0.090s  Memory: 12494.00M
"separation" in: sky130A_mr.drc:1327
    Edge pairs: 0 (flat)  0 (hierarchical)
    Elapsed: 0.290s  Memory: 12854.00M
"space" in: sky130A_mr.drc:1328
    Edge pairs: 0 (flat)  0 (hierarchical)
    Elapsed: 0.150s  Memory: 12822.00M
"+" in: sky130A_mr.drc:1327
    Edge pairs: 0 (flat)  0 (hierarchical)
    Elapsed: 0.060s  Memory: 12494.00M
"output" in: sky130A_mr.drc:1329
    Edge pairs: 0 (flat)  0 (hierarchical)
    Elapsed: 0.070s  Memory: 12494.00M
"with_area" in: sky130A_mr.drc:1331
    Polygons (raw): 0 (flat)  0 (hierarchical)
    Elapsed: 0.060s  Memory: 12494.00M
"output" in: sky130A_mr.drc:1331
    Polygons (raw): 0 (flat)  0 (hierarchical)
    Elapsed: 0.070s  Memory: 12494.00M
"holes" in: sky130A_mr.drc:1333
    Polygons (raw): 0 (flat)  0 (hierarchical)
    Elapsed: 0.020s  Memory: 12494.00M
"with_area" in: sky130A_mr.drc:1334
    Polygons (raw): 0 (flat)  0 (hierarchical)
    Elapsed: 0.060s  Memory: 12494.00M
"output" in: sky130A_mr.drc:1335
    Polygons (raw): 0 (flat)  0 (hierarchical)
    Elapsed: 0.070s  Memory: 12494.00M
"enclosing" in: sky130A_mr.drc:1343
    Edge pairs: 0 (flat)  0 (hierarchical)
    Elapsed: 0.760s  Memory: 12894.00M
"output" in: sky130A_mr.drc:1343
    Edge pairs: 0 (flat)  0 (hierarchical)
    Elapsed: 0.080s  Memory: 12430.00M
"-" in: sky130A_mr.drc:1347
    Polygons (raw): 0 (flat)  0 (hierarchical)
    Elapsed: 0.640s  Memory: 12854.00M
"output" in: sky130A_mr.drc:1347
    Polygons (raw): 0 (flat)  0 (hierarchical)
    Elapsed: 0.080s  Memory: 12430.00M
"enclosing" in: sky130A_mr.drc:1351
    Edge pairs: 0 (flat)  0 (hierarchical)
    Elapsed: 0.060s  Memory: 12430.00M
"output" in: sky130A_mr.drc:1351
    Edge pairs: 0 (flat)  0 (hierarchical)
    Elapsed: 0.070s  Memory: 12430.00M
"enclosing" in: sky130A_mr.drc:1356
    Edge pairs: 212249 (flat)  212249 (hierarchical)
    Elapsed: 1.090s  Memory: 12510.00M
"second_edges" in: sky130A_mr.drc:1356
    Edges: 212249 (flat)  212249 (hierarchical)
    Elapsed: 0.020s  Memory: 12430.00M
"width" in: sky130A_mr.drc:1358
    Edge pairs: 0 (flat)  0 (hierarchical)
    Elapsed: 0.550s  Memory: 12774.00M
"polygons" in: sky130A_mr.drc:1359
    Polygons (raw): 0 (flat)  0 (hierarchical)
    Elapsed: 0.010s  Memory: 12430.00M
"interacting" in: sky130A_mr.drc:1359
    Polygons (raw): 0 (flat)  0 (hierarchical)
    Elapsed: 0.050s  Memory: 12430.00M
"output" in: sky130A_mr.drc:1360
    Polygons (raw): 0 (flat)  0 (hierarchical)
    Elapsed: 0.070s  Memory: 12430.00M
END: 69/20 (m2)
START: 69/44 (via2)
"drc" in: sky130A_mr.drc:1371
    Polygons (raw): 0 (flat)  0 (hierarchical)
    Elapsed: 0.670s  Memory: 12878.00M
"-" in: sky130A_mr.drc:1372
    Polygons (raw): 153832 (flat)  153832 (hierarchical)
    Elapsed: 0.070s  Memory: 12430.00M
"-" in: sky130A_mr.drc:1377
    Polygons (raw): 153832 (flat)  153832 (hierarchical)
    Elapsed: 0.050s  Memory: 12430.00M
"non_rectangles" in: sky130A_mr.drc:1378
    Polygons (raw): 0 (flat)  0 (hierarchical)
    Elapsed: 0.470s  Memory: 12430.00M
"output" in: sky130A_mr.drc:1378
    Polygons (raw): 0 (flat)  0 (hierarchical)
    Elapsed: 0.080s  Memory: 12430.00M
"width" in: sky130A_mr.drc:1382
    Edge pairs: 0 (flat)  0 (hierarchical)
    Elapsed: 0.070s  Memory: 12430.00M
"output" in: sky130A_mr.drc:1382
    Edge pairs: 0 (flat)  0 (hierarchical)
    Elapsed: 0.070s  Memory: 12430.00M
"edges" in: sky130A_mr.drc:1387
    Edges: 615328 (flat)  615328 (hierarchical)
    Elapsed: 0.030s  Memory: 12430.00M
"without_length" in: sky130A_mr.drc:1388
    Edges: 0 (flat)  0 (hierarchical)
    Elapsed: 0.050s  Memory: 12430.00M
"output" in: sky130A_mr.drc:1389
    Edges: 0 (flat)  0 (hierarchical)
    Elapsed: 0.090s  Memory: 12430.00M
"space" in: sky130A_mr.drc:1390
    Edge pairs: 0 (flat)  0 (hierarchical)
    Elapsed: 0.320s  Memory: 12766.00M
"output" in: sky130A_mr.drc:1390
    Edge pairs: 0 (flat)  0 (hierarchical)
    Elapsed: 0.070s  Memory: 12430.00M
"width" in: sky130A_mr.drc:1396
    Edge pairs: 0 (flat)  0 (hierarchical)
    Elapsed: 0.060s  Memory: 12430.00M
"output" in: sky130A_mr.drc:1396
    Edge pairs: 0 (flat)  0 (hierarchical)
    Elapsed: 0.080s  Memory: 12430.00M
"drc" in: sky130A_mr.drc:1400
    Edge pairs: 0 (flat)  0 (hierarchical)
    Elapsed: 0.280s  Memory: 12630.00M
"output" in: sky130A_mr.drc:1400
    Edge pairs: 0 (flat)  0 (hierarchical)
    Elapsed: 0.070s  Memory: 12430.00M
"-" in: sky130A_mr.drc:1404
    Polygons (raw): 0 (flat)  0 (hierarchical)
    Elapsed: 0.060s  Memory: 12430.00M
"output" in: sky130A_mr.drc:1404
    Polygons (raw): 0 (flat)  0 (hierarchical)
    Elapsed: 0.070s  Memory: 12430.00M
"enclosing" in: sky130A_mr.drc:1410
    Edge pairs: 0 (flat)  0 (hierarchical)
    Elapsed: 0.450s  Memory: 12838.00M
"output" in: sky130A_mr.drc:1410
    Edge pairs: 0 (flat)  0 (hierarchical)
    Elapsed: 0.080s  Memory: 12430.00M
"-" in: sky130A_mr.drc:1414
    Polygons (raw): 0 (flat)  0 (hierarchical)
    Elapsed: 0.350s  Memory: 12854.00M
"output" in: sky130A_mr.drc:1414
    Polygons (raw): 0 (flat)  0 (hierarchical)
    Elapsed: 0.070s  Memory: 12430.00M
"enclosing" in: sky130A_mr.drc:1417
    Edge pairs: 1361 (flat)  1361 (hierarchical)
    Elapsed: 0.450s  Memory: 12614.00M
"second_edges" in: sky130A_mr.drc:1417
    Edges: 1361 (flat)  1361 (hierarchical)
    Elapsed: 0.000s  Memory: 12430.00M
"width" in: sky130A_mr.drc:1419
    Edge pairs: 0 (flat)  0 (hierarchical)
    Elapsed: 0.290s  Memory: 12766.00M
"polygons" in: sky130A_mr.drc:1420
    Polygons (raw): 0 (flat)  0 (hierarchical)
    Elapsed: 0.000s  Memory: 12430.00M
"interacting" in: sky130A_mr.drc:1420
    Polygons (raw): 0 (flat)  0 (hierarchical)
    Elapsed: 0.060s  Memory: 12430.00M
"output" in: sky130A_mr.drc:1421
    Polygons (raw): 0 (flat)  0 (hierarchical)
    Elapsed: 0.090s  Memory: 12430.00M
END: 69/44 (via2)
START: 70/20 (m3)
"width" in: sky130A_mr.drc:1430
    Edge pairs: 0 (flat)  0 (hierarchical)
    Elapsed: 0.240s  Memory: 12430.00M
"output" in: sky130A_mr.drc:1430
    Edge pairs: 0 (flat)  0 (hierarchical)
    Elapsed: 0.070s  Memory: 12430.00M
"sized" in: sky130A_mr.drc:1432
    Polygons (raw): 0 (flat)  0 (hierarchical)
    Elapsed: 0.090s  Memory: 12430.00M
"sized" in: sky130A_mr.drc:1432
    Polygons (raw): 0 (flat)  0 (hierarchical)
    Elapsed: 0.060s  Memory: 12430.00M
"snap" in: sky130A_mr.drc:1432
    Polygons (raw): 0 (flat)  0 (hierarchical)
    Elapsed: 0.050s  Memory: 12430.00M
"&" in: sky130A_mr.drc:1432
    Polygons (raw): 0 (flat)  0 (hierarchical)
    Elapsed: 0.070s  Memory: 12430.00M
"edges" in: sky130A_mr.drc:1433
    Edges: 92894 (flat)  92894 (hierarchical)
    Elapsed: 0.000s  Memory: 12430.00M
"-" in: sky130A_mr.drc:1433
    Edges: 92894 (flat)  92894 (hierarchical)
    Elapsed: 0.050s  Memory: 12430.00M
"edges" in: sky130A_mr.drc:1434
    Edges: 0 (flat)  0 (hierarchical)
    Elapsed: 0.050s  Memory: 12430.00M
"merged" in: sky130A_mr.drc:1434
    Polygons (raw): 22320 (flat)  22320 (hierarchical)
    Elapsed: 0.000s  Memory: 12430.00M
"outside_part" in: sky130A_mr.drc:1434
    Edges: 0 (flat)  0 (hierarchical)
    Elapsed: 0.050s  Memory: 12430.00M
"space" in: sky130A_mr.drc:1436
    Edge pairs: 0 (flat)  0 (hierarchical)
    Elapsed: 0.240s  Memory: 12894.00M
"output" in: sky130A_mr.drc:1436
    Edge pairs: 0 (flat)  0 (hierarchical)
    Elapsed: 0.070s  Memory: 12366.00M
"separation" in: sky130A_mr.drc:1442
    Edge pairs: 0 (flat)  0 (hierarchical)
    Elapsed: 0.260s  Memory: 12782.00M
"space" in: sky130A_mr.drc:1443
    Edge pairs: 0 (flat)  0 (hierarchical)
    Elapsed: 0.160s  Memory: 12710.00M
"+" in: sky130A_mr.drc:1442
    Edge pairs: 0 (flat)  0 (hierarchical)
    Elapsed: 0.060s  Memory: 12366.00M
"output" in: sky130A_mr.drc:1444
    Edge pairs: 0 (flat)  0 (hierarchical)
    Elapsed: 0.060s  Memory: 12366.00M
"enclosing" in: sky130A_mr.drc:1452
    Edge pairs: 0 (flat)  0 (hierarchical)
    Elapsed: 0.420s  Memory: 12694.00M
"output" in: sky130A_mr.drc:1452
    Edge pairs: 0 (flat)  0 (hierarchical)
    Elapsed: 0.080s  Memory: 12366.00M
"-" in: sky130A_mr.drc:1456
    Polygons (raw): 0 (flat)  0 (hierarchical)
    Elapsed: 0.310s  Memory: 12758.00M
"output" in: sky130A_mr.drc:1456
    Polygons (raw): 0 (flat)  0 (hierarchical)
    Elapsed: 0.080s  Memory: 12366.00M
"with_area" in: sky130A_mr.drc:1458
    Polygons (raw): 0 (flat)  0 (hierarchical)
    Elapsed: 0.050s  Memory: 12366.00M
"output" in: sky130A_mr.drc:1458
    Polygons (raw): 0 (flat)  0 (hierarchical)
    Elapsed: 0.070s  Memory: 12366.00M
"holes" in: sky130A_mr.drc:1460
    Polygons (raw): 0 (flat)  0 (hierarchical)
    Elapsed: 0.010s  Memory: 12366.00M
"with_area" in: sky130A_mr.drc:1461
    Polygons (raw): 0 (flat)  0 (hierarchical)
    Elapsed: 0.060s  Memory: 12366.00M
"output" in: sky130A_mr.drc:1462
    Polygons (raw): 0 (flat)  0 (hierarchical)
    Elapsed: 0.070s  Memory: 12366.00M
END: 70/20 (m3)
START: 70/44 (via3)
"drc" in: sky130A_mr.drc:1469
    Polygons (raw): 0 (flat)  0 (hierarchical)
    Elapsed: 0.670s  Memory: 12734.00M
"-" in: sky130A_mr.drc:1470
    Polygons (raw): 153255 (flat)  153255 (hierarchical)
    Elapsed: 0.070s  Memory: 12366.00M
"-" in: sky130A_mr.drc:1475
    Polygons (raw): 153255 (flat)  153255 (hierarchical)
    Elapsed: 0.050s  Memory: 12366.00M
"non_rectangles" in: sky130A_mr.drc:1476
    Polygons (raw): 0 (flat)  0 (hierarchical)
    Elapsed: 0.460s  Memory: 12366.00M
"output" in: sky130A_mr.drc:1476
    Polygons (raw): 0 (flat)  0 (hierarchical)
    Elapsed: 0.080s  Memory: 12366.00M
"width" in: sky130A_mr.drc:1480
    Edge pairs: 0 (flat)  0 (hierarchical)
    Elapsed: 0.070s  Memory: 12366.00M
"output" in: sky130A_mr.drc:1480
    Edge pairs: 0 (flat)  0 (hierarchical)
    Elapsed: 0.070s  Memory: 12366.00M
"edges" in: sky130A_mr.drc:1485
    Edges: 613020 (flat)  613020 (hierarchical)
    Elapsed: 0.020s  Memory: 12366.00M
"without_length" in: sky130A_mr.drc:1486
    Edges: 0 (flat)  0 (hierarchical)
    Elapsed: 0.060s  Memory: 12366.00M
"output" in: sky130A_mr.drc:1487
    Edges: 0 (flat)  0 (hierarchical)
    Elapsed: 0.090s  Memory: 12366.00M
"space" in: sky130A_mr.drc:1489
    Edge pairs: 0 (flat)  0 (hierarchical)
    Elapsed: 0.310s  Memory: 12742.00M
"output" in: sky130A_mr.drc:1489
    Edge pairs: 0 (flat)  0 (hierarchical)
    Elapsed: 0.080s  Memory: 12366.00M
"enclosing" in: sky130A_mr.drc:1493
    Edge pairs: 0 (flat)  0 (hierarchical)
    Elapsed: 0.430s  Memory: 12734.00M
"output" in: sky130A_mr.drc:1493
    Edge pairs: 0 (flat)  0 (hierarchical)
    Elapsed: 0.070s  Memory: 12366.00M
"-" in: sky130A_mr.drc:1497
    Polygons (raw): 0 (flat)  0 (hierarchical)
    Elapsed: 0.320s  Memory: 12830.00M
"output" in: sky130A_mr.drc:1497
    Polygons (raw): 0 (flat)  0 (hierarchical)
    Elapsed: 0.070s  Memory: 12366.00M
"enclosing" in: sky130A_mr.drc:1503
    Edge pairs: 306562 (flat)  306562 (hierarchical)
    Elapsed: 0.850s  Memory: 12366.00M
"second_edges" in: sky130A_mr.drc:1503
    Edges: 306562 (flat)  306562 (hierarchical)
    Elapsed: 0.010s  Memory: 12366.00M
"width" in: sky130A_mr.drc:1505
    Edge pairs: 0 (flat)  0 (hierarchical)
    Elapsed: 0.650s  Memory: 12798.00M
"polygons" in: sky130A_mr.drc:1506
    Polygons (raw): 0 (flat)  0 (hierarchical)
    Elapsed: 0.010s  Memory: 12366.00M
"interacting" in: sky130A_mr.drc:1506
    Polygons (raw): 0 (flat)  0 (hierarchical)
    Elapsed: 0.050s  Memory: 12366.00M
"output" in: sky130A_mr.drc:1507
    Polygons (raw): 0 (flat)  0 (hierarchical)
    Elapsed: 0.070s  Memory: 12366.00M
END: 70/44 (via3)
START: 71/20 (m4)
"width" in: sky130A_mr.drc:1516
    Edge pairs: 0 (flat)  0 (hierarchical)
    Elapsed: 0.170s  Memory: 12366.00M
"output" in: sky130A_mr.drc:1516
    Edge pairs: 0 (flat)  0 (hierarchical)
    Elapsed: 0.080s  Memory: 12366.00M
"sized" in: sky130A_mr.drc:1518
    Polygons (raw): 146 (flat)  146 (hierarchical)
    Elapsed: 0.050s  Memory: 12366.00M
"sized" in: sky130A_mr.drc:1518
    Polygons (raw): 146 (flat)  146 (hierarchical)
    Elapsed: 0.050s  Memory: 12366.00M
"snap" in: sky130A_mr.drc:1518
    Polygons (raw): 146 (flat)  146 (hierarchical)
    Elapsed: 0.450s  Memory: 12318.00M
"&" in: sky130A_mr.drc:1518
    Polygons (raw): 146 (flat)  146 (hierarchical)
    Elapsed: 0.190s  Memory: 12542.00M
"edges" in: sky130A_mr.drc:1519
    Edges: 1216 (flat)  1216 (hierarchical)
    Elapsed: 0.000s  Memory: 12318.00M
"-" in: sky130A_mr.drc:1519
    Edges: 632 (flat)  632 (hierarchical)
    Elapsed: 0.150s  Memory: 12486.00M
"edges" in: sky130A_mr.drc:1520
    Edges: 584 (flat)  584 (hierarchical)
    Elapsed: 0.130s  Memory: 12318.00M
"merged" in: sky130A_mr.drc:1520
    Polygons (raw): 194 (flat)  194 (hierarchical)
    Elapsed: 0.030s  Memory: 12318.00M
"outside_part" in: sky130A_mr.drc:1520
    Edges: 584 (flat)  584 (hierarchical)
    Elapsed: 0.140s  Memory: 12494.00M
"space" in: sky130A_mr.drc:1522
    Edge pairs: 0 (flat)  0 (hierarchical)
    Elapsed: 0.320s  Memory: 12542.00M
"output" in: sky130A_mr.drc:1522
    Edge pairs: 0 (flat)  0 (hierarchical)
    Elapsed: 0.100s  Memory: 12318.00M
"with_area" in: sky130A_mr.drc:1527
    Polygons (raw): 0 (flat)  0 (hierarchical)
    Elapsed: 0.050s  Memory: 12318.00M
"output" in: sky130A_mr.drc:1527
    Polygons (raw): 0 (flat)  0 (hierarchical)
    Elapsed: 0.070s  Memory: 12318.00M
"separation" in: sky130A_mr.drc:1530
    Edge pairs: 0 (flat)  0 (hierarchical)
    Elapsed: 0.340s  Memory: 12614.00M
"space" in: sky130A_mr.drc:1531
    Edge pairs: 0 (flat)  0 (hierarchical)
    Elapsed: 0.160s  Memory: 12614.00M
"+" in: sky130A_mr.drc:1530
    Edge pairs: 0 (flat)  0 (hierarchical)
    Elapsed: 0.050s  Memory: 12318.00M
"output" in: sky130A_mr.drc:1532
    Edge pairs: 0 (flat)  0 (hierarchical)
    Elapsed: 0.070s  Memory: 12318.00M
"enclosing" in: sky130A_mr.drc:1540
    Edge pairs: 0 (flat)  0 (hierarchical)
    Elapsed: 0.610s  Memory: 12566.00M
"output" in: sky130A_mr.drc:1540
    Edge pairs: 0 (flat)  0 (hierarchical)
    Elapsed: 0.080s  Memory: 12318.00M
"-" in: sky130A_mr.drc:1544
    Polygons (raw): 0 (flat)  0 (hierarchical)
    Elapsed: 0.320s  Memory: 12726.00M
"output" in: sky130A_mr.drc:1544
    Polygons (raw): 0 (flat)  0 (hierarchical)
    Elapsed: 0.080s  Memory: 12318.00M
"holes" in: sky130A_mr.drc:1547
    Polygons (raw): 0 (flat)  0 (hierarchical)
    Elapsed: 0.000s  Memory: 12318.00M
"with_area" in: sky130A_mr.drc:1548
    Polygons (raw): 0 (flat)  0 (hierarchical)
    Elapsed: 0.050s  Memory: 12318.00M
"output" in: sky130A_mr.drc:1549
    Polygons (raw): 0 (flat)  0 (hierarchical)
    Elapsed: 0.070s  Memory: 12318.00M
END: 71/20 (m4)
START: 71/44 (via4)
"drc" in: sky130A_mr.drc:1555
    Polygons (raw): 0 (flat)  0 (hierarchical)
    Elapsed: 0.290s  Memory: 12718.00M
"-" in: sky130A_mr.drc:1556
    Polygons (raw): 12560 (flat)  12560 (hierarchical)
    Elapsed: 0.050s  Memory: 12318.00M
"-" in: sky130A_mr.drc:1561
    Polygons (raw): 12560 (flat)  12560 (hierarchical)
    Elapsed: 0.050s  Memory: 12318.00M
"non_rectangles" in: sky130A_mr.drc:1562
    Polygons (raw): 0 (flat)  0 (hierarchical)
    Elapsed: 0.170s  Memory: 12318.00M
"output" in: sky130A_mr.drc:1562
    Polygons (raw): 0 (flat)  0 (hierarchical)
    Elapsed: 0.070s  Memory: 12318.00M
"width" in: sky130A_mr.drc:1566
    Edge pairs: 0 (flat)  0 (hierarchical)
    Elapsed: 0.240s  Memory: 12318.00M
"output" in: sky130A_mr.drc:1566
    Edge pairs: 0 (flat)  0 (hierarchical)
    Elapsed: 0.080s  Memory: 12318.00M
"drc" in: sky130A_mr.drc:1570
    Edges: 0 (flat)  0 (hierarchical)
    Elapsed: 0.160s  Memory: 12646.00M
"output" in: sky130A_mr.drc:1570
    Edges: 0 (flat)  0 (hierarchical)
    Elapsed: 0.080s  Memory: 12318.00M
"space" in: sky130A_mr.drc:1576
    Edge pairs: 0 (flat)  0 (hierarchical)
    Elapsed: 0.180s  Memory: 12614.00M
"polygons" in: sky130A_mr.drc:1577
    Polygons (raw): 0 (flat)  0 (hierarchical)
    Elapsed: 0.010s  Memory: 12318.00M
"output" in: sky130A_mr.drc:1578
    Polygons (raw): 0 (flat)  0 (hierarchical)
    Elapsed: 0.070s  Memory: 12318.00M
"width" in: sky130A_mr.drc:1581
    Edge pairs: 0 (flat)  0 (hierarchical)
    Elapsed: 0.050s  Memory: 12318.00M
"output" in: sky130A_mr.drc:1581
    Edge pairs: 0 (flat)  0 (hierarchical)
    Elapsed: 0.070s  Memory: 12318.00M
"drc" in: sky130A_mr.drc:1585
    Edge pairs: 0 (flat)  0 (hierarchical)
    Elapsed: 0.280s  Memory: 12438.00M
"output" in: sky130A_mr.drc:1585
    Edge pairs: 0 (flat)  0 (hierarchical)
    Elapsed: 0.080s  Memory: 12318.00M
"-" in: sky130A_mr.drc:1589
    Polygons (raw): 0 (flat)  0 (hierarchical)
    Elapsed: 0.050s  Memory: 12318.00M
"output" in: sky130A_mr.drc:1589
    Polygons (raw): 0 (flat)  0 (hierarchical)
    Elapsed: 0.070s  Memory: 12318.00M
"enclosing" in: sky130A_mr.drc:1595
    Edge pairs: 0 (flat)  0 (hierarchical)
    Elapsed: 0.200s  Memory: 12598.00M
"output" in: sky130A_mr.drc:1595
    Edge pairs: 0 (flat)  0 (hierarchical)
    Elapsed: 0.080s  Memory: 12318.00M
"-" in: sky130A_mr.drc:1599
    Polygons (raw): 0 (flat)  0 (hierarchical)
    Elapsed: 0.150s  Memory: 12670.00M
"output" in: sky130A_mr.drc:1599
    Polygons (raw): 0 (flat)  0 (hierarchical)
    Elapsed: 0.080s  Memory: 12318.00M
END: 71/44 (via4)
START: 72/20 (m5)
"width" in: sky130A_mr.drc:1604
    Edge pairs: 0 (flat)  0 (hierarchical)
    Elapsed: 0.220s  Memory: 12318.00M
"output" in: sky130A_mr.drc:1604
    Edge pairs: 0 (flat)  0 (hierarchical)
    Elapsed: 0.070s  Memory: 12318.00M
"space" in: sky130A_mr.drc:1606
    Edge pairs: 0 (flat)  0 (hierarchical)
    Elapsed: 0.150s  Memory: 12670.00M
"output" in: sky130A_mr.drc:1606
    Edge pairs: 0 (flat)  0 (hierarchical)
    Elapsed: 0.080s  Memory: 12318.00M
"enclosing" in: sky130A_mr.drc:1608
    Edge pairs: 0 (flat)  0 (hierarchical)
    Elapsed: 0.210s  Memory: 12510.00M
"output" in: sky130A_mr.drc:1608
    Edge pairs: 0 (flat)  0 (hierarchical)
    Elapsed: 0.070s  Memory: 12318.00M
"-" in: sky130A_mr.drc:1612
    Polygons (raw): 0 (flat)  0 (hierarchical)
    Elapsed: 0.130s  Memory: 12718.00M
"output" in: sky130A_mr.drc:1612
    Polygons (raw): 0 (flat)  0 (hierarchical)
    Elapsed: 0.080s  Memory: 12318.00M
"with_area" in: sky130A_mr.drc:1619
    Polygons (raw): 0 (flat)  0 (hierarchical)
    Elapsed: 0.060s  Memory: 12318.00M
"output" in: sky130A_mr.drc:1619
    Polygons (raw): 0 (flat)  0 (hierarchical)
    Elapsed: 0.070s  Memory: 12318.00M
"holes" in: sky130A_mr.drc:1621
    Polygons (raw): 0 (flat)  0 (hierarchical)
    Elapsed: 0.010s  Memory: 12318.00M
"with_area" in: sky130A_mr.drc:1622
    Polygons (raw): 0 (flat)  0 (hierarchical)
    Elapsed: 0.050s  Memory: 12318.00M
"output" in: sky130A_mr.drc:1623
    Polygons (raw): 0 (flat)  0 (hierarchical)
    Elapsed: 0.070s  Memory: 12318.00M
END: 72/20 (m5)
START: 76/20 (pad)
"space" in: sky130A_mr.drc:1628
    Edge pairs: 0 (flat)  0 (hierarchical)
    Elapsed: 0.050s  Memory: 12318.00M
"output" in: sky130A_mr.drc:1628
    Edge pairs: 0 (flat)  0 (hierarchical)
    Elapsed: 0.080s  Memory: 12318.00M
END: 76/20 (pad)
START: 81/10 (moduleCut)
"output" in: sky130A_mr.drc:1634
    Polygons (raw): 0 (flat)  0 (hierarchical)
    Elapsed: 0.060s  Memory: 12318.00M
END: 81/10 (moduleCut)
Writing report database: /home/baungarten/Desktop/lacerta_march/precheck_results/30_APR_2026___11_20_10/outputs/reports/klayout_beol_check.xml ..
Total elapsed: 743.160s  Memory: 11773.00M
Args:
	sram_exclude: false
	feol: false
	beol: true
	floating_met: false
	offgrid: false
	seal: 
 
Cell exclusion list:
   rule    | cell
   nwell.6 | sky130_fd_io__gpiov2_amux, sky130_fd_io__simple_pad_and_busses
 
release 2025.11.17_01.10
