Clock: clk
Sources: clk 
Generated: no
Virtual: yes
Propagated: no
Period: 10.000000

===========================================================================
report_clock_properties
============================================================================
Clock                   Period          Waveform
----------------------------------------------------
clk                  10.000000    0.000000  5.000000

===========================================================================
report_clock_latency
============================================================================
Clock clk
rise -> rise
    min     max
0.000000 0.000000 source latency
0.602910         network latency _3276_/CLK
        0.637530 network latency _3241_/CLK
---------------
0.602910 0.637530 latency
        0.034620 skew

fall -> fall
    min     max
0.000000 0.000000 source latency
0.578077         network latency _3276_/CLK
        0.603769 network latency _3241_/CLK
---------------
0.578077 0.603769 latency
        0.025693 skew



===========================================================================
report_clock_min_period
============================================================================
clk period_min = 5.13 fmax = 194.92
