
===========================================================================
 report_power
============================================================================
======================= min_tt_025C_1v80 Corner ===================================

Group                    Internal    Switching      Leakage        Total
                            Power        Power        Power        Power (Watts)
------------------------------------------------------------------------
Sequential           2.624158e-03 1.912306e-04 8.175020e-09 2.815396e-03  34.8%
Combinational        1.310166e-03 1.342163e-03 1.556400e-08 2.652345e-03  32.8%
Clock                1.499076e-03 1.126896e-03 2.051057e-09 2.625974e-03  32.4%
Macro                0.000000e+00 0.000000e+00 0.000000e+00 0.000000e+00   0.0%
Pad                  0.000000e+00 0.000000e+00 0.000000e+00 0.000000e+00   0.0%
------------------------------------------------------------------------
Total                5.433407e-03 2.660290e-03 2.579031e-08 8.093722e-03 100.0%
                            67.1%        32.9%         0.0%

