
===========================================================================
report_checks -unconstrained
===========================================================================
======================= nom_ss_100C_1v60 Corner ===================================

Startpoint: wb_rst_i (input port clocked by clk)
Endpoint: _24400_ (recovery check against rising-edge clock clk)
Path Group: asynchronous
Path Type: max

Fanout         Cap        Slew       Delay        Time   Description
---------------------------------------------------------------------------------------------
                                  0.000000    0.000000   clock clk (rise edge)
                                  5.570000    5.570000   clock network delay (propagated)
                                 10.000000   15.570001 v input external delay
     1    0.003073    0.000000    0.000000   15.570001 v wb_rst_i (in)
                                                         wb_rst_i (net)
                      0.000084    0.000043   15.570044 v input10/A (sky130_fd_sc_hd__clkbuf_4)
     1    0.055223    0.207274    0.339822   15.909866 v input10/X (sky130_fd_sc_hd__clkbuf_4)
                                                         net10 (net)
                      0.208287    0.011806   15.921672 v fanout2671/A (sky130_fd_sc_hd__buf_12)
     6    0.282135    0.234714    0.427615   16.349287 v fanout2671/X (sky130_fd_sc_hd__buf_12)
                                                         net2671 (net)
                      0.292638    0.090001   16.439287 v fanout2670/A (sky130_fd_sc_hd__clkbuf_16)
     8    0.178393    0.210906    0.480462   16.919750 v fanout2670/X (sky130_fd_sc_hd__clkbuf_16)
                                                         net2670 (net)
                      0.213095    0.017810   16.937559 v fanout2658/A (sky130_fd_sc_hd__buf_4)
     5    0.083012    0.201844    0.451559   17.389118 v fanout2658/X (sky130_fd_sc_hd__buf_4)
                                                         net2658 (net)
                      0.201888    0.003102   17.392220 v fanout2641/A (sky130_fd_sc_hd__buf_2)
     5    0.043174    0.201437    0.434186   17.826406 v fanout2641/X (sky130_fd_sc_hd__buf_2)
                                                         net2641 (net)
                      0.201437    0.000508   17.826914 v fanout2636/A (sky130_fd_sc_hd__clkbuf_4)
     5    0.049857    0.188258    0.424977   18.251892 v fanout2636/X (sky130_fd_sc_hd__clkbuf_4)
                                                         net2636 (net)
                      0.188347    0.003853   18.255745 v fanout2635/A (sky130_fd_sc_hd__clkbuf_8)
    10    0.069163    0.145867    0.383244   18.638988 v fanout2635/X (sky130_fd_sc_hd__clkbuf_8)
                                                         net2635 (net)
                      0.145871    0.001197   18.640184 v fanout2634/A (sky130_fd_sc_hd__buf_4)
    10    0.064836    0.163600    0.392298   19.032482 v fanout2634/X (sky130_fd_sc_hd__buf_4)
                                                         net2634 (net)
                      0.163641    0.002464   19.034946 v _21208_/A (sky130_fd_sc_hd__inv_2)
     1    0.004009    0.060139    0.108686   19.143633 ^ _21208_/Y (sky130_fd_sc_hd__inv_2)
                                                         _00548_ (net)
                      0.060139    0.000052   19.143684 ^ _24400_/RESET_B (sky130_fd_sc_hd__dfrtp_1)
                                             19.143684   data arrival time

                                 20.000000   20.000000   clock clk (rise edge)
                                  4.650000   24.650000   clock source latency
     2    0.161016    0.610000    0.000000   24.650000 ^ wb_clk_i (in)
                                                         wb_clk_i (net)
                      0.772465    0.081233   24.731234 ^ clkbuf_0_wb_clk_i/A (sky130_fd_sc_hd__clkbuf_16)
     2    0.091237    0.171843    0.578805   25.310038 ^ clkbuf_0_wb_clk_i/X (sky130_fd_sc_hd__clkbuf_16)
                                                         clknet_0_wb_clk_i (net)
                      0.172549    0.009504   25.319540 ^ clkbuf_1_1_0_wb_clk_i/A (sky130_fd_sc_hd__clkbuf_8)
     5    0.129869    0.349956    0.482604   25.802145 ^ clkbuf_1_1_0_wb_clk_i/X (sky130_fd_sc_hd__clkbuf_8)
                                                         clknet_1_1_0_wb_clk_i (net)
                      0.350825    0.014330   25.816475 ^ clkbuf_3_6_0_wb_clk_i/A (sky130_fd_sc_hd__clkbuf_8)
     5    0.078097    0.225153    0.465912   26.282387 ^ clkbuf_3_6_0_wb_clk_i/X (sky130_fd_sc_hd__clkbuf_8)
                                                         clknet_3_6_0_wb_clk_i (net)
                      0.226389    0.012728   26.295115 ^ clkbuf_5_27_0_wb_clk_i/A (sky130_fd_sc_hd__clkbuf_8)
     4    0.075380    0.215882    0.412966   26.708080 ^ clkbuf_5_27_0_wb_clk_i/X (sky130_fd_sc_hd__clkbuf_8)
                                                         clknet_5_27_0_wb_clk_i (net)
                      0.216090    0.006015   26.714094 ^ clkbuf_7_111__f_wb_clk_i/A (sky130_fd_sc_hd__clkbuf_16)
    10    0.082525    0.151543    0.362654   27.076748 ^ clkbuf_7_111__f_wb_clk_i/X (sky130_fd_sc_hd__clkbuf_16)
                                                         clknet_7_111__leaf_wb_clk_i (net)
                      0.151559    0.001721   27.078470 ^ clkbuf_leaf_535_wb_clk_i/A (sky130_fd_sc_hd__clkbuf_8)
     4    0.014516    0.071074    0.260654   27.339125 ^ clkbuf_leaf_535_wb_clk_i/X (sky130_fd_sc_hd__clkbuf_8)
                                                         clknet_leaf_535_wb_clk_i (net)
                      0.071074    0.000250   27.339375 ^ _24400_/CLK (sky130_fd_sc_hd__dfrtp_1)
                                 -0.250000   27.089375   clock uncertainty
                                  0.000000   27.089375   clock reconvergence pessimism
                                  0.466592   27.555967   library recovery time
                                             27.555967   data required time
---------------------------------------------------------------------------------------------
                                             27.555967   data required time
                                            -19.143684   data arrival time
---------------------------------------------------------------------------------------------
                                              8.412283   slack (MET)


Startpoint: wbs_adr_i[22] (input port clocked by clk)
Endpoint: _24989_ (rising edge-triggered flip-flop clocked by clk)
Path Group: clk
Path Type: max

Fanout         Cap        Slew       Delay        Time   Description
---------------------------------------------------------------------------------------------
                                  0.000000    0.000000   clock clk (rise edge)
                                  5.570000    5.570000   clock network delay (propagated)
                                  3.890000    9.460000 v input external delay
     1    0.003721    0.920000    0.000000    9.460000 v wbs_adr_i[22] (in)
                                                         wbs_adr_i[22] (net)
                      0.920125    0.000062    9.460062 v hold13/A (sky130_fd_sc_hd__dlygate4sd3_1)
     1    0.002596    0.104585    1.502847   10.962909 v hold13/X (sky130_fd_sc_hd__dlygate4sd3_1)
                                                         net2850 (net)
                      0.104585    0.000054   10.962963 v input25/A (sky130_fd_sc_hd__clkbuf_1)
     1    0.002511    0.047586    0.173428   11.136392 v input25/X (sky130_fd_sc_hd__clkbuf_1)
                                                         net25 (net)
                      0.047586    0.000070   11.136462 v hold14/A (sky130_fd_sc_hd__dlygate4sd3_1)
     2    0.006232    0.139413    1.161494   12.297956 v hold14/X (sky130_fd_sc_hd__dlygate4sd3_1)
                                                         net2851 (net)
                      0.139413    0.000131   12.298087 v _19445_/A (sky130_fd_sc_hd__nor4_1)
     1    0.002633    0.368537    0.488446   12.786533 ^ _19445_/Y (sky130_fd_sc_hd__nor4_1)
                                                         _11187_ (net)
                      0.368537    0.000078   12.786612 ^ hold15/A (sky130_fd_sc_hd__dlygate4sd3_1)
     1    0.009170    0.177693    1.229747   14.016358 ^ hold15/X (sky130_fd_sc_hd__dlygate4sd3_1)
                                                         net2852 (net)
                      0.177693    0.000268   14.016626 ^ _19449_/B (sky130_fd_sc_hd__nand4b_4)
     2    0.022894    0.277479    0.330266   14.346893 v _19449_/Y (sky130_fd_sc_hd__nand4b_4)
                                                         _11191_ (net)
                      0.277479    0.000966   14.347859 v hold48/A (sky130_fd_sc_hd__dlygate4sd3_1)
     1    0.005643    0.134396    1.265254   15.613113 v hold48/X (sky130_fd_sc_hd__dlygate4sd3_1)
                                                         net2885 (net)
                      0.134396    0.000165   15.613278 v hold16/A (sky130_fd_sc_hd__dlygate4sd3_1)
     2    0.018803    0.245010    1.325033   16.938311 v hold16/X (sky130_fd_sc_hd__dlygate4sd3_1)
                                                         net2853 (net)
                      0.245010    0.000384   16.938694 v hold49/A (sky130_fd_sc_hd__dlygate4sd3_1)
     1    0.004847    0.129040    1.240304   18.178999 v hold49/X (sky130_fd_sc_hd__dlygate4sd3_1)
                                                         net2886 (net)
                      0.129040    0.000190   18.179188 v fanout819/A (sky130_fd_sc_hd__clkbuf_4)
     5    0.058941    0.217375    0.411868   18.591057 v fanout819/X (sky130_fd_sc_hd__clkbuf_4)
                                                         net819 (net)
                      0.217947    0.009150   18.600206 v _20369_/B (sky130_fd_sc_hd__nor4b_1)
     1    0.002997    0.425696    0.553751   19.153957 ^ _20369_/Y (sky130_fd_sc_hd__nor4b_1)
                                                         _11441_ (net)
                      0.425696    0.000096   19.154053 ^ hold50/A (sky130_fd_sc_hd__dlygate4sd3_1)
     2    0.006718    0.144302    1.218620   20.372673 ^ hold50/X (sky130_fd_sc_hd__dlygate4sd3_1)
                                                         net2887 (net)
                      0.144302    0.000146   20.372818 ^ wire604/A (sky130_fd_sc_hd__buf_1)
     1    0.006852    0.144338    0.234767   20.607586 ^ wire604/X (sky130_fd_sc_hd__buf_1)
                                                         net604 (net)
                      0.144338    0.000286   20.607872 ^ hold51/A (sky130_fd_sc_hd__dlygate4sd3_1)
     1    0.007101    0.149414    1.127368   21.735241 ^ hold51/X (sky130_fd_sc_hd__dlygate4sd3_1)
                                                         net2888 (net)
                      0.149414    0.000320   21.735559 ^ fanout603/A (sky130_fd_sc_hd__buf_2)
     5    0.027154    0.219498    0.342839   22.078398 ^ fanout603/X (sky130_fd_sc_hd__buf_2)
                                                         net603 (net)
                      0.219498    0.000819   22.079218 ^ hold52/A (sky130_fd_sc_hd__dlygate4sd3_1)
     6    0.022706    0.365817    1.329630   23.408848 ^ hold52/X (sky130_fd_sc_hd__dlygate4sd3_1)
                                                         net2889 (net)
                      0.365817    0.000906   23.409754 ^ _20419_/B (sky130_fd_sc_hd__or2_1)
     1    0.001722    0.055830    0.261259   23.671013 ^ _20419_/X (sky130_fd_sc_hd__or2_1)
                                                         _11467_ (net)
                      0.055830    0.000032   23.671045 ^ hold53/A (sky130_fd_sc_hd__dlygate4sd3_1)
     1    0.003284    0.097454    1.042073   24.713118 ^ hold53/X (sky130_fd_sc_hd__dlygate4sd3_1)
                                                         net2890 (net)
                      0.097454    0.000101   24.713219 ^ _20420_/C1 (sky130_fd_sc_hd__o211a_1)
     1    0.001970    0.076415    0.273713   24.986933 ^ _20420_/X (sky130_fd_sc_hd__o211a_1)
                                                         _04174_ (net)
                      0.076415    0.000055   24.986988 ^ hold54/A (sky130_fd_sc_hd__dlygate4sd3_1)
     1    0.001907    0.081597    1.029933   26.016920 ^ hold54/X (sky130_fd_sc_hd__dlygate4sd3_1)
                                                         net2891 (net)
                      0.081597    0.000037   26.016958 ^ _24989_/D (sky130_fd_sc_hd__dfxtp_1)
                                             26.016958   data arrival time

                                 20.000000   20.000000   clock clk (rise edge)
                                  4.650000   24.650000   clock source latency
     2    0.161016    0.610000    0.000000   24.650000 ^ wb_clk_i (in)
                                                         wb_clk_i (net)
                      0.772465    0.081233   24.731234 ^ clkbuf_0_wb_clk_i/A (sky130_fd_sc_hd__clkbuf_16)
     2    0.091237    0.171843    0.578805   25.310038 ^ clkbuf_0_wb_clk_i/X (sky130_fd_sc_hd__clkbuf_16)
                                                         clknet_0_wb_clk_i (net)
                      0.173055    0.010600   25.320637 ^ clkbuf_1_0_0_wb_clk_i/A (sky130_fd_sc_hd__clkbuf_8)
     4    0.132573    0.356571    0.489358   25.809996 ^ clkbuf_1_0_0_wb_clk_i/X (sky130_fd_sc_hd__clkbuf_8)
                                                         clknet_1_0_0_wb_clk_i (net)
                      0.358077    0.018805   25.828800 ^ clkbuf_3_0_0_wb_clk_i/A (sky130_fd_sc_hd__clkbuf_8)
     4    0.081503    0.233644    0.475083   26.303883 ^ clkbuf_3_0_0_wb_clk_i/X (sky130_fd_sc_hd__clkbuf_8)
                                                         clknet_3_0_0_wb_clk_i (net)
                      0.234914    0.013209   26.317091 ^ clkbuf_5_1_0_wb_clk_i/A (sky130_fd_sc_hd__clkbuf_8)
     4    0.081196    0.230281    0.426313   26.743404 ^ clkbuf_5_1_0_wb_clk_i/X (sky130_fd_sc_hd__clkbuf_8)
                                                         clknet_5_1_0_wb_clk_i (net)
                      0.230494    0.006317   26.749722 ^ clkbuf_7_7__f_wb_clk_i/A (sky130_fd_sc_hd__clkbuf_16)
     9    0.075065    0.141264    0.360188   27.109909 ^ clkbuf_7_7__f_wb_clk_i/X (sky130_fd_sc_hd__clkbuf_16)
                                                         clknet_7_7__leaf_wb_clk_i (net)
                      0.141374    0.003599   27.113508 ^ clkbuf_leaf_980_wb_clk_i/A (sky130_fd_sc_hd__clkbuf_8)
     4    0.014628    0.071299    0.256176   27.369684 ^ clkbuf_leaf_980_wb_clk_i/X (sky130_fd_sc_hd__clkbuf_8)
                                                         clknet_leaf_980_wb_clk_i (net)
                      0.071299    0.000352   27.370035 ^ _24989_/CLK (sky130_fd_sc_hd__dfxtp_1)
                                 -0.250000   27.120037   clock uncertainty
                                  0.000000   27.120037   clock reconvergence pessimism
                                 -0.131164   26.988873   library setup time
                                             26.988873   data required time
---------------------------------------------------------------------------------------------
                                             26.988873   data required time
                                            -26.016958   data arrival time
---------------------------------------------------------------------------------------------
                                              0.971914   slack (MET)




===========================================================================
report_checks --slack_max -0.01
============================================================================
======================= nom_ss_100C_1v60 Corner ===================================

No paths found.


===========================================================================
 report_check_types -max_slew -max_cap -max_fanout -violators
============================================================================
======================= nom_ss_100C_1v60 Corner ===================================

max slew

Pin                                        Limit        Slew       Slack
------------------------------------------------------------------------
hold4742/X                              1.498918    1.764717   -0.265799 (VIOLATED)
_18800_/A1                              1.500000    1.764850   -0.264850 (VIOLATED)
_18823_/A1                              1.500000    1.764837   -0.264837 (VIOLATED)
_18774_/A1                              1.500000    1.764819   -0.264819 (VIOLATED)
_18846_/A1                              1.500000    1.764798   -0.264798 (VIOLATED)
_18908_/A1                              1.500000    1.764740   -0.264740 (VIOLATED)
_18872_/A1                              1.500000    1.764738   -0.264738 (VIOLATED)
_18704_/A1                              1.500000    1.764729   -0.264729 (VIOLATED)
_18739_/A1                              1.500000    1.764717   -0.264717 (VIOLATED)
hold2902/X                              1.498918    1.561499   -0.062581 (VIOLATED)
_18587_/B1                              1.500000    1.561563   -0.061563 (VIOLATED)
_18031_/A1                              1.500000    1.561550   -0.061551 (VIOLATED)
_16921_/A1                              1.500000    1.561520   -0.061520 (VIOLATED)
_11773_/A                               1.500000    1.561504   -0.061504 (VIOLATED)
_16823_/A                               1.500000    1.561504   -0.061504 (VIOLATED)

max fanout

Pin                                   Limit Fanout  Slack
---------------------------------------------------------
fanout1987/X                             10     15     -5 (VIOLATED)
clkbuf_7_20__f_wb_clk_i/X                10     13     -3 (VIOLATED)
clkbuf_7_21__f_wb_clk_i/X                10     13     -3 (VIOLATED)
clkbuf_7_32__f_wb_clk_i/X                10     13     -3 (VIOLATED)
clkbuf_7_42__f_wb_clk_i/X                10     13     -3 (VIOLATED)
clkbuf_7_47__f_wb_clk_i/X                10     13     -3 (VIOLATED)
fanout1981/X                             10     13     -3 (VIOLATED)
fanout1983/X                             10     13     -3 (VIOLATED)
fanout1985/X                             10     13     -3 (VIOLATED)
fanout1991/X                             10     13     -3 (VIOLATED)
fanout1993/X                             10     13     -3 (VIOLATED)
fanout2008/X                             10     13     -3 (VIOLATED)
input2/X                                 10     13     -3 (VIOLATED)
input3/X                                 10     13     -3 (VIOLATED)
input4/X                                 10     13     -3 (VIOLATED)
input5/X                                 10     13     -3 (VIOLATED)
input6/X                                 10     13     -3 (VIOLATED)
input7/X                                 10     13     -3 (VIOLATED)
_13705_/X                                10     12     -2 (VIOLATED)
_18661_/X                                10     12     -2 (VIOLATED)
clkbuf_7_0__f_wb_clk_i/X                 10     12     -2 (VIOLATED)
clkbuf_7_1__f_wb_clk_i/X                 10     12     -2 (VIOLATED)
clkbuf_7_41__f_wb_clk_i/X                10     12     -2 (VIOLATED)
clkbuf_7_43__f_wb_clk_i/X                10     12     -2 (VIOLATED)
clkbuf_7_44__f_wb_clk_i/X                10     12     -2 (VIOLATED)
clkbuf_7_54__f_wb_clk_i/X                10     12     -2 (VIOLATED)
clkbuf_7_95__f_wb_clk_i/X                10     12     -2 (VIOLATED)
fanout1040/X                             10     12     -2 (VIOLATED)
fanout1781/X                             10     12     -2 (VIOLATED)
fanout1949/X                             10     12     -2 (VIOLATED)
fanout1977/X                             10     12     -2 (VIOLATED)
fanout2013/X                             10     12     -2 (VIOLATED)
fanout2041/X                             10     12     -2 (VIOLATED)
fanout2042/X                             10     12     -2 (VIOLATED)
fanout2207/X                             10     12     -2 (VIOLATED)
fanout2595/X                             10     12     -2 (VIOLATED)
fanout795/X                              10     12     -2 (VIOLATED)
hold4422/X                               10     12     -2 (VIOLATED)
input1/X                                 10     12     -2 (VIOLATED)
max_cap1954/X                            10     12     -2 (VIOLATED)
max_cap1955/X                            10     12     -2 (VIOLATED)
max_cap1956/X                            10     12     -2 (VIOLATED)
max_cap1957/X                            10     12     -2 (VIOLATED)
max_cap1959/X                            10     12     -2 (VIOLATED)
_24002_/Q                                10     11        (VIOLATED)
clkbuf_7_120__f_wb_clk_i/X               10     11        (VIOLATED)
clkbuf_7_122__f_wb_clk_i/X               10     11        (VIOLATED)
clkbuf_7_123__f_wb_clk_i/X               10     11        (VIOLATED)
clkbuf_7_124__f_wb_clk_i/X               10     11        (VIOLATED)
clkbuf_7_126__f_wb_clk_i/X               10     11        (VIOLATED)
clkbuf_7_35__f_wb_clk_i/X                10     11        (VIOLATED)
clkbuf_7_39__f_wb_clk_i/X                10     11        (VIOLATED)
clkbuf_7_48__f_wb_clk_i/X                10     11        (VIOLATED)
clkbuf_7_50__f_wb_clk_i/X                10     11        (VIOLATED)
clkbuf_7_96__f_wb_clk_i/X                10     11        (VIOLATED)
fanout1030/X                             10     11        (VIOLATED)
fanout1032/X                             10     11        (VIOLATED)
fanout1034/X                             10     11        (VIOLATED)
fanout1036/X                             10     11        (VIOLATED)
fanout1084/X                             10     11        (VIOLATED)
fanout1126/X                             10     11        (VIOLATED)
fanout1140/X                             10     11        (VIOLATED)
fanout1263/X                             10     11        (VIOLATED)
fanout1329/X                             10     11        (VIOLATED)
fanout1342/X                             10     11        (VIOLATED)
fanout1360/X                             10     11        (VIOLATED)
fanout1403/X                             10     11        (VIOLATED)
fanout1413/X                             10     11        (VIOLATED)
fanout1441/X                             10     11        (VIOLATED)
fanout1455/X                             10     11        (VIOLATED)
fanout1481/X                             10     11        (VIOLATED)
fanout1483/X                             10     11        (VIOLATED)
fanout1691/X                             10     11        (VIOLATED)
fanout1741/X                             10     11        (VIOLATED)
fanout1898/X                             10     11        (VIOLATED)
fanout1978/X                             10     11        (VIOLATED)
fanout1992/X                             10     11        (VIOLATED)
fanout2009/X                             10     11        (VIOLATED)
fanout2012/X                             10     11        (VIOLATED)
fanout2038/X                             10     11        (VIOLATED)
fanout2067/X                             10     11        (VIOLATED)
fanout2081/X                             10     11        (VIOLATED)
fanout2123/X                             10     11        (VIOLATED)
fanout2128/X                             10     11        (VIOLATED)
fanout2135/X                             10     11        (VIOLATED)
fanout2137/X                             10     11        (VIOLATED)
fanout2138/X                             10     11        (VIOLATED)
fanout2149/X                             10     11        (VIOLATED)
fanout2226/X                             10     11        (VIOLATED)
fanout767/X                              10     11        (VIOLATED)
fanout787/X                              10     11        (VIOLATED)
fanout791/X                              10     11        (VIOLATED)
max_cap1961/X                            10     11        (VIOLATED)

max capacitance

Pin                                        Limit         Cap       Slack
------------------------------------------------------------------------
hold4742/X                              0.100718    0.119231   -0.018513 (VIOLATED)
hold2902/X                              0.100718    0.105444   -0.004726 (VIOLATED)



===========================================================================
report_parasitic_annotation -report_unannotated
============================================================================
Found 1427 unannotated drivers.
 analog_io[0]
 analog_io[10]
 analog_io[11]
 analog_io[12]
 analog_io[13]
 analog_io[14]
 analog_io[15]
 analog_io[16]
 analog_io[17]
 analog_io[18]
 analog_io[19]
 analog_io[1]
 analog_io[20]
 analog_io[21]
 analog_io[22]
 analog_io[23]
 analog_io[24]
 analog_io[25]
 analog_io[26]
 analog_io[27]
 analog_io[28]
 analog_io[2]
 analog_io[3]
 analog_io[4]
 analog_io[5]
 analog_io[6]
 analog_io[7]
 analog_io[8]
 analog_io[9]
 io_in[0]
 io_in[10]
 io_in[11]
 io_in[12]
 io_in[13]
 io_in[14]
 io_in[15]
 io_in[16]
 io_in[17]
 io_in[18]
 io_in[19]
 io_in[1]
 io_in[20]
 io_in[21]
 io_in[22]
 io_in[2]
 io_in[31]
 io_in[32]
 io_in[33]
 io_in[34]
 io_in[35]
 io_in[36]
 io_in[37]
 io_in[3]
 io_in[4]
 io_in[6]
 io_in[7]
 io_in[8]
 io_in[9]
 la_data_in[0]
 la_data_in[100]
 la_data_in[101]
 la_data_in[102]
 la_data_in[103]
 la_data_in[104]
 la_data_in[105]
 la_data_in[106]
 la_data_in[107]
 la_data_in[108]
 la_data_in[109]
 la_data_in[10]
 la_data_in[110]
 la_data_in[111]
 la_data_in[112]
 la_data_in[113]
 la_data_in[114]
 la_data_in[115]
 la_data_in[116]
 la_data_in[117]
 la_data_in[118]
 la_data_in[119]
 la_data_in[11]
 la_data_in[120]
 la_data_in[121]
 la_data_in[122]
 la_data_in[123]
 la_data_in[124]
 la_data_in[125]
 la_data_in[126]
 la_data_in[127]
 la_data_in[12]
 la_data_in[13]
 la_data_in[14]
 la_data_in[15]
 la_data_in[16]
 la_data_in[17]
 la_data_in[18]
 la_data_in[19]
 la_data_in[1]
 la_data_in[20]
 la_data_in[21]
 la_data_in[22]
 la_data_in[23]
 la_data_in[24]
 la_data_in[25]
 la_data_in[26]
 la_data_in[27]
 la_data_in[28]
 la_data_in[29]
 la_data_in[2]
 la_data_in[30]
 la_data_in[31]
 la_data_in[32]
 la_data_in[33]
 la_data_in[34]
 la_data_in[35]
 la_data_in[36]
 la_data_in[37]
 la_data_in[38]
 la_data_in[39]
 la_data_in[3]
 la_data_in[40]
 la_data_in[41]
 la_data_in[42]
 la_data_in[43]
 la_data_in[44]
 la_data_in[45]
 la_data_in[46]
 la_data_in[47]
 la_data_in[48]
 la_data_in[49]
 la_data_in[4]
 la_data_in[50]
 la_data_in[51]
 la_data_in[52]
 la_data_in[53]
 la_data_in[54]
 la_data_in[55]
 la_data_in[56]
 la_data_in[57]
 la_data_in[58]
 la_data_in[59]
 la_data_in[5]
 la_data_in[60]
 la_data_in[61]
 la_data_in[62]
 la_data_in[63]
 la_data_in[64]
 la_data_in[65]
 la_data_in[66]
 la_data_in[67]
 la_data_in[68]
 la_data_in[69]
 la_data_in[6]
 la_data_in[70]
 la_data_in[71]
 la_data_in[72]
 la_data_in[73]
 la_data_in[74]
 la_data_in[75]
 la_data_in[76]
 la_data_in[77]
 la_data_in[78]
 la_data_in[79]
 la_data_in[7]
 la_data_in[80]
 la_data_in[81]
 la_data_in[82]
 la_data_in[83]
 la_data_in[84]
 la_data_in[85]
 la_data_in[86]
 la_data_in[87]
 la_data_in[88]
 la_data_in[89]
 la_data_in[8]
 la_data_in[90]
 la_data_in[91]
 la_data_in[92]
 la_data_in[93]
 la_data_in[94]
 la_data_in[95]
 la_data_in[96]
 la_data_in[97]
 la_data_in[98]
 la_data_in[99]
 la_data_in[9]
 la_oenb[0]
 la_oenb[100]
 la_oenb[101]
 la_oenb[102]
 la_oenb[103]
 la_oenb[104]
 la_oenb[105]
 la_oenb[106]
 la_oenb[107]
 la_oenb[108]
 la_oenb[109]
 la_oenb[10]
 la_oenb[110]
 la_oenb[111]
 la_oenb[112]
 la_oenb[113]
 la_oenb[114]
 la_oenb[115]
 la_oenb[116]
 la_oenb[117]
 la_oenb[118]
 la_oenb[119]
 la_oenb[11]
 la_oenb[120]
 la_oenb[121]
 la_oenb[122]
 la_oenb[123]
 la_oenb[124]
 la_oenb[125]
 la_oenb[126]
 la_oenb[127]
 la_oenb[12]
 la_oenb[13]
 la_oenb[14]
 la_oenb[15]
 la_oenb[16]
 la_oenb[17]
 la_oenb[18]
 la_oenb[19]
 la_oenb[1]
 la_oenb[20]
 la_oenb[21]
 la_oenb[22]
 la_oenb[23]
 la_oenb[24]
 la_oenb[25]
 la_oenb[26]
 la_oenb[27]
 la_oenb[28]
 la_oenb[29]
 la_oenb[2]
 la_oenb[30]
 la_oenb[31]
 la_oenb[32]
 la_oenb[33]
 la_oenb[34]
 la_oenb[35]
 la_oenb[36]
 la_oenb[37]
 la_oenb[38]
 la_oenb[39]
 la_oenb[3]
 la_oenb[40]
 la_oenb[41]
 la_oenb[42]
 la_oenb[43]
 la_oenb[44]
 la_oenb[45]
 la_oenb[46]
 la_oenb[47]
 la_oenb[48]
 la_oenb[49]
 la_oenb[4]
 la_oenb[50]
 la_oenb[51]
 la_oenb[52]
 la_oenb[53]
 la_oenb[54]
 la_oenb[55]
 la_oenb[56]
 la_oenb[57]
 la_oenb[58]
 la_oenb[59]
 la_oenb[5]
 la_oenb[60]
 la_oenb[61]
 la_oenb[62]
 la_oenb[63]
 la_oenb[64]
 la_oenb[65]
 la_oenb[66]
 la_oenb[67]
 la_oenb[68]
 la_oenb[69]
 la_oenb[6]
 la_oenb[70]
 la_oenb[71]
 la_oenb[72]
 la_oenb[73]
 la_oenb[74]
 la_oenb[75]
 la_oenb[76]
 la_oenb[77]
 la_oenb[78]
 la_oenb[79]
 la_oenb[7]
 la_oenb[80]
 la_oenb[81]
 la_oenb[82]
 la_oenb[83]
 la_oenb[84]
 la_oenb[85]
 la_oenb[86]
 la_oenb[87]
 la_oenb[88]
 la_oenb[89]
 la_oenb[8]
 la_oenb[90]
 la_oenb[91]
 la_oenb[92]
 la_oenb[93]
 la_oenb[94]
 la_oenb[95]
 la_oenb[96]
 la_oenb[97]
 la_oenb[98]
 la_oenb[99]
 la_oenb[9]
 user_clock2
 wbs_dat_i[20]
 wbs_dat_i[21]
 wbs_dat_i[22]
 wbs_dat_i[23]
 wbs_dat_i[24]
 wbs_dat_i[25]
 wbs_dat_i[26]
 wbs_dat_i[27]
 wbs_dat_i[28]
 wbs_dat_i[29]
 wbs_dat_i[30]
 wbs_dat_i[31]
 wbs_sel_i[0]
 wbs_sel_i[1]
 wbs_sel_i[2]
 wbs_sel_i[3]
 clkload0/X
 clkload1/Y
 clkload10/Y
 clkload100/X
 clkload101/Y
 clkload102/X
 clkload103/Y
 clkload104/X
 clkload105/X
 clkload106/X
 clkload107/X
 clkload108/Y
 clkload109/X
 clkload11/X
 clkload110/Y
 clkload111/X
 clkload112/X
 clkload113/X
 clkload114/X
 clkload115/X
 clkload116/X
 clkload117/X
 clkload118/X
 clkload119/X
 clkload12/Y
 clkload120/X
 clkload121/Y
 clkload122/Y
 clkload123/Y
 clkload124/X
 clkload125/Y
 clkload126/X
 clkload127/Y
 clkload128/Y
 clkload129/X
 clkload13/Y
 clkload130/X
 clkload131/X
 clkload132/X
 clkload133/Y
 clkload134/X
 clkload135/X
 clkload136/X
 clkload137/X
 clkload138/X
 clkload139/Y
 clkload14/Y
 clkload140/X
 clkload141/X
 clkload142/X
 clkload143/X
 clkload144/X
 clkload145/X
 clkload146/X
 clkload147/X
 clkload148/X
 clkload149/X
 clkload15/X
 clkload150/X
 clkload151/X
 clkload152/X
 clkload153/X
 clkload154/Y
 clkload155/X
 clkload156/X
 clkload157/X
 clkload158/X
 clkload159/X
 clkload16/Y
 clkload160/X
 clkload161/X
 clkload162/Y
 clkload163/X
 clkload164/X
 clkload165/X
 clkload166/Y
 clkload167/Y
 clkload168/X
 clkload169/X
 clkload17/Y
 clkload170/X
 clkload171/X
 clkload172/X
 clkload173/X
 clkload174/X
 clkload175/X
 clkload176/X
 clkload177/X
 clkload178/X
 clkload179/X
 clkload18/Y
 clkload180/X
 clkload181/X
 clkload182/X
 clkload183/X
 clkload184/Y
 clkload185/X
 clkload186/X
 clkload187/X
 clkload188/X
 clkload189/Y
 clkload19/Y
 clkload190/X
 clkload191/Y
 clkload192/X
 clkload193/X
 clkload194/X
 clkload195/X
 clkload196/X
 clkload197/Y
 clkload198/X
 clkload199/Y
 clkload2/Y
 clkload20/X
 clkload200/X
 clkload201/X
 clkload202/X
 clkload203/Y
 clkload204/X
 clkload205/Y
 clkload206/Y
 clkload207/Y
 clkload208/Y
 clkload209/Y
 clkload21/Y
 clkload210/Y
 clkload211/Y
 clkload212/X
 clkload213/X
 clkload214/X
 clkload215/X
 clkload216/Y
 clkload217/Y
 clkload218/Y
 clkload219/X
 clkload22/Y
 clkload220/Y
 clkload221/X
 clkload222/X
 clkload223/X
 clkload224/Y
 clkload225/X
 clkload226/Y
 clkload227/Y
 clkload228/X
 clkload229/X
 clkload23/Y
 clkload230/Y
 clkload231/X
 clkload232/Y
 clkload233/X
 clkload234/X
 clkload235/Y
 clkload236/Y
 clkload237/X
 clkload238/Y
 clkload239/X
 clkload24/Y
 clkload240/X
 clkload241/X
 clkload242/X
 clkload243/X
 clkload244/X
 clkload245/X
 clkload246/Y
 clkload247/X
 clkload248/X
 clkload249/X
 clkload25/Y
 clkload250/Y
 clkload251/Y
 clkload252/X
 clkload253/Y
 clkload254/X
 clkload255/X
 clkload256/X
 clkload257/X
 clkload258/X
 clkload259/X
 clkload26/Y
 clkload260/X
 clkload261/X
 clkload262/X
 clkload263/X
 clkload264/X
 clkload265/X
 clkload266/X
 clkload267/X
 clkload268/X
 clkload269/X
 clkload27/X
 clkload270/X
 clkload271/X
 clkload272/X
 clkload273/X
 clkload274/Y
 clkload275/Y
 clkload276/X
 clkload277/X
 clkload278/Y
 clkload279/X
 clkload28/Y
 clkload280/X
 clkload281/X
 clkload282/X
 clkload283/X
 clkload284/X
 clkload285/X
 clkload286/X
 clkload287/X
 clkload288/X
 clkload289/Y
 clkload29/Y
 clkload290/X
 clkload291/X
 clkload292/Y
 clkload293/X
 clkload294/X
 clkload295/X
 clkload296/X
 clkload297/X
 clkload298/X
 clkload299/X
 clkload3/X
 clkload30/Y
 clkload300/Y
 clkload301/Y
 clkload302/Y
 clkload303/Y
 clkload304/Y
 clkload305/Y
 clkload306/X
 clkload307/Y
 clkload308/X
 clkload309/X
 clkload31/Y
 clkload310/X
 clkload311/Y
 clkload312/X
 clkload313/X
 clkload314/X
 clkload315/X
 clkload316/X
 clkload317/X
 clkload318/X
 clkload319/X
 clkload32/Y
 clkload320/Y
 clkload321/X
 clkload322/X
 clkload323/X
 clkload324/X
 clkload325/X
 clkload326/X
 clkload327/X
 clkload328/X
 clkload329/X
 clkload33/Y
 clkload330/X
 clkload331/X
 clkload332/X
 clkload333/X
 clkload334/X
 clkload335/X
 clkload336/X
 clkload337/X
 clkload338/X
 clkload339/X
 clkload34/Y
 clkload340/X
 clkload341/Y
 clkload342/X
 clkload343/X
 clkload344/Y
 clkload345/Y
 clkload346/X
 clkload347/X
 clkload348/X
 clkload349/Y
 clkload35/Y
 clkload350/X
 clkload351/X
 clkload352/X
 clkload353/X
 clkload354/X
 clkload355/X
 clkload356/X
 clkload357/X
 clkload358/X
 clkload359/X
 clkload36/Y
 clkload360/Y
 clkload361/X
 clkload362/Y
 clkload363/X
 clkload364/X
 clkload365/X
 clkload366/Y
 clkload367/Y
 clkload368/Y
 clkload369/Y
 clkload37/Y
 clkload370/Y
 clkload371/Y
 clkload372/Y
 clkload373/X
 clkload374/Y
 clkload375/Y
 clkload376/X
 clkload377/Y
 clkload378/X
 clkload379/X
 clkload38/Y
 clkload380/X
 clkload381/Y
 clkload382/Y
 clkload383/X
 clkload384/X
 clkload385/X
 clkload386/Y
 clkload387/X
 clkload388/X
 clkload389/X
 clkload39/Y
 clkload390/X
 clkload391/X
 clkload392/X
 clkload393/X
 clkload394/X
 clkload395/X
 clkload396/X
 clkload397/X
 clkload398/X
 clkload399/X
 clkload4/Y
 clkload40/Y
 clkload400/X
 clkload401/X
 clkload402/X
 clkload403/X
 clkload404/X
 clkload405/X
 clkload406/X
 clkload407/X
 clkload408/X
 clkload409/Y
 clkload41/Y
 clkload410/Y
 clkload411/Y
 clkload412/X
 clkload413/X
 clkload414/X
 clkload415/X
 clkload416/X
 clkload417/X
 clkload418/X
 clkload419/X
 clkload42/Y
 clkload420/X
 clkload421/X
 clkload422/X
 clkload423/X
 clkload424/X
 clkload425/X
 clkload426/X
 clkload427/X
 clkload428/X
 clkload429/X
 clkload43/Y
 clkload430/X
 clkload431/X
 clkload432/Y
 clkload433/X
 clkload434/X
 clkload435/Y
 clkload436/Y
 clkload437/Y
 clkload438/Y
 clkload439/X
 clkload44/X
 clkload440/Y
 clkload441/X
 clkload442/X
 clkload443/X
 clkload444/X
 clkload445/Y
 clkload446/X
 clkload447/X
 clkload448/Y
 clkload449/X
 clkload45/Y
 clkload450/X
 clkload451/Y
 clkload452/X
 clkload453/X
 clkload454/Y
 clkload455/X
 clkload456/Y
 clkload457/Y
 clkload458/X
 clkload459/Y
 clkload46/X
 clkload460/X
 clkload461/Y
 clkload462/X
 clkload463/X
 clkload464/X
 clkload465/X
 clkload466/Y
 clkload467/X
 clkload468/X
 clkload469/X
 clkload47/Y
 clkload470/X
 clkload471/X
 clkload472/X
 clkload473/X
 clkload474/X
 clkload475/X
 clkload476/Y
 clkload477/Y
 clkload478/X
 clkload479/Y
 clkload48/X
 clkload480/X
 clkload481/Y
 clkload482/Y
 clkload483/Y
 clkload484/Y
 clkload485/X
 clkload486/Y
 clkload487/X
 clkload488/Y
 clkload489/X
 clkload49/X
 clkload490/Y
 clkload491/Y
 clkload492/X
 clkload493/X
 clkload494/Y
 clkload495/X
 clkload496/Y
 clkload497/X
 clkload498/Y
 clkload499/Y
 clkload5/X
 clkload50/X
 clkload500/X
 clkload501/Y
 clkload502/Y
 clkload503/X
 clkload504/X
 clkload505/X
 clkload506/X
 clkload507/X
 clkload508/X
 clkload509/Y
 clkload51/X
 clkload510/X
 clkload511/X
 clkload512/X
 clkload513/X
 clkload514/X
 clkload515/X
 clkload516/X
 clkload517/X
 clkload518/X
 clkload519/X
 clkload52/Y
 clkload520/Y
 clkload521/Y
 clkload522/X
 clkload523/X
 clkload524/X
 clkload525/X
 clkload526/X
 clkload527/X
 clkload528/X
 clkload529/X
 clkload53/Y
 clkload530/X
 clkload531/X
 clkload532/X
 clkload533/X
 clkload534/Y
 clkload535/X
 clkload536/X
 clkload537/X
 clkload538/X
 clkload539/X
 clkload54/X
 clkload540/X
 clkload541/X
 clkload542/X
 clkload543/X
 clkload544/X
 clkload545/X
 clkload546/X
 clkload547/Y
 clkload548/X
 clkload549/X
 clkload55/X
 clkload550/Y
 clkload551/X
 clkload552/X
 clkload553/X
 clkload554/X
 clkload555/Y
 clkload556/X
 clkload557/X
 clkload558/Y
 clkload559/Y
 clkload56/Y
 clkload560/X
 clkload561/Y
 clkload562/X
 clkload563/Y
 clkload564/X
 clkload565/X
 clkload566/X
 clkload567/X
 clkload568/X
 clkload569/X
 clkload57/Y
 clkload570/X
 clkload571/Y
 clkload572/X
 clkload573/X
 clkload574/Y
 clkload575/X
 clkload576/Y
 clkload577/Y
 clkload578/Y
 clkload579/Y
 clkload58/Y
 clkload580/X
 clkload581/Y
 clkload582/Y
 clkload583/Y
 clkload584/X
 clkload585/X
 clkload586/Y
 clkload587/X
 clkload588/Y
 clkload589/X
 clkload59/Y
 clkload590/Y
 clkload591/X
 clkload592/X
 clkload593/Y
 clkload594/X
 clkload595/X
 clkload596/X
 clkload597/X
 clkload598/X
 clkload599/X
 clkload6/Y
 clkload60/Y
 clkload600/X
 clkload601/X
 clkload602/X
 clkload603/X
 clkload604/X
 clkload605/X
 clkload606/X
 clkload607/X
 clkload608/Y
 clkload609/Y
 clkload61/Y
 clkload610/X
 clkload611/Y
 clkload612/X
 clkload613/X
 clkload614/X
 clkload615/Y
 clkload616/X
 clkload617/Y
 clkload618/X
 clkload619/X
 clkload62/X
 clkload620/X
 clkload621/X
 clkload622/Y
 clkload623/X
 clkload624/X
 clkload625/Y
 clkload626/X
 clkload627/X
 clkload628/Y
 clkload629/X
 clkload63/Y
 clkload630/X
 clkload631/Y
 clkload632/Y
 clkload633/Y
 clkload634/Y
 clkload635/X
 clkload636/Y
 clkload637/X
 clkload638/X
 clkload639/X
 clkload64/Y
 clkload640/Y
 clkload641/Y
 clkload642/X
 clkload643/Y
 clkload644/X
 clkload645/X
 clkload646/X
 clkload647/X
 clkload648/X
 clkload649/X
 clkload65/Y
 clkload650/X
 clkload651/X
 clkload652/X
 clkload653/X
 clkload654/Y
 clkload655/X
 clkload656/Y
 clkload657/X
 clkload658/X
 clkload659/X
 clkload66/Y
 clkload660/Y
 clkload661/X
 clkload662/Y
 clkload663/X
 clkload664/X
 clkload665/Y
 clkload666/X
 clkload667/X
 clkload668/X
 clkload669/X
 clkload67/Y
 clkload670/Y
 clkload671/X
 clkload672/X
 clkload673/Y
 clkload674/X
 clkload675/Y
 clkload676/X
 clkload677/Y
 clkload678/Y
 clkload679/X
 clkload68/Y
 clkload680/Y
 clkload681/X
 clkload682/X
 clkload683/Y
 clkload684/X
 clkload685/X
 clkload686/Y
 clkload687/Y
 clkload688/X
 clkload689/Y
 clkload69/Y
 clkload690/Y
 clkload691/Y
 clkload692/Y
 clkload693/X
 clkload694/Y
 clkload695/X
 clkload696/X
 clkload697/X
 clkload698/X
 clkload699/X
 clkload7/Y
 clkload70/Y
 clkload700/X
 clkload701/X
 clkload702/Y
 clkload703/X
 clkload704/X
 clkload705/X
 clkload706/X
 clkload707/X
 clkload708/X
 clkload709/Y
 clkload71/Y
 clkload710/X
 clkload711/X
 clkload712/Y
 clkload713/X
 clkload714/X
 clkload715/X
 clkload716/X
 clkload717/X
 clkload718/Y
 clkload719/Y
 clkload72/Y
 clkload720/X
 clkload721/Y
 clkload722/Y
 clkload723/Y
 clkload724/X
 clkload725/Y
 clkload726/X
 clkload727/X
 clkload728/Y
 clkload729/X
 clkload73/Y
 clkload730/X
 clkload731/X
 clkload732/X
 clkload733/X
 clkload734/X
 clkload735/Y
 clkload736/X
 clkload737/X
 clkload738/X
 clkload739/Y
 clkload74/Y
 clkload740/X
 clkload741/X
 clkload742/X
 clkload743/X
 clkload744/X
 clkload745/X
 clkload746/X
 clkload747/X
 clkload748/X
 clkload749/Y
 clkload75/Y
 clkload750/Y
 clkload751/X
 clkload752/X
 clkload753/X
 clkload754/Y
 clkload755/X
 clkload756/X
 clkload757/X
 clkload758/X
 clkload759/X
 clkload76/Y
 clkload760/X
 clkload761/X
 clkload762/X
 clkload763/X
 clkload764/X
 clkload765/Y
 clkload766/X
 clkload767/X
 clkload768/X
 clkload769/X
 clkload77/Y
 clkload770/X
 clkload771/X
 clkload772/X
 clkload773/X
 clkload774/Y
 clkload775/Y
 clkload776/Y
 clkload777/Y
 clkload778/Y
 clkload779/X
 clkload78/Y
 clkload780/X
 clkload781/X
 clkload782/X
 clkload783/X
 clkload784/X
 clkload785/X
 clkload786/X
 clkload787/X
 clkload788/X
 clkload789/X
 clkload79/Y
 clkload790/X
 clkload791/X
 clkload792/X
 clkload793/X
 clkload794/Y
 clkload795/Y
 clkload796/Y
 clkload797/Y
 clkload798/X
 clkload799/X
 clkload8/Y
 clkload80/Y
 clkload800/X
 clkload801/X
 clkload802/X
 clkload803/X
 clkload804/X
 clkload805/X
 clkload806/X
 clkload807/X
 clkload808/X
 clkload809/X
 clkload81/Y
 clkload810/X
 clkload811/X
 clkload812/X
 clkload813/X
 clkload814/X
 clkload815/X
 clkload816/X
 clkload817/Y
 clkload818/Y
 clkload819/Y
 clkload82/Y
 clkload820/Y
 clkload821/Y
 clkload822/Y
 clkload823/Y
 clkload824/Y
 clkload825/X
 clkload826/Y
 clkload827/X
 clkload828/Y
 clkload829/X
 clkload83/Y
 clkload830/X
 clkload831/Y
 clkload832/X
 clkload833/X
 clkload834/X
 clkload835/X
 clkload836/X
 clkload837/X
 clkload838/X
 clkload839/Y
 clkload84/Y
 clkload840/Y
 clkload841/X
 clkload842/Y
 clkload843/Y
 clkload844/X
 clkload845/Y
 clkload846/X
 clkload847/X
 clkload848/Y
 clkload849/Y
 clkload85/X
 clkload850/X
 clkload851/X
 clkload852/X
 clkload853/X
 clkload854/Y
 clkload855/X
 clkload856/Y
 clkload857/X
 clkload858/Y
 clkload859/X
 clkload86/Y
 clkload860/Y
 clkload861/X
 clkload862/X
 clkload863/X
 clkload864/X
 clkload865/X
 clkload866/X
 clkload867/X
 clkload868/X
 clkload869/X
 clkload87/X
 clkload870/X
 clkload871/X
 clkload872/X
 clkload873/Y
 clkload874/Y
 clkload875/X
 clkload876/Y
 clkload877/Y
 clkload878/X
 clkload879/Y
 clkload88/X
 clkload880/X
 clkload881/X
 clkload882/X
 clkload883/X
 clkload884/X
 clkload885/Y
 clkload886/Y
 clkload887/Y
 clkload888/X
 clkload889/X
 clkload89/Y
 clkload890/X
 clkload891/Y
 clkload892/X
 clkload893/X
 clkload894/X
 clkload895/X
 clkload896/X
 clkload897/X
 clkload898/X
 clkload899/X
 clkload9/X
 clkload90/Y
 clkload900/X
 clkload901/X
 clkload902/X
 clkload903/X
 clkload904/X
 clkload905/X
 clkload906/X
 clkload907/X
 clkload908/X
 clkload909/X
 clkload91/X
 clkload910/X
 clkload911/X
 clkload912/X
 clkload913/Y
 clkload914/X
 clkload915/Y
 clkload916/X
 clkload917/X
 clkload918/X
 clkload919/X
 clkload92/X
 clkload920/X
 clkload921/Y
 clkload922/X
 clkload923/X
 clkload924/X
 clkload925/Y
 clkload926/X
 clkload927/X
 clkload928/X
 clkload929/Y
 clkload93/Y
 clkload94/Y
 clkload95/X
 clkload96/Y
 clkload97/Y
 clkload98/X
 clkload99/Y
 user_project_wrapper_2672/HI
 user_project_wrapper_2673/HI
 user_project_wrapper_2674/HI
 user_project_wrapper_2675/HI
 user_project_wrapper_2676/HI
 user_project_wrapper_2677/HI
 user_project_wrapper_2678/HI
 user_project_wrapper_2679/HI
 user_project_wrapper_2680/HI
 user_project_wrapper_2681/HI
 user_project_wrapper_2682/HI
 user_project_wrapper_2683/HI
 user_project_wrapper_2684/HI
 user_project_wrapper_2685/HI
 user_project_wrapper_2686/HI
 user_project_wrapper_2687/HI
 user_project_wrapper_2688/HI
 user_project_wrapper_2689/HI
 user_project_wrapper_2690/HI
 user_project_wrapper_2691/HI
 user_project_wrapper_2692/HI
 user_project_wrapper_2693/HI
 user_project_wrapper_2694/HI
 user_project_wrapper_2695/HI
 user_project_wrapper_2696/HI
 user_project_wrapper_2697/HI
 user_project_wrapper_2698/HI
 user_project_wrapper_2699/HI
 user_project_wrapper_2700/HI
 user_project_wrapper_2701/HI
 user_project_wrapper_2702/HI
 user_project_wrapper_2703/HI
 user_project_wrapper_2704/HI
 user_project_wrapper_2705/HI
 user_project_wrapper_2706/HI
 user_project_wrapper_2707/HI
 user_project_wrapper_2708/HI
 user_project_wrapper_2709/HI
 user_project_wrapper_2710/HI
 user_project_wrapper_2711/HI
 user_project_wrapper_2712/HI
 user_project_wrapper_2713/HI
 user_project_wrapper_2714/HI
 user_project_wrapper_2715/HI
 user_project_wrapper_2716/HI
 user_project_wrapper_2717/HI
 user_project_wrapper_2718/HI
 user_project_wrapper_2719/HI
 user_project_wrapper_2720/HI
 user_project_wrapper_2721/HI
 user_project_wrapper_2722/HI
 user_project_wrapper_2723/HI
 user_project_wrapper_2724/HI
 user_project_wrapper_2725/HI
 user_project_wrapper_2726/HI
 user_project_wrapper_2727/HI
 user_project_wrapper_2728/HI
 user_project_wrapper_2729/HI
 user_project_wrapper_2730/HI
 user_project_wrapper_2731/HI
 user_project_wrapper_2732/HI
 user_project_wrapper_2733/HI
 user_project_wrapper_2734/HI
 user_project_wrapper_2735/HI
 user_project_wrapper_2736/HI
 user_project_wrapper_2737/HI
 user_project_wrapper_2738/HI
 user_project_wrapper_2739/HI
 user_project_wrapper_2740/HI
 user_project_wrapper_2741/HI
 user_project_wrapper_2742/HI
 user_project_wrapper_2743/HI
 user_project_wrapper_2744/HI
 user_project_wrapper_2745/HI
 user_project_wrapper_2746/HI
 user_project_wrapper_2747/HI
 user_project_wrapper_2748/HI
 user_project_wrapper_2749/HI
 user_project_wrapper_2750/HI
 user_project_wrapper_2751/HI
 user_project_wrapper_2752/HI
 user_project_wrapper_2753/HI
 user_project_wrapper_2754/HI
 user_project_wrapper_2755/HI
 user_project_wrapper_2756/HI
 user_project_wrapper_2757/HI
 user_project_wrapper_2758/HI
 user_project_wrapper_2759/HI
 user_project_wrapper_2760/HI
 user_project_wrapper_2761/HI
 user_project_wrapper_2762/HI
 user_project_wrapper_2763/HI
 user_project_wrapper_2764/HI
 user_project_wrapper_2765/HI
 user_project_wrapper_2766/HI
 user_project_wrapper_2767/HI
 user_project_wrapper_2768/HI
 user_project_wrapper_2769/HI
 user_project_wrapper_2770/HI
 user_project_wrapper_2771/HI
 user_project_wrapper_2772/HI
 user_project_wrapper_2773/HI
 user_project_wrapper_2774/HI
 user_project_wrapper_2775/HI
 user_project_wrapper_2776/HI
 user_project_wrapper_2777/HI
 user_project_wrapper_2778/HI
 user_project_wrapper_2779/HI
 user_project_wrapper_2780/HI
 user_project_wrapper_2781/HI
 user_project_wrapper_2782/HI
 user_project_wrapper_2783/HI
 user_project_wrapper_2784/HI
 user_project_wrapper_2785/HI
 user_project_wrapper_2786/HI
 user_project_wrapper_2787/HI
 user_project_wrapper_2788/HI
 user_project_wrapper_2789/HI
 user_project_wrapper_2790/HI
 user_project_wrapper_2791/HI
 user_project_wrapper_2792/HI
 user_project_wrapper_2793/HI
 user_project_wrapper_2794/HI
 user_project_wrapper_2795/HI
 user_project_wrapper_2796/HI
 user_project_wrapper_2797/HI
 user_project_wrapper_2798/HI
 user_project_wrapper_2799/HI
 user_project_wrapper_2800/HI
 user_project_wrapper_2801/HI
 user_project_wrapper_2802/HI
 user_project_wrapper_2803/HI
 user_project_wrapper_2804/HI
 user_project_wrapper_2805/HI
 user_project_wrapper_2806/HI
 user_project_wrapper_2807/HI
 user_project_wrapper_2808/HI
 user_project_wrapper_2809/HI
 user_project_wrapper_2810/HI
 user_project_wrapper_2811/HI
 user_project_wrapper_2812/HI
 user_project_wrapper_2813/HI
 user_project_wrapper_2814/HI
 user_project_wrapper_2815/HI
 user_project_wrapper_2816/HI
 user_project_wrapper_2817/HI
 user_project_wrapper_2818/HI
 user_project_wrapper_2819/HI
 user_project_wrapper_2820/HI
 user_project_wrapper_2821/HI
 user_project_wrapper_2822/HI
 user_project_wrapper_2823/HI
 user_project_wrapper_2824/HI
 user_project_wrapper_2825/HI
 user_project_wrapper_2826/HI
 user_project_wrapper_2827/HI
 user_project_wrapper_2828/HI
 user_project_wrapper_2829/HI
 user_project_wrapper_2830/HI
 user_project_wrapper_2831/HI
 user_project_wrapper_2832/HI
 user_project_wrapper_2833/HI
 user_project_wrapper_2834/HI
 user_project_wrapper_2835/HI
 user_project_wrapper_2836/HI
 user_project_wrapper_2837/LO
Found 0 partially unannotated drivers.

===========================================================================
max slew violation count 15
max fanout violation count 93
max cap violation count 2
============================================================================

===========================================================================
check_setup -verbose -unconstrained_endpoints -multiple_clock -no_clock -no_input_delay -loops -generated_clocks
===========================================================================
Warning: There are 68 input ports missing set_input_delay.
  analog_io[0]
  analog_io[10]
  analog_io[11]
  analog_io[12]
  analog_io[13]
  analog_io[14]
  analog_io[15]
  analog_io[16]
  analog_io[17]
  analog_io[18]
  analog_io[19]
  analog_io[1]
  analog_io[20]
  analog_io[21]
  analog_io[22]
  analog_io[23]
  analog_io[24]
  analog_io[25]
  analog_io[26]
  analog_io[27]
  analog_io[28]
  analog_io[2]
  analog_io[3]
  analog_io[4]
  analog_io[5]
  analog_io[6]
  analog_io[7]
  analog_io[8]
  analog_io[9]
  io_in[0]
  io_in[10]
  io_in[11]
  io_in[12]
  io_in[13]
  io_in[14]
  io_in[15]
  io_in[16]
  io_in[17]
  io_in[18]
  io_in[19]
  io_in[1]
  io_in[20]
  io_in[21]
  io_in[22]
  io_in[23]
  io_in[24]
  io_in[25]
  io_in[26]
  io_in[27]
  io_in[28]
  io_in[29]
  io_in[2]
  io_in[30]
  io_in[31]
  io_in[32]
  io_in[33]
  io_in[34]
  io_in[35]
  io_in[36]
  io_in[37]
  io_in[3]
  io_in[4]
  io_in[5]
  io_in[6]
  io_in[7]
  io_in[8]
  io_in[9]
  user_clock2
Warning: There are 236 unconstrained endpoints.
  analog_io[0]
  analog_io[10]
  analog_io[11]
  analog_io[12]
  analog_io[13]
  analog_io[14]
  analog_io[15]
  analog_io[16]
  analog_io[17]
  analog_io[18]
  analog_io[19]
  analog_io[1]
  analog_io[20]
  analog_io[21]
  analog_io[22]
  analog_io[23]
  analog_io[24]
  analog_io[25]
  analog_io[26]
  analog_io[27]
  analog_io[28]
  analog_io[2]
  analog_io[3]
  analog_io[4]
  analog_io[5]
  analog_io[6]
  analog_io[7]
  analog_io[8]
  analog_io[9]
  io_oeb[0]
  io_oeb[10]
  io_oeb[11]
  io_oeb[12]
  io_oeb[13]
  io_oeb[14]
  io_oeb[15]
  io_oeb[16]
  io_oeb[17]
  io_oeb[18]
  io_oeb[19]
  io_oeb[1]
  io_oeb[20]
  io_oeb[21]
  io_oeb[22]
  io_oeb[23]
  io_oeb[24]
  io_oeb[25]
  io_oeb[26]
  io_oeb[27]
  io_oeb[28]
  io_oeb[29]
  io_oeb[2]
  io_oeb[30]
  io_oeb[31]
  io_oeb[32]
  io_oeb[33]
  io_oeb[34]
  io_oeb[35]
  io_oeb[36]
  io_oeb[37]
  io_oeb[3]
  io_oeb[4]
  io_oeb[5]
  io_oeb[6]
  io_oeb[7]
  io_oeb[8]
  io_oeb[9]
  io_out[0]
  io_out[10]
  io_out[11]
  io_out[12]
  io_out[13]
  io_out[14]
  io_out[15]
  io_out[16]
  io_out[17]
  io_out[18]
  io_out[19]
  io_out[1]
  io_out[20]
  io_out[21]
  io_out[22]
  io_out[23]
  io_out[24]
  io_out[25]
  io_out[26]
  io_out[27]
  io_out[28]
  io_out[29]
  io_out[2]
  io_out[30]
  io_out[31]
  io_out[32]
  io_out[33]
  io_out[34]
  io_out[35]
  io_out[36]
  io_out[37]
  io_out[3]
  io_out[4]
  io_out[5]
  io_out[6]
  io_out[7]
  io_out[8]
  io_out[9]
  la_data_out[100]
  la_data_out[101]
  la_data_out[102]
  la_data_out[103]
  la_data_out[104]
  la_data_out[105]
  la_data_out[106]
  la_data_out[107]
  la_data_out[108]
  la_data_out[109]
  la_data_out[10]
  la_data_out[110]
  la_data_out[111]
  la_data_out[112]
  la_data_out[113]
  la_data_out[114]
  la_data_out[115]
  la_data_out[116]
  la_data_out[117]
  la_data_out[118]
  la_data_out[119]
  la_data_out[11]
  la_data_out[120]
  la_data_out[121]
  la_data_out[122]
  la_data_out[123]
  la_data_out[124]
  la_data_out[125]
  la_data_out[126]
  la_data_out[127]
  la_data_out[12]
  la_data_out[13]
  la_data_out[14]
  la_data_out[15]
  la_data_out[16]
  la_data_out[17]
  la_data_out[18]
  la_data_out[19]
  la_data_out[1]
  la_data_out[20]
  la_data_out[21]
  la_data_out[22]
  la_data_out[23]
  la_data_out[24]
  la_data_out[25]
  la_data_out[26]
  la_data_out[27]
  la_data_out[28]
  la_data_out[29]
  la_data_out[2]
  la_data_out[30]
  la_data_out[31]
  la_data_out[32]
  la_data_out[33]
  la_data_out[34]
  la_data_out[35]
  la_data_out[36]
  la_data_out[37]
  la_data_out[38]
  la_data_out[39]
  la_data_out[3]
  la_data_out[40]
  la_data_out[41]
  la_data_out[42]
  la_data_out[43]
  la_data_out[44]
  la_data_out[45]
  la_data_out[46]
  la_data_out[47]
  la_data_out[48]
  la_data_out[49]
  la_data_out[4]
  la_data_out[50]
  la_data_out[51]
  la_data_out[52]
  la_data_out[53]
  la_data_out[54]
  la_data_out[55]
  la_data_out[56]
  la_data_out[57]
  la_data_out[58]
  la_data_out[59]
  la_data_out[5]
  la_data_out[60]
  la_data_out[61]
  la_data_out[62]
  la_data_out[63]
  la_data_out[64]
  la_data_out[65]
  la_data_out[66]
  la_data_out[67]
  la_data_out[68]
  la_data_out[69]
  la_data_out[6]
  la_data_out[70]
  la_data_out[71]
  la_data_out[72]
  la_data_out[73]
  la_data_out[74]
  la_data_out[75]
  la_data_out[76]
  la_data_out[77]
  la_data_out[78]
  la_data_out[79]
  la_data_out[7]
  la_data_out[80]
  la_data_out[81]
  la_data_out[82]
  la_data_out[83]
  la_data_out[84]
  la_data_out[85]
  la_data_out[86]
  la_data_out[87]
  la_data_out[88]
  la_data_out[89]
  la_data_out[8]
  la_data_out[90]
  la_data_out[91]
  la_data_out[92]
  la_data_out[93]
  la_data_out[94]
  la_data_out[95]
  la_data_out[96]
  la_data_out[97]
  la_data_out[98]
  la_data_out[99]
  la_data_out[9]
  user_irq[0]
  user_irq[1]
  user_irq[2]
  _25249_/D
