Clock: clk
Sources: wb_clk_i 
Generated: no
Virtual: yes
Propagated: no
Period: 19.000000

===========================================================================
report_clock_properties
============================================================================
Clock                   Period          Waveform
----------------------------------------------------
clk                  19.000000    0.000000  9.500000

===========================================================================
report_clock_latency
============================================================================
Clock clk
rise -> rise
    min     max
4.650000 5.570000 source latency
6.913044         network latency _25011_/CLK
        8.436148 network latency _24929_/CLK
---------------
11.563045 14.006147 latency
        2.443104 skew

fall -> fall
    min     max
4.650000 5.570000 source latency
6.858751         network latency _25011_/CLK
        8.296372 network latency _24929_/CLK
---------------
11.508752 13.866373 latency
        2.357622 skew



===========================================================================
report_clock_min_period
============================================================================
clk period_min = 14.65 fmax = 68.24
