Clock: clk
Sources: wb_clk_i 
Generated: no
Virtual: yes
Propagated: no
Period: 20.000000

===========================================================================
report_clock_properties
============================================================================
Clock                   Period          Waveform
----------------------------------------------------
clk                  20.000000    0.000000 10.000000

===========================================================================
report_clock_latency
============================================================================
Clock clk
rise -> rise
    min     max
4.650000 5.570000 source latency
7.036491         network latency _24347_/CLK
        8.415231 network latency _25662_/CLK
---------------
11.686492 13.985231 latency
        2.298739 skew

fall -> fall
    min     max
4.650000 5.570000 source latency
6.949779         network latency _24347_/CLK
        8.278068 network latency _25662_/CLK
---------------
11.599779 13.848068 latency
        2.248289 skew



===========================================================================
report_clock_min_period
============================================================================
clk period_min = 15.88 fmax = 62.98
