
===========================================================================
 report_power
============================================================================
======================= nom_ss_100C_1v60 Corner ===================================

Group                    Internal    Switching      Leakage        Total
                            Power        Power        Power        Power (Watts)
------------------------------------------------------------------------
Sequential           5.902712e-03 1.699026e-07 6.161838e-05 5.964500e-03  33.6%
Combinational        1.019402e-04 2.615633e-04 1.145145e-04 4.780181e-04   2.7%
Clock                7.282977e-03 4.022969e-03 2.155984e-05 1.132751e-02  63.7%
Macro                0.000000e+00 0.000000e+00 0.000000e+00 0.000000e+00   0.0%
Pad                  0.000000e+00 0.000000e+00 0.000000e+00 0.000000e+00   0.0%
------------------------------------------------------------------------
Total                1.328762e-02 4.284703e-03 1.976637e-04 1.776999e-02 100.0%
                            74.8%        24.1%         1.1%

