Clock: mem_sys_clk
Sources: mem_sys_clk 
Generated: no
Virtual: yes
Propagated: no
Period: 14.000000

===========================================================================
report_clock_properties
============================================================================
Clock                   Period          Waveform
----------------------------------------------------
mem_sys_clk          14.000000    0.000000  7.000000

===========================================================================
report_clock_latency
============================================================================
Clock mem_sys_clk
rise -> rise
    min     max
0.000000 0.000000 source latency
1.063666         network latency _8477_/CLK
        1.371545 network latency _7950_/CLK
---------------
1.063666 1.371545 latency
        0.307879 skew

fall -> fall
    min     max
0.000000 0.000000 source latency
0.943720         network latency _8477_/CLK
        1.206121 network latency _7950_/CLK
---------------
0.943720 1.206121 latency
        0.262402 skew



===========================================================================
report_clock_min_period
============================================================================
mem_sys_clk period_min = 5.04 fmax = 198.28
