
===========================================================================
 report_power
============================================================================
======================= min_tt_025C_1v80 Corner ===================================

Group                    Internal    Switching      Leakage        Total
                            Power        Power        Power        Power (Watts)
------------------------------------------------------------------------
Sequential           5.194024e-03 1.003819e-03 1.123319e-08 6.197855e-03  29.9%
Combinational        6.559683e-03 4.867738e-03 2.918263e-08 1.142745e-02  55.1%
Clock                1.539388e-03 1.567601e-03 2.949911e-09 3.106993e-03  15.0%
Macro                0.000000e+00 0.000000e+00 0.000000e+00 0.000000e+00   0.0%
Pad                  0.000000e+00 0.000000e+00 0.000000e+00 0.000000e+00   0.0%
------------------------------------------------------------------------
Total                1.329307e-02 7.439160e-03 4.336558e-08 2.073228e-02 100.0%
                            64.1%        35.9%         0.0%

