
===========================================================================
 report_power
============================================================================
======================= min_ss_100C_1v60 Corner ===================================

Group                    Internal    Switching      Leakage        Total
                            Power        Power        Power        Power (Watts)
------------------------------------------------------------------------
Sequential           2.015307e-03 1.497375e-04 1.101008e-05 2.176055e-03  34.1%
Combinational        1.041365e-03 1.049037e-03 1.672903e-05 2.107131e-03  33.0%
Clock                1.228667e-03 8.755474e-04 1.839207e-06 2.106054e-03  33.0%
Macro                0.000000e+00 0.000000e+00 0.000000e+00 0.000000e+00   0.0%
Pad                  0.000000e+00 0.000000e+00 0.000000e+00 0.000000e+00   0.0%
------------------------------------------------------------------------
Total                4.285335e-03 2.074322e-03 2.957768e-05 6.389235e-03 100.0%
                            67.1%        32.5%         0.5%

