
===========================================================================
 report_power
============================================================================
======================= nom_ff_n40C_1v95 Corner ===================================

Group                    Internal    Switching      Leakage        Total
                            Power        Power        Power        Power (Watts)
------------------------------------------------------------------------
Sequential           1.160525e-04 3.950556e-06 5.487127e-10 1.200036e-04  24.9%
Combinational        8.539989e-05 1.231550e-04 5.165108e-09 2.085601e-04  43.3%
Clock                9.159699e-05 6.152164e-05 7.648811e-10 1.531194e-04  31.8%
Macro                0.000000e+00 0.000000e+00 0.000000e+00 0.000000e+00   0.0%
Pad                  0.000000e+00 0.000000e+00 0.000000e+00 0.000000e+00   0.0%
------------------------------------------------------------------------
Total                2.930496e-04 1.886272e-04 6.478720e-09 4.816833e-04 100.0%
                            60.8%        39.2%         0.0%

