
===========================================================================
 report_power
============================================================================
======================= nom_tt_025C_1v80 Corner ===================================

Group                    Internal    Switching      Leakage        Total
                            Power        Power        Power        Power (Watts)
------------------------------------------------------------------------
Sequential           8.295256e-04 5.429467e-05 2.468552e-09 8.838227e-04  50.3%
Combinational        1.802230e-04 5.087683e-05 3.889270e-09 2.311037e-04  13.2%
Clock                2.223370e-04 4.183154e-04 1.040967e-09 6.406534e-04  36.5%
Macro                0.000000e+00 0.000000e+00 0.000000e+00 0.000000e+00   0.0%
Pad                  0.000000e+00 0.000000e+00 0.000000e+00 0.000000e+00   0.0%
------------------------------------------------------------------------
Total                1.232087e-03 5.234865e-04 7.398755e-09 1.755581e-03 100.0%
                            70.2%        29.8%         0.0%

